C51 COMPILER V9.60.7.0   KEY                                                               06/03/2026 16:13:01 PAGE 1   


C51 COMPILER V9.60.7.0, COMPILATION OF MODULE KEY
OBJECT MODULE PLACED IN .\Objects\key.obj
COMPILER INVOKED BY: D:\A_microcontroller\C51\BIN\C51.EXE key.c OPTIMIZE(8,SPEED) BROWSE DEBUG OBJECTEXTEND PRINT(.\List
                    -ings\key.lst) TABS(2) OBJECT(.\Objects\key.obj)

line level    source

   1          #include "key.h"  //独立按键
   2          
   3          #define KEY_PRESSED    1  //表示按下
   4          #define KEY_UNPRESSED  0  //表示松开
   5          
   6          #define KEY_TIME_LONG    1000  // 刚好对应你要求的1秒判定，长按时间判定
   7          #define KEY_TIME_REPEAT  200   //连按时的响应间隔
   8          
   9          u8 idata key_flag[KEY_COUNT];  // idata 告诉编译器，
  10          // 把这个数组存放在单片机内部的间接寻址 RAM 区（共 256 字节）。
  11          // KEY_COUNT在key.h中被定义为4，在 idata中存储四个独立按键
  12          u8 key_check(u8 key_n, u8 flag)  //按键检查函数
  13          {
  14   1          if (key_flag[key_n] & flag) {
  15   2              if (flag != KEY_HOLD) key_flag[key_n] &= ~flag; 
  16   2            //&= ~flag（位清零运算），把对应的那个二进制位强行抹成 0
  17   2              return 1;
  18   2          }
  19   1          return 0;
  20   1      }
  21          /*
  22          检测某个独立按键（key_n）是否是某个状态（flag）
  23          
  24          其中用条件运算判断，是的化返回1，表示当前要查询的这个按键确实是推测的状
             -态，
  25          同时将其清零，避免对之后造成干扰
  26          
  27          不符合的话返回0，表明不是推测的状态
  28          */
  29          static u8 key_getState(u8 KEY_n)//静态限定符，防止信息丢失
  30          {
  31   1          if (KEY_n == KEY_1) return (key_1_pin == 0) ? KEY_PRESSED : KEY_UNPRESSED;
  32   1        /*去检测key_1_pin（P3.0引脚）的电平是不是 0 
  33   1          如果是的（等于0），就返回 KEY_PRESSED（按键压下标签） 
  34   1          如果不是（等于1），就返回 KEY_UNPRESSED（按键松开标签） 
  35   1        */
  36   1          if (KEY_n == KEY_2) return (key_2_pin == 0) ? KEY_PRESSED : KEY_UNPRESSED;
  37   1          if (KEY_n == KEY_3) return (key_3_pin == 0) ? KEY_PRESSED : KEY_UNPRESSED;
  38   1          if (KEY_n == KEY_4) return (key_4_pin == 0) ? KEY_PRESSED : KEY_UNPRESSED;
  39   1          return KEY_UNPRESSED;
  40   1        /*
  41   1        最后这一行起到兜底的作用，默默地返回一个 KEY_UNPRESSED（按键松开）
  42   1        从而确保单片机不会因为读到未知状态而引发系统崩溃或误触发开关机。
  43   1        */
  44   1      }
  45          
  46          void key_tick(void)
  47          {
  48   1          static u8 idata currState[KEY_COUNT] = {KEY_UNPRESSED};  
  49   1          //定义当前四个独立按键的状态
  50   1          static u8 idata preState[KEY_COUNT] = {KEY_UNPRESSED};
  51   1          //定义上一时刻四个独立按的状态
  52   1          static u8 idata scan_div = 0;
  53   1          //10ms消抖计时器
C51 COMPILER V9.60.7.0   KEY                                                               06/03/2026 16:13:01 PAGE 2   

  54   1          static u8 idata state[KEY_COUNT] = {0};
  55   1          //记录 4 个按键各自正处于 状态机的第几阶段
  56   1          static u16 idata time_dec[KEY_COUNT] = {0};
  57   1          //4 个按键各自专属的 毫秒级减法倒计时器
  58   1          u8 i;
  59   1          //普通的循环计数变量（没有 static，不需要记忆）
  60   1          for (i = 0; i < KEY_COUNT; i++) {
  61   2              if (time_dec[i] > 0) time_dec[i]--;
  62   2          }//四个独立按键
  63   1      
  64   1          scan_div++;
  65   1          if (scan_div >= 10) // 10ms物理消抖周期
  66   1          {
  67   2              scan_div = 0;
  68   2              for (i = 0; i < KEY_COUNT; i++)
  69   2              {
  70   3                  preState[i] = currState[i];
  71   3                  currState[i] = key_getState(i);
  72   3      
  73   3                  if (currState[i] == KEY_PRESSED) key_flag[i] |= KEY_HOLD;
  74   3                  else key_flag[i] &= ~KEY_HOLD;
  75   3                /*
  76   3                如果发现当前（currState）这一时刻按键是被压下的状态 ，
  77   3                就在它的（key_flag）上标记 KEY_HOLD（按住）
  78   3                否则（说明现在按键是松开的状态） ，
  79   3                就必须立刻去把 KEY_HOLD（按住）的标记给抹除掉 。
  80   3                */
  81   3      
  82   3                  if (currState[i] == KEY_PRESSED && preState[i] == KEY_UNPRESSED) key_flag[i] |= KEY_DOWN;
  83   3                  if (currState[i] == KEY_UNPRESSED && preState[i] == KEY_PRESSED) key_flag[i] |= KEY_UP;
  84   3                      //判断两个10ms内按键的状态是否发生改变
  85   3                  switch (state[i])
  86   3                  {//最终确定每个独立按键的状态
  87   4                      case 0:
  88   4                          if (currState[i] == KEY_PRESSED) { time_dec[i] = KEY_TIME_LONG; state[i] = 1; }
  89   4                          break;
  90   4                      case 1: // 等待长按时间判定
  91   4                          if (currState[i] == KEY_UNPRESSED) { key_flag[i] |= KEY_SINGLE; state[i] = 0; }
  92   4                          else if (time_dec[i] == 0) { key_flag[i] |= KEY_LONG; time_dec[i] = KEY_TIME_REPEAT; s
             -tate[i] = 2; }
  93   4                          break;
  94   4                      case 2: // 长按连发状态
  95   4                          if (currState[i] == KEY_UNPRESSED) { state[i] = 0; }
  96   4                          else if (time_dec[i] == 0) { key_flag[i] |= KEY_REPEAT; time_dec[i] = KEY_TIME_REPEAT;
             - }
  97   4                          break;
  98   4                  }
  99   3              }
 100   2          }
 101   1      }


MODULE INFORMATION:   STATIC OVERLAYABLE
   CODE SIZE        =    378    ----
   CONSTANT SIZE    =   ----    ----
   XDATA SIZE       =   ----    ----
   PDATA SIZE       =   ----    ----
   DATA SIZE        =   ----    ----
   IDATA SIZE       =     25    ----
   BIT SIZE         =   ----    ----
END OF MODULE INFORMATION.


C51 COMPILATION COMPLETE.  0 WARNING(S),  0 ERROR(S)
