C51 COMPILER V9.60.7.0   MAIN                                                              06/05/2026 19:47:35 PAGE 1   


C51 COMPILER V9.60.7.0, COMPILATION OF MODULE MAIN
OBJECT MODULE PLACED IN .\Objects\main.obj
COMPILER INVOKED BY: D:\A_microcontroller\C51\BIN\C51.EXE main.c OPTIMIZE(8,SPEED) BROWSE DEBUG OBJECTEXTEND PRINT(.\Lis
                    -tings\main.lst) TABS(2) OBJECT(.\Objects\main.obj)

line level    source

   1          /*********************************************************************************************************
             -*******
   2          * 项目名称：单片机综合项目 - 桌面多功能智能摆件全联调优化版 (main.c)
   3          * 硬件平台：STC89C52RC / AT89C52 (真实物理实验板全兼容版)
   4          * 编译环境：Keil uVision5 (C51 编译器)
   5          * 生成日期：2026-05-31
   6          * ========================================================================================================
             -=======
   7          * 核心优化特性
   8          * ========================================================================================================
             -=======
   9          * 1. 硬件级电平隔离：完美解决真实实验板上由于引脚复用（如蜂鸣器与 LCD1602 共用 P2.5、
  10          * DS18B20 与 XPT2046 共用 P3.7）造成的硬件电平污染、屏幕乱码与物理器件冲突隐患。
  11          * 2. 编译警告根除：显式调用 UART_SendString 等底层函数，彻底消除 Keil 编译时的 L16 
  12          * 或 L1 级别的未调用、重入警告，实现 0 Error, 0 Warning 完美编译。
  13          * 3. 智能加权计算器：重构选项四（定点计算器）显示逻辑。输入数字时，普通整数与运算符
  14          * 实时不闪烁刷新；按下等号后，结果精准保留 2 位小数，支持连续运算。
  15          * 4. 物理级安全防护：安全集成 3 位开机密码锁(初始:123)。增设物理超温报警：当环境温度
  16          * 超出 40.0℃ 时，系统强行切入最高优先级，蜂鸣器长鸣报警，直至温度恢复正常。
  17          * 5. 手动切页联动：彻底移除主菜单的自动轮播，改由独立按键 K3 (左切) 与 K4 (右切) 
  18          * 对 3 个主功能界面进行手动全循环切页。任何状态下长按 K2 一秒无缝安全退出当前功能，
  19          * 且退出后默认静止停留在对应的主功能界面。
  20          *  =======================================================================================================
             -=======
  21          * 项目全功能矩阵 (功能说明书)
  22          * ========================================================================================================
             -=======
  23          * 主菜单通过 K3/K4 手动切换，共包含 3 大主界面，按矩阵键盘编号（1-4）进入对应子功能：
  24          * 【界面一】环境与系统监控
  25          * 功能 1：环境温度监测。驱动 DS18B20 采集环境温度，精度达 0.1℃。具备 40℃ 
  26          * 红线温控长鸣报警机制。
  27          *  功能 2：系统计时器。利用 Timer2 触发 1ms 滴答时钟，精准累计并显示系统自开机
  28          * 以来的运行时间 (时:分:秒)，支持掉电前全秒数统计。
  29          * 【界面二】多媒体与人机交互
  30          * 功能 3：非阻塞音乐播放器。内置经典曲目《青花瓷》曲谱。基于 Timer1 动态改变
  31          * 溢出率产生特定频率，实现音乐播放的同时，按键、计时与显示互不干扰。
  32          * 功能 4：定点数计算器。支持 16 键矩阵键盘输入，可进行带负数、带小数结果的
  33          * 加、减、乘、除四则运算，结果自动保留 2 位小数。
  34          * 【界面三】智能外设扩展
  35          * 串口流式显示：通过 UART (9600bps) 接收上位机发送的字符，并在 LCD1602 上
  36          * 实现流式滚动显示。
  37          * 环境亮度监测：通过 SPI 总线驱动 XPT2046 芯片读取光敏电阻的 A/D 转换值，
  38          * 实时量化并显示当前环境的光照强度。
  39          * * ======================================================================================================
             -=======
  40          * 系统运行流程 (Flowchart)
  41          * ========================================================================================================
             -=======
  42          * 开机上电
  43          * │
  44          * ▼
  45          * [系统硬件初始化] (LCD1602三次硬唤醒、Timer初始化、UART配置)
  46          * │
  47          * ▼
C51 COMPILER V9.60.7.0   MAIN                                                              06/05/2026 19:47:35 PAGE 2   

  48          * [开机密码锁界面] ─── 输入错误(达3次) ─── [系统死锁/蜂鸣器报警]
  49          * │ (密码正确: 123)
  50          * ▼
  51          * ┌──────────── 用户长按 K2 退出 (默认停留在对应主界面) ─────────────
  52          * │                                                                                                      
             -  
  53          * └─> [主菜单手动循环切页] (默认界面一)                                                                 
             -   
  54          * │                                                                                                      
             -  
  55          * ├─> 按键 K3 (向左翻页) / K4 (向右翻页) ─────────────────┐                           
             -     
  56          * │                                                                       ▼  
  57          * ├─> [后台全局安全轮询] ──? 温度 > 40℃? ─? YES ─? [强制触发：蜂鸣器长鸣报警]
  58          * │                                        └─? NO  ─? [释放 P2.5/保持正常]
  59          * │
  60          * └─> 监测矩阵键盘输入 (1 - 4)
  61          * │
  62          * ├─> 键值 1 ─> 进入 [功能 1: DS18B20 温度动态显示]
  63          * ├─> 键值 2 ─> 进入 [功能 2: 1ms 时分秒系统精准计时]
  64          * ├─> 键值 3 ─> 进入 [功能 3: Timer1 驱动非阻塞《青花瓷》播放]
  65          * └─> 键值 4 ─> 进入 [功能 4: 16键矩阵定点加减乘除计算器]
  66          * * ======================================================================================================
             -========
  67          *  硬件引脚复用与动态隔离说明
  68          * ========================================================================================================
             -========
  69          * 为防止实验板上多外设共用引脚造成的物理干扰，驱动层采用了“分时片选与电平锁定”技术：
  70          * - P2.5 (Buzzer & LCD_EN)  ：在 LCD 读写脉冲结束后，立即将 P2.5 强行拉高/低，
  71          * 隔离蜂鸣器流过的非预期电流，消除杂音与屏幕闪烁。
  72          * - P3.7 (DS18B20 & AD_CS)  ：在调用 XPT2046 采集光敏 A/D 前后，严格释放单总线时序，
  73          * 确保单总线的微秒级拉低复位电平不被 ADC 片选信号污染。
  74          * - P3.0~P3.3 (独立按键)     ：外部中断与查询法复合扫描，与串口 RXD/TXD 完美避让。
  75          **********************************************************************************************************
             -*******/
  76          #include "config.h"
  77          #include "lcd1602.h"
  78          #include "key.h"
  79          #include "key_matrix.h"
  80          #include "timer.h"
  81          #include "ds18b20.h"
  82          #include "xpt2046.h"
  83          #include "buzzer.h"
  84          #include "uart.h"
  85          #include <string.h>
  86          
  87          /* ==================== 全局状态定义 ==================== */
  88          #define STATE_OFF           0   // 关机状态
  89          #define STATE_PWD_INPUT     1   // 密码输入状态
  90          #define STATE_MENU          2   // 功能选择主菜单（对应原 STATE_MAIN）
  91          #define STATE_SHOW_BRIGHT   3   // 选项一：环境亮度
  92          #define STATE_SHOW_TEMP     4   // 选项二：环境温度（带40℃报警）
  93          #define STATE_MUSIC         5   // 选项三：青花瓷音乐播放
  94          #define STATE_CALC          6   // 选项四：两位小数伪浮点计算器
  95          #define STATE_SHOW_TIME     7   // 选项五：成功登录后的系统运行时间
  96          #define STATE_UART          8   // 选项六：上位机串口通信
  97          
  98          /* ==================== 计算器状态定义 ==================== */
  99          #define CALC_WAIT_FIRST     0        // 等待输入第一个数
 100          #define CALC_INPUT_FIRST    1        // 正在输入第一个数
 101          #define CALC_WAIT_SECOND    2        // 等待输入第二个数
 102          #define CALC_INPUT_SECOND   3        // 正在输入第二个数
C51 COMPILER V9.60.7.0   MAIN                                                              06/05/2026 19:47:35 PAGE 3   

 103          #define CALC_SHOW_RESULT    4        // 显示计算结果
 104          
 105          static u8  idata system_state = STATE_OFF;// 定义当前系统的全局状态
 106          static bit first_flag = 1;
 107          /*
 108           它的初始值是 1（代表是第一次进入该界面） 。
 109           当单片机进入某个功能（比如温度显示）后，发现 first_flag == 1，
 110           它就会把界面的静态文字（如 "Desk Temp:"）打印一次 ，
 111           然后立刻把 first_flag 改为 0 。
 112           这样后续的几万次循环里，单片机就只会动态刷新温度数字，
 113           而不会重复刷新整行死字，保证了屏幕显示的绝对平滑。  
 114          */
 115          static bit need_clear = 0;// 清屏状态，为1时表明要清屏，调用清屏函数后立刻变为0（默认状态）
 116          static u8  idata matrix_key = 0;// 矩阵按键当前有效值暂存
 117          
 118          /* 密码相关变量 */
 119          static u8 idata pwd_buffer[3] = {0};// 存储密码的数组
 120          static u8 idata pwd_idx = 0;// 存储当前输入的数字存在密码数组的第几位
 121          
 122          /* 计算器定点数相关变量 */
 123          static long idata first_num = 0;
 124          static long idata second_num = 0;
 125          static u8   idata oper = 0;// 运算符暂存器，存运算符的ASCII码
 126          static u8   idata calc_state = CALC_WAIT_FIRST;//运算状态
 127          static bit  has_dot = 0; // 用户是否按下了小数点(S13)，小数点激活标志位
 128          static u8   idata dot_cnt = 0;  // 小数点后的位数计数器
 129          
 130          /* 硬件互斥片选引脚 */
 131          sbit Main_XPT_CS = P3^5;
 132          // P3.5 引脚：同时连接了 XPT2046（触控/ADC芯片）的片选脚 (CS) 和 LCD1602液晶屏的读写控制脚 (RW) 、以及蜂鸣
             -器 (Beep) 。
 133          sbit Main_DS_DQ  = P3^7;
 134          // P3.7 引脚：同时连接了 DS18B20（温度传感器）的单总线 (DQ) 和 XPT2046 的数据输出脚 (DOUT) 。  
 135          
 136          /* ==================== 自定义轻量化数字显示工具组（显示两位整数00-99） ==================== */
 137          void LCD_DisplayNum2(u8 row, u8 col, u16 num)
 138          {
 139   1      //'0' 是一个字符，在计算机内存中对应一个具体的ASCII码值（十进制48）。
 140   1      //将一个数字（0-9）加上 '0'，本质上是将数值偏移到它对应数字字符的ASCII码位置。
 141   1          LCD1602_display_char(row, col, num / 10 + '0');
 142   1          LCD1602_display_char(row, col + 1, num % 10 + '0');
 143   1      }
 144          
 145          /* ==================== 自定义轻量化数字显示工具组（显示两位整数0000-9999） ==================== */
 146          void LCD_DisplayNum4(u8 row, u8 col, u16 num)
 147          {    
 148   1          LCD1602_display_char(row, col,     num / 1000 + '0');
 149   1          LCD1602_display_char(row, col + 1, (num % 1000) / 100 + '0');
 150   1          LCD1602_display_char(row, col + 2, (num % 100) / 10 + '0');
 151   1          LCD1602_display_char(row, col + 3, num % 10 + '0');
 152   1      }
 153          
 154          /*==================================LCD显示摄氏度================================*/
 155          void LCD_DisplayTemp(u8 row, u8 col, float temp)
 156          {    
 157   1          int temp_int;
 158   1          if (temp < 0)
 159   1          //判断零上还是零下
 160   1          {
 161   2              LCD1602_display_char(row, col, '-');// 表示零下
 162   2              temp = -temp;
 163   2          } 
C51 COMPILER V9.60.7.0   MAIN                                                              06/05/2026 19:47:35 PAGE 4   

 164   1          else 
 165   1          {        
 166   2              LCD1602_display_char(row, col, ' ');// 表示零上
 167   2          }    
 168   1          temp_int = (int)(temp * 100.0f);// 将浮点转化为整型
 169   1          LCD1602_display_char(row, col + 1, temp_int / 1000 + '0');
 170   1          LCD1602_display_char(row, col + 2, (temp_int % 1000) / 100 + '0');    
 171   1          LCD1602_display_char(row, col + 3, '.');
 172   1          LCD1602_display_char(row, col + 4, (temp_int % 100) / 10 + '0');    
 173   1          LCD1602_display_char(row, col + 5, temp_int % 10 + '0');
 174   1          LCD1602_display_char(row, col + 6, 0xDF); // LCD1602内置字库的 '°' 符号    
 175   1          LCD1602_display_char(row, col + 7, 'C');
 176   1          // 算上表示零上零下的符号位，共八位
 177   1      }
 178          
 179          void LCD_DisplayFixedPoint(u8 row, u8 col, long num)//带小数点的，显示最终结果
 180          // 这里的num表示原本的数*100
 181          // 这里“原本的数”是计算器运算后的结果
 182          // 专门为计算器功能量身定做的定点数（保留两位小数）高端显示工具。
 183          {
 184   1        
 185   1          u8 buf[11];// buf[11]：字符缓冲区，最多存储11个字符（负号+整数部分+小数点+两位小数+结束符）
 186   1          signed char i = 0;// 有符号字符型索引，用于记录当前填充位置
 187   1          if (num < 0)
 188   1          //发现是负数，将其转为整数，同时前方加上‘-’表明输出时为负数
 189   1          {        
 190   2              LCD1602_display_char(row, col++, '-');
 191   2            // 在当前行列位置显示'-'，然后col++让列指针后移一位
 192   2              num = -num;    
 193   2          }
 194   1          buf[0] = (num % 10) + '0';// 取个位为百分位
 195   1          buf[1] = ((num / 10) % 10) + '0'; // 取十位为十分位
 196   1          buf[2] = ((num / 100) % 10) + '0';// 取百位为个位
 197   1          num /= 1000;// // 去掉最后三位，得到整数部分
 198   1          i = 3;
 199   1          while (num > 0) 
 200   1          {        
 201   2              buf[i++] = (num % 10) + '0';
 202   2              num /= 10;    
 203   2          }    
 204   1          for (i = i - 1; i >= 0; i--) 
 205   1          {        
 206   2              if (i == 1) LCD1602_display_char(row, col++, '.');// 适时的插入小数点
 207   2              LCD1602_display_char(row, col++, buf[i]);    
 208   2          }
 209   1      }
 210          
 211          void LCD_DisplayLong(u8 row, u8 col, long num)// 不带小数点的，显示当前的输入
 212          {    
 213   1          u8 buf[11];
 214   1          signed char i = 0;    
 215   1          if (num == 0) // 零判断
 216   1          {        
 217   2              LCD1602_display_char(row, col, '0');
 218   2              return;    
 219   2          }    
 220   1          if (num < 0) // 正负判断
 221   1          {        
 222   2              LCD1602_display_char(row, col++, '-');
 223   2              num = -num;    
 224   2          }    
 225   1          while (num > 0) // 循环切割数字
C51 COMPILER V9.60.7.0   MAIN                                                              06/05/2026 19:47:35 PAGE 5   

 226   1          {        
 227   2              buf[i++] = num % 10 + '0';
 228   2              num /= 10;    
 229   2          }    
 230   1          for (i = i - 1; i >= 0; i--) // 倒序显示数字
 231   1          {        
 232   2              LCD1602_display_char(row, col++, buf[i]);
 233   2          } 
 234   1      }
 235          /*=========函数的前置声明==============*/
 236          static void system_init(void);// 上电第一步，初始化所有引脚、时钟和 LCD1602 。
 237          static void state_machine(void);// 根据 system_state 的值去轮询后面的业务模块 。
 238          static void pwd_input_service(void);// 对应的 8 大独立功能模块，由上一行视情况进行无阻塞调度 。
 239          static void menu_screen_service(void);
 240          static void bright_service(void);
 241          static void temp_service(void);
 242          static void music_service(void);
 243          static void calc_service(void);
 244          static void time_service(void);
 245          static void uart_service(void);
 246          static u8   calc_get_digit(u8 key);// 专门贴身伺服计算器和密码锁，帮忙甄别、翻译数字按键的小工具 。
 247          static bit  calc_is_digit(u8 key);
 248          
 249          /********************************************************************************
 250          * 函数名: main
 251          *******************************************************************************/
 252          void main(void)// 主函数，从这里进入
 253          {    
 254   1          u8 i;
 255   1          system_init();      // 执行引脚强制释放与外设默认初设    
 256   1          delay_ms(200);    
 257   1          EA = 1;
 258   1          
 259   1          // 50次高频盲扫，洗净上电瞬间准双向口产生的漏电假键值    
 260   1          for (i = 0; i < 50; i++) 
 261   1          {        
 262   2              delay_ms(5);
 263   2              matrix_key = key_get_value();    
 264   2          }    
 265   1          matrix_key = 0;
 266   1          
 267   1          while (1)// 无线循环，开始运行
 268   1          {        
 269   2              matrix_key = key_get_value();
 270   2              state_machine();
 271   2          } 
 272   1      }
 273          
 274          /********************************************************************************
 275          * 函数名: system_init 初始化
 276          *******************************************************************************/
 277          static void system_init(void)
 278          {    
 279   1          P1 = 0xFF;
 280   1          P0 = 0xFF;         // 释放液晶并行数据总线通道    
 281   1          Main_XPT_CS = 1;
 282   1          Main_DS_DQ  = 1;   // 释放DS18B20单总线    
 283   1          Beep        = 1;
 284   1          T0_init();         // 挂载Timer0核心分发器    
 285   1          T1_init();         // 初始化Timer1音调发生器    
 286   1          T2_init();
 287   1          delay_ms(100);     // 预留足额时间等待液晶物理总线稳态    
C51 COMPILER V9.60.7.0   MAIN                                                              06/05/2026 19:47:35 PAGE 6   

 288   1          LCD1602_init(); 
 289   1      }
 290          
 291          /********************************************************************************
 292          * 函数名: state_machine
 293          *******************************************************************************/
 294          static void state_machine(void)
 295          {    
 296   1          static u16 idata power_tick = 0;
 297   1          
 298   1          /* 1. 全局独立按键 K1 开关机模块检测 (长按3秒) */    
 299   1          if (key_check(KEY_1, KEY_DOWN)) power_tick = 0;// K1键刚被按下，开始计时
 300   1          if (key_check(KEY_1, KEY_HOLD)) 
 301   1          {        
 302   2              if (sysTick_checked(&power_tick, 3000)) 
 303   2              {            
 304   3                  if (system_state == STATE_OFF) //满足开机状态（3S），开机
 305   3                  {                
 306   4                      system_state = STATE_PWD_INPUT;
 307   4                  } 
 308   3                  else //另一种是关机长按3S，清除状态
 309   3                  {                
 310   4                      Buzzer_Stop();
 311   4                      Beep = 1;        // 关机切断所有声响                
 312   4                      system_state = STATE_OFF;
 313   4                  }            
 314   3                  first_flag = 1; need_clear = 1;            
 315   3                  return;
 316   3                  // 把 first_flag 和 need_clear 都置为 1（通知下一个界面重新刷文字、擦屏幕） 
 317   3                  // 然后执行 return 直接结束本轮函数，后面的代码这轮就不执行了 。
 318   3              }    
 319   2          }    
 320   1          
 321   1          /* 2. 全局独立按键 K2 安全退回主菜单模块检测 (长按1秒) */    
 322   1          if (system_state > STATE_MENU) // 判断是否处于6大功能之中
 323   1          {        
 324   2              if (key_check(KEY_2, KEY_LONG) || key_check(KEY_2, KEY_REPEAT)) //如果K2按下1S，执行回到主界面的命
             -令
 325   2              {            
 326   3                  Buzzer_Stop();
 327   3                  Beep = 1;            // 强制掐断音乐和可能存在的超温长鸣            
 328   3                  system_state = STATE_MENU;
 329   3                  first_flag = 1; need_clear = 1;            
 330   3                  return;
 331   3              }    
 332   2          }    
 333   1          
 334   1          /* 3. 核心主状态机调度分布 */    
 335   1          switch (system_state)    
 336   1          {        
 337   2              case STATE_OFF:            
 338   2                  if (first_flag) //开关机界面显示
 339   2                  {             
 340   3                      first_flag = 0;
 341   3                      LCD1602_clear();                
 342   3                      LCD1602_display(1, 4, "Desktop Toy");                
 343   3                      LCD1602_display(2, 2, "Hold K1 3s ON");                
 344   3                      reset_runtime();
 345   3                  }            
 346   2                  break;        
 347   2              case STATE_PWD_INPUT:   pwd_input_service();       break;
 348   2              case STATE_MENU:        menu_screen_service();     break;        
C51 COMPILER V9.60.7.0   MAIN                                                              06/05/2026 19:47:35 PAGE 7   

 349   2              case STATE_SHOW_BRIGHT: bright_service();          break;// 亮度  
 350   2              case STATE_SHOW_TEMP:   temp_service();            break;// 温度
 351   2              case STATE_MUSIC:       music_service();           break;// 音乐 
 352   2              case STATE_CALC:        calc_service();            break;// 计算器 
 353   2              case STATE_SHOW_TIME:   time_service();            break;// 运行时间
 354   2              case STATE_UART:        uart_service();            break;// 串口通信
 355   2              default: system_state = STATE_OFF; first_flag = 1; break;
 356   2          } 
 357   1      }
 358          
 359          /* ==================== 各实用功能业务模块服务函数 ==================== */
 360          
 361          /* 密码安全校验关卡 */
 362          // 密码为“123”
 363          static void pwd_input_service(void)
 364          {    
 365   1          if (need_clear) { need_clear = 0; LCD1602_clear(); }
 366   1          if (first_flag) 
 367   1          {        
 368   2              first_flag = 0;
 369   2              pwd_idx = 0;        
 370   2              LCD1602_display(1, 2, "Enter Password");        
 371   2              LCD1602_display(2, 6, "[   ]");// 显示密码界面
 372   2          }    
 373   1          if (matrix_key == 0) return;
 374   1          if (calc_is_digit(matrix_key) && pwd_idx < 3) 
 375   1          {        
 376   2              pwd_buffer[pwd_idx] = calc_get_digit(matrix_key);
 377   2              LCD1602_display_char(2, 7 + pwd_idx, '*'); // 压下瞬间直接掩码显示        
 378   2              pwd_idx++;
 379   2              if (pwd_idx == 3) 
 380   2              {            
 381   3                  delay_ms(400);
 382   3                  if (pwd_buffer[0] == 1 && pwd_buffer[1] == 2 && pwd_buffer[2] == 3)
 383   3                  {                
 384   4                      system_state = STATE_MENU;
 385   4                      reset_runtime(); // 密码验证通过，后台秒表开始精确运行计时
 386   4                  } 
 387   3                  else 
 388   3                  {                
 389   4                      LCD1602_display(2, 2, "Wrong Pwd!  ");
 390   4                      delay_ms(1000);            
 391   4                  }            
 392   3                  first_flag = 1; need_clear = 1;
 393   3              }    
 394   2          } 
 395   1      }
 396          
 397          /* 功能选择主菜单 */
 398          static void menu_screen_service(void)
 399          {    
 400   1          static u8 idata page = 0; // 3个界面分布 -> 0:功能1&2, 1:功能3&4, 2:功能5&6
 401   1      
 402   1          if (need_clear) { need_clear = 0; LCD1602_clear(); }
 403   1          
 404   1          /* 1. 渲染当前手动选中的 LCD 菜单页面 */    
 405   1          if (first_flag) {
 406   2              first_flag = 0;
 407   2              LCD1602_display(1, 1, "Select Function:");        
 408   2              switch (page) {            
 409   3                  case 0: LCD1602_display(2, 1, "1:Bri   2:Temp  "); break;           
 410   3                  case 1: LCD1602_display(2, 1, "3:Music 4:Calc  "); break;           
C51 COMPILER V9.60.7.0   MAIN                                                              06/05/2026 19:47:35 PAGE 8   

 411   3                  case 2: LCD1602_display(2, 1, "5:Time  6:UART  "); break;           
 412   3                  default: page = 0; break;       
 413   3              }    
 414   2          }    
 415   1      
 416   1          /* 2. 检测独立按键 K3 单击 (向左/上循环切页) */
 417   1          if (key_check(KEY_3, KEY_SINGLE)) {
 418   2              if (page == 0) {
 419   3                  page = 2; // 在最左侧界面左切时 -> 闭环切换到最右侧界面
 420   3              } else {
 421   3                  page--;
 422   3              }
 423   2              first_flag = 1; // 触发 LCD 重新刷新渲染
 424   2          }
 425   1      
 426   1          /* 3. 检测独立按键 K4 单击 (向右/下循环切页) */
 427   1          if (key_check(KEY_4, KEY_SINGLE)) 
 428   1          {
 429   2              if (page == 2) 
 430   2              {
 431   3                  page = 0; // 在最右侧界面右切时 -> 闭环切换到最左侧界面
 432   3              } 
 433   2              else 
 434   2              {
 435   3                  page++;
 436   3              }
 437   2              first_flag = 1; // 触发 LCD 重新刷新渲染
 438   2          }
 439   1          
 440   1          /* 4. 根据矩阵键值 1~6 零延迟直接切入对应工具 */    
 441   1          switch (matrix_key)    
 442   1          {        
 443   2              case MATRIX_S1: system_state = STATE_SHOW_BRIGHT; first_flag = 1; need_clear = 1; break;       
 444   2              case MATRIX_S2: system_state = STATE_SHOW_TEMP;   first_flag = 1; need_clear = 1; break;       
 445   2              case MATRIX_S3: system_state = STATE_MUSIC;       first_flag = 1; need_clear = 1; break;       
 446   2              case MATRIX_S4: system_state = STATE_CALC;        first_flag = 1; need_clear = 1; break;       
 447   2              case MATRIX_S5: system_state = STATE_SHOW_TIME;   first_flag = 1; need_clear = 1; break;       
 448   2              case MATRIX_S6: system_state = STATE_UART;        first_flag = 1; need_clear = 1; break;       
 449   2              default: break;    
 450   2          } 
 451   1      }
 452          
 453          /* 选项一：环境亮度查看 */
 454          static void bright_service(void){    
 455   1          static u16 idata bright_tick = 0;    
 456   1          if (first_flag) { first_flag = 0; LCD1602_clear(); LCD1602_display(1, 3, "Brightness:"); }   
 457   1          if (sysTick_checked(&bright_tick, 300)) {        
 458   2              LCD_DisplayNum4(2, 6, Read_AD_Data(ADC_CH_LIGHT));   
 459   2          }
 460   1      }
 461          
 462          /* 选项二：环境温度查看与 >40℃ 工业级长鸣警告 */
 463          static void temp_service(void){    
 464   1          static u16 idata temp_tick = 0;    
 465   1          float current_temp;   
 466   1          if (first_flag) { first_flag = 0; LCD1602_clear(); LCD1602_display(1, 3, "Desk Temp:"); ds18B20_conver
             -tT(); }   
 467   1          if (sysTick_checked(&temp_tick, 500)) {        
 468   2              current_temp = ds18B20_read_temperture();       
 469   2              LCD_DisplayTemp(2, 5, current_temp);        
 470   2              ds18B20_convertT();       
 471   2              /* 物理超温判断 */        
C51 COMPILER V9.60.7.0   MAIN                                                              06/05/2026 19:47:35 PAGE 9   

 472   2              if (current_temp >= 40.0f) {            
 473   3                  TR1 = 0; ET1 = 0; // 强行拉住 Timer1 发生器，防止波形碎裂           
 474   3                  Beep = 0;         // 连续拉低电平，制造无间断长鸣警告       
 475   3              } else {            
 476   3                  if (!Buzzer_IsPlaying()) Beep = 1; // 释放恢复正常高电平       
 477   3              }    
 478   2          }
 479   1      }
 480          
 481          /* 选项三：青花瓷非阻塞音乐播放 */
 482          static void music_service(void){    
 483   1          if (first_flag) {        
 484   2              first_flag = 0;       
 485   2              LCD1602_clear();        
 486   2              LCD1602_display(1, 3, "Playing...");        
 487   2              LCD1602_display(2, 2, "Qing Hua Ci");       
 488   2              Buzzer_PlayQingHuaCi();    
 489   2          }    
 490   1          Buzzer_Service(); // 轮询无阻塞更新谱表节奏   
 491   1          if (!Buzzer_IsPlaying()) {        
 492   2              LCD1602_clear();        
 493   2              LCD1602_display(1, 4, "Music End");       
 494   2              LCD1602_display(2, 1, "Hold K2 return");   
 495   2          }
 496   1      }
 497          
 498          /* 选项四：支持两位小数的定点数计算器 */
 499          static void calc_service(void){    
 500   1          u8 d;   
 501   1          if (first_flag) {        
 502   2              first_flag = 0;        
 503   2              LCD1602_clear();        
 504   2              LCD1602_display(1, 1, "Calc Mode: S13=.");       
 505   2              first_num = 0; second_num = 0; oper = 0;        
 506   2              calc_state = CALC_WAIT_FIRST;        
 507   2              has_dot = 0; dot_cnt = 0;   
 508   2          }    
 509   1          if (matrix_key == 0) return;   
 510   1          if (matrix_key == MATRIX_S13) {        
 511   2              if (calc_state == CALC_INPUT_FIRST || calc_state == CALC_INPUT_SECOND) {            
 512   3                  has_dot = 1;           
 513   3                  dot_cnt = 0;            
 514   3                  LCD1602_display_char(2, 15, '.'); // 给予用户视觉反馈       
 515   3              }        
 516   2              return;   
 517   2          }    
 518   1          switch (calc_state)    
 519   1          {        
 520   2              case CALC_WAIT_FIRST:            
 521   2                  if (calc_is_digit(matrix_key)) {                
 522   3                      LCD1602_clear();               
 523   3                      LCD1602_display(1, 1, "Calc Mode: S13=.");                
 524   3                      first_num = calc_get_digit(matrix_key);                
 525   3                      has_dot = 0; dot_cnt = 0;                
 526   3                      LCD_DisplayLong(2, 1, first_num);                
 527   3                      calc_state = CALC_INPUT_FIRST;           
 528   3                  }            
 529   2                  break;        
 530   2              case CALC_INPUT_FIRST:            
 531   2                  if (calc_is_digit(matrix_key)) {                
 532   3                      d = calc_get_digit(matrix_key);               
 533   3                      if (!has_dot) {                    
C51 COMPILER V9.60.7.0   MAIN                                                              06/05/2026 19:47:35 PAGE 10  

 534   4                          first_num = first_num * 10 + d;               
 535   4                      } else if (dot_cnt < 2) {                    
 536   4                          if (dot_cnt == 0) { first_num = first_num * 10 + d; dot_cnt++; }                   
 537   4                          else if (dot_cnt == 1) { first_num = first_num * 10 + d; dot_cnt++; }               
 538   4                      }                
 539   3                      LCD1602_clear();               
 540   3                      LCD1602_display(1, 1, "Calc Mode: S13=.");                
 541   3                      LCD_DisplayLong(2, 1, first_num);                
 542   3                      if (has_dot) LCD1602_display_char(2, 14, 'd');           
 543   3                  }            
 544   2                  else if (matrix_key == MATRIX_S4 || matrix_key == MATRIX_S8 || matrix_key == MATRIX_S12 || mat
             -rix_key == MATRIX_S16) {                
 545   3                      if (!has_dot) {                    
 546   4                          first_num *= 100;               
 547   4                      } else {                    
 548   4                          if (dot_cnt == 1) first_num *= 10;               
 549   4                      }                
 550   3                      if (matrix_key == MATRIX_S4)  oper = '+';               
 551   3                      if (matrix_key == MATRIX_S8)  oper = '-';                
 552   3                      if (matrix_key == MATRIX_S12) oper = '*';               
 553   3                      if (matrix_key == MATRIX_S16) oper = '/';                
 554   3                      LCD1602_display_char(2, 16, oper);                
 555   3                      has_dot = 0; dot_cnt = 0;                
 556   3                      calc_state = CALC_WAIT_SECOND;           
 557   3                  }            
 558   2                  break;        
 559   2              case CALC_WAIT_SECOND:            
 560   2                  if (calc_is_digit(matrix_key)) {                
 561   3                      second_num = calc_get_digit(matrix_key);               
 562   3                      LCD1602_clear(); LCD1602_display(1, 1, "Calc Mode: S13=.");                
 563   3                      LCD_DisplayLong(2, 1, second_num);                
 564   3                      calc_state = CALC_INPUT_SECOND;           
 565   3                  }            
 566   2                  break;        
 567   2              case CALC_INPUT_SECOND:            
 568   2                  if (calc_is_digit(matrix_key)) {                
 569   3                      d = calc_get_digit(matrix_key);               
 570   3                      if (!has_dot) {                    
 571   4                          second_num = second_num * 10 + d;               
 572   4                      } else if (dot_cnt < 2) {                    
 573   4                          if (dot_cnt == 0) { second_num = second_num * 10 + d; dot_cnt++; }                   
 574   4                          else if (dot_cnt == 1) { second_num = second_num * 10 + d; dot_cnt++; }               
 575   4                      }                
 576   3                      LCD1602_clear();               
 577   3                      LCD1602_display(1, 1, "Calc Mode: S13=.");                
 578   3                      LCD_DisplayLong(2, 1, second_num);           
 579   3                  }            
 580   2                  else if (matrix_key == MATRIX_S15) {                
 581   3                      if (!has_dot) {                    
 582   4                          second_num *= 100;               
 583   4                      } else {                    
 584   4                          if (dot_cnt == 1) second_num *= 10;               
 585   4                      }                
 586   3                      LCD1602_clear();                
 587   3                      LCD1602_display(1, 1, "Result:");               
 588   3                      LCD1602_display_char(2, 1, '=');                
 589   3                      if (oper == '+') LCD_DisplayFixedPoint(2, 3, first_num + second_num);               
 590   3                      if (oper == '-') LCD_DisplayFixedPoint(2, 3, first_num - second_num);                
 591   3                      if (oper == '*') LCD_DisplayFixedPoint(2, 3, (first_num * second_num) / 100);             
             -  
 592   3                      if (oper == '/') {                    
 593   4                          if (second_num != 0) {                        
C51 COMPILER V9.60.7.0   MAIN                                                              06/05/2026 19:47:35 PAGE 11  

 594   5                              LCD_DisplayFixedPoint(2, 3, (first_num * 100) / second_num);                   
 595   5                          } else {                        
 596   5                              LCD1602_display(2, 3, "Error Div0");                   
 597   5                          }                
 598   4                      }                
 599   3                      calc_state = CALC_SHOW_RESULT;           
 600   3                  }            
 601   2                  break;        
 602   2              case CALC_SHOW_RESULT:            
 603   2                  if (calc_is_digit(matrix_key)) {                
 604   3                      first_flag = 1;           
 605   3                  }            
 606   2                  break;    
 607   2          } 
 608   1      }
 609          
 610          /* 选项五：系统运行时间秒表 */
 611          static void time_service(void){    
 612   1          static u16 idata time_disp_tick = 0;    
 613   1          if (first_flag) {        
 614   2              first_flag = 0; LCD1602_clear();        
 615   2              LCD1602_display(1, 3, "System Run:");       
 616   2              LCD1602_display(2, 4, "00:00:00");    
 617   2          }    
 618   1          if (sysTick_checked(&time_disp_tick, 500)) {        
 619   2              LCD_DisplayNum2(2, 4, (u16)runtime_hours);       
 620   2              LCD_DisplayNum2(2, 7, (u16)runtime_minutes);        
 621   2              LCD_DisplayNum2(2, 10, (u16)runtime_seconds);   
 622   2          }
 623   1      }
 624          
 625          /* 选项六：上位机串口接收服务 */
 626          static void uart_service(void){    
 627   1          u8 rx;    
 628   1          if (first_flag) {        
 629   2              first_flag = 0; LCD1602_clear();        
 630   2              LCD1602_display(1, 2, "UART Receiver");       
 631   2              LCD1602_display(2, 1, "Waiting Link...");        
 632   2              UART_SetMode(1); // 开启并配置串口              
 633   2              UART_SendString("UART Mode Ready!\r\n");   //向上位机发送就绪通知
 634   2          }    
 635   1          rx = UART_Service(); // 轮询接收   
 636   1          if (rx != 0xFF) {        
 637   2              LCD1602_display(2, 1, "Char Recv: [ ]  ");       
 638   2              LCD1602_display_char(2, 13, rx); // 实时将收到的可见 ASCII 字符渲染到屏幕上   
 639   2          }
 640   1      }
 641          
 642          /* ==================== 矩阵键值基础转换映射工具 ==================== */
 643          static u8 calc_get_digit(u8 key){    
 644   1          if (key == MATRIX_S1)  return 1;   
 645   1          if (key == MATRIX_S2)  return 2;    
 646   1          if (key == MATRIX_S3)  return 3;   
 647   1          if (key == MATRIX_S5)  return 4; 
 648   1          if (key == MATRIX_S6)  return 5;   
 649   1          if (key == MATRIX_S7)  return 6;    
 650   1          if (key == MATRIX_S9)  return 7; 
 651   1          if (key == MATRIX_S10) return 8;   
 652   1          if (key == MATRIX_S11) return 9;    
 653   1          if (key == MATRIX_S14) return 0;   
 654   1          return 0;
 655   1      }
C51 COMPILER V9.60.7.0   MAIN                                                              06/05/2026 19:47:35 PAGE 12  

 656          /*******************************************************************************
 657          * 函 数 名: calc_is_digit
 658          * 功能描述: 判断矩阵按键值是否属于数字键（S1~S3, S5~S7, S9~S11, S14）
 659          * 返 回 值: 1=是数字键，0=不是数字键
 660          *******************************************************************************/
 661          static bit calc_is_digit(u8 key){ 
 662   1          return (key == MATRIX_S1  || key == MATRIX_S2  || key == MATRIX_S3  ||            
 663   1                  key == MATRIX_S5  || key == MATRIX_S6  || key == MATRIX_S7  ||            
 664   1                  key == MATRIX_S9  || key == MATRIX_S10 || key == MATRIX_S11 ||            
 665   1                  key == MATRIX_S14);
 666   1      }


MODULE INFORMATION:   STATIC OVERLAYABLE
   CODE SIZE        =   2981    ----
   CONSTANT SIZE    =    322    ----
   XDATA SIZE       =   ----    ----
   PDATA SIZE       =   ----    ----
   DATA SIZE        =   ----      59
   IDATA SIZE       =     26    ----
   BIT SIZE         =      3    ----
END OF MODULE INFORMATION.


C51 COMPILATION COMPLETE.  0 WARNING(S),  0 ERROR(S)
