BL51 BANKED LINKER/LOCATER V6.22.4.0                                                    06/22/2026  08:27:47  PAGE 1


BL51 BANKED LINKER/LOCATER V6.22.4.0, INVOKED BY:
D:\A_MICROCONTROLLER\C51\BIN\BL51.EXE .\Objects\buzzer.obj, .\Objects\ds18b20.obj, .\Objects\key.obj, .\Objects\key_matr
>> ix.obj, .\Objects\main.obj, .\Objects\lcd1602.obj, .\Objects\onewire.obj, .\Objects\timer.obj, .\Objects\uart.obj, .\
>> Objects\xpt2046.obj TO .\Objects\terminal PRINT (.\Listings\terminal.m51) RAMSIZE (256)


MEMORY MODEL: SMALL WITH FLOATING POINT ARITHMETIC


INPUT MODULES INCLUDED:
  .\Objects\buzzer.obj (BUZZER)
  .\Objects\ds18b20.obj (DS18B20)
  .\Objects\key.obj (KEY)
  .\Objects\key_matrix.obj (KEY_MATRIX)
  .\Objects\main.obj (MAIN)
  .\Objects\lcd1602.obj (LCD1602)
  .\Objects\onewire.obj (ONEWIRE)
  .\Objects\timer.obj (TIMER)
  .\Objects\uart.obj (UART)
  .\Objects\xpt2046.obj (XPT2046)
  D:\A_MICROCONTROLLER\C51\LIB\C51FPS.LIB (?C?FPMUL)
  D:\A_MICROCONTROLLER\C51\LIB\C51FPS.LIB (?C?FPDIV)
  D:\A_MICROCONTROLLER\C51\LIB\C51FPS.LIB (?C?FPCMP)
  D:\A_MICROCONTROLLER\C51\LIB\C51FPS.LIB (?C?FPNEG)
  D:\A_MICROCONTROLLER\C51\LIB\C51FPS.LIB (?C?FCAST)
  D:\A_MICROCONTROLLER\C51\LIB\C51FPS.LIB (?C?CASTF)
  D:\A_MICROCONTROLLER\C51\LIB\C51FPS.LIB (?C?FPGETOPN)
  D:\A_MICROCONTROLLER\C51\LIB\C51S.LIB (?C_STARTUP)
  D:\A_MICROCONTROLLER\C51\LIB\C51S.LIB (?C?CLDPTR)
  D:\A_MICROCONTROLLER\C51\LIB\C51S.LIB (?C?IMUL)
  D:\A_MICROCONTROLLER\C51\LIB\C51S.LIB (?C?UIDIV)
  D:\A_MICROCONTROLLER\C51\LIB\C51S.LIB (?C?SIDIV)
  D:\A_MICROCONTROLLER\C51\LIB\C51S.LIB (?C?ILDPTR)
  D:\A_MICROCONTROLLER\C51\LIB\C51S.LIB (?C?ISTPTR)
  D:\A_MICROCONTROLLER\C51\LIB\C51S.LIB (?C?LMUL)
  D:\A_MICROCONTROLLER\C51\LIB\C51S.LIB (?C?SLDIV)
  D:\A_MICROCONTROLLER\C51\LIB\C51S.LIB (?C?LNEG)
  D:\A_MICROCONTROLLER\C51\LIB\C51S.LIB (?C?SLCMP)
  D:\A_MICROCONTROLLER\C51\LIB\C51S.LIB (?C?LLDIDATA)
  D:\A_MICROCONTROLLER\C51\LIB\C51S.LIB (?C?LLDIDATA0)
  D:\A_MICROCONTROLLER\C51\LIB\C51S.LIB (?C?LSTIDATA)
  D:\A_MICROCONTROLLER\C51\LIB\C51S.LIB (?C?LSTKIDATA)
  D:\A_MICROCONTROLLER\C51\LIB\C51S.LIB (?C?CCASE)
  D:\A_MICROCONTROLLER\C51\LIB\C51S.LIB (?C_INIT)
  D:\A_MICROCONTROLLER\C51\LIB\C51S.LIB (?C?ULDIV)


LINK MAP OF MODULE:  .\Objects\terminal (BUZZER)


            TYPE    BASE      LENGTH    RELOCATION   SEGMENT NAME
            -----------------------------------------------------

            * * * * * * *   D A T A   M E M O R Y   * * * * * * *
            REG     0000H     0008H     ABSOLUTE     "REG BANK 0"
            DATA    0008H     0016H     UNIT         _DATA_GROUP_
            IDATA   001EH     0001H     UNIT         ?ID?UART
                    001FH     0001H                  *** GAP ***
BL51 BANKED LINKER/LOCATER V6.22.4.0                                                  06/22/2026  08:27:47  PAGE 2


            BIT     0020H.0   0000H.3   UNIT         ?BI?MAIN
            BIT     0020H.3   0000H.2   UNIT         ?BI?UART
            BIT     0020H.5   0000H.1   UNIT         ?BI?BUZZER
            BIT     0020H.6   0000H.1   UNIT         _BIT_GROUP_
                    0020H.7   0000H.1                *** GAP ***
            IDATA   0021H     001AH     UNIT         ?ID?MAIN
            IDATA   003BH     0019H     UNIT         ?ID?KEY
            IDATA   0054H     000EH     UNIT         ?ID?TIMER
            IDATA   0062H     0005H     UNIT         ?ID?BUZZER
            IDATA   0067H     0004H     UNIT         ?ID?KEY_MATRIX
            IDATA   006BH     0001H     UNIT         ?STACK

            * * * * * * *   C O D E   M E M O R Y   * * * * * * *
            CODE    0000H     0003H     ABSOLUTE     
            CODE    0003H     0008H     UNIT         ?PR?_UART_SENDBYTE?UART
            CODE    000BH     0003H     ABSOLUTE     
            CODE    000EH     000DH     UNIT         ?PR?BUZZER_PLAYQINGHUACI?BUZZER
            CODE    001BH     0003H     ABSOLUTE     
            CODE    001EH     0005H     UNIT         ?PR?DELAY60US?ONEWIRE
            CODE    0023H     0003H     ABSOLUTE     
            CODE    0026H     0594H     UNIT         ?C?LIB_CODE
            CODE    05BAH     038EH     UNIT         ?PR?CALC_SERVICE?MAIN
            CODE    0948H     0164H     UNIT         ?CO?BUZZER
            CODE    0AACH     0142H     UNIT         ?CO?MAIN
            CODE    0BEEH     012DH     UNIT         ?PR?KEY_TICK?KEY
            CODE    0D1BH     012AH     UNIT         ?PR?_LCD_DISPLAYFIXEDPOINT?MAIN
            CODE    0E45H     00F7H     UNIT         ?PR?_LCD_DISPLAYTEMP?MAIN
            CODE    0F3CH     00F6H     UNIT         ?PR?MATRIXKEY_TICK?KEY_MATRIX
            CODE    1032H     00D5H     UNIT         ?PR?STATE_MACHINE?MAIN
            CODE    1107H     00BCH     UNIT         ?PR?_LCD_DISPLAYLONG?MAIN
            CODE    11C3H     00B9H     UNIT         ?PR?MENU_SCREEN_SERVICE?MAIN
            CODE    127CH     00B9H     UNIT         ?PR?T0_ISR?TIMER
            CODE    1335H     00A4H     UNIT         ?PR?BUZZER_SERVICE?BUZZER
            CODE    13D9H     0096H     UNIT         ?C_INITSEG
            CODE    146FH     0095H     UNIT         ?PR?PWD_INPUT_SERVICE?MAIN
            CODE    1504H     008CH     UNIT         ?C_C51STARTUP
            CODE    1590H     0086H     UNIT         ?PR?_LCD_DISPLAYNUM4?MAIN
            CODE    1616H     0073H     UNIT         ?PR?DS18B20_READ_TEMPERTURE?DS18B20
            CODE    1689H     0067H     UNIT         ?PR?TEMP_SERVICE?MAIN
            CODE    16F0H     0051H     UNIT         ?PR?UART_SERVICE?MAIN
            CODE    1741H     004EH     UNIT         ?PR?TIME_SERVICE?MAIN
            CODE    178FH     004BH     UNIT         ?PR?MUSIC_SERVICE?MAIN
            CODE    17DAH     0044H     UNIT         ?C?LDIV
            CODE    181EH     0041H     UNIT         ?PR?_LCD_DISPLAYNUM2?MAIN
            CODE    185FH     003DH     UNIT         ?PR?_CALC_GET_DIGIT?MAIN
            CODE    189CH     003CH     UNIT         ?PR?T1_ISR_BUZZER?BUZZER
            CODE    18D8H     0038H     UNIT         ?PR?_CALC_IS_DIGIT?MAIN
            CODE    1910H     0036H     UNIT         ?PR?MAIN?MAIN
            CODE    1946H     0036H     UNIT         ?PR?_LCD1602_DISPLAY?LCD1602
            CODE    197CH     0035H     UNIT         ?PR?_KEY_GETSTATE?KEY
            CODE    19B1H     0035H     UNIT         ?PR?BRIGHT_SERVICE?MAIN
            CODE    19E6H     0032H     UNIT         ?PR?_SYSTICK_CHECKED?TIMER
            CODE    1A18H     002EH     UNIT         ?PR?BUZZER_BEATTICK?BUZZER
            CODE    1A46H     002CH     UNIT         ?PR?_LCD1602_WRITE_CMD?LCD1602
            CODE    1A72H     0025H     UNIT         ?PR?_UART_SENDSTRING?UART
            CODE    1A97H     0024H     UNIT         ?PR?SPI_READ?XPT2046
            CODE    1ABBH     0022H     UNIT         ?PR?LCD1602_INIT?LCD1602
BL51 BANKED LINKER/LOCATER V6.22.4.0                                                  06/22/2026  08:27:47  PAGE 3


            CODE    1ADDH     0020H     UNIT         ?PR?_DELAY_MS?LCD1602
            CODE    1AFDH     001FH     UNIT         ?PR?SYSTEM_INIT?MAIN
            CODE    1B1CH     001FH     UNIT         ?PR?RESET_RUNTIME?TIMER
            CODE    1B3BH     001DH     UNIT         ?PR?_READ_AD_DATA?XPT2046
            CODE    1B58H     001CH     UNIT         ?PR?_SPI_WRITE?XPT2046
            CODE    1B74H     0019H     UNIT         ?PR?_LCD1602_WRITE_DATA?LCD1602
            CODE    1B8DH     0018H     UNIT         ?PR?_KEY_CHECK?KEY
            CODE    1BA5H     0018H     UNIT         ?PR?KEY_SCAN_HARDWARE?KEY_MATRIX
            CODE    1BBDH     0018H     UNIT         ?PR?_LCD1602_DISPLAY_CHAR?LCD1602
            CODE    1BD5H     0018H     UNIT         ?PR?ONEWIRE_INIT?ONEWIRE
            CODE    1BEDH     0018H     UNIT         ?PR?UART_INIT?UART
            CODE    1C05H     0018H     UNIT         ?PR?UART_SERVICE?UART
            CODE    1C1DH     0017H     UNIT         ?PR?DS18B20_CONVERTT?DS18B20
            CODE    1C34H     0017H     UNIT         ?PR?ONEWIRE_RECEIVEBYTE?ONEWIRE
            CODE    1C4BH     0017H     UNIT         ?PR?UART_ISR?UART
            CODE    1C62H     0015H     UNIT         ?PR?ONEWIRE_RECEIVEBIT?ONEWIRE
            CODE    1C77H     0014H     UNIT         ?PR?_ONEWIRE_SENDBYTE?ONEWIRE
            CODE    1C8BH     0013H     UNIT         ?PR?T0_INIT?TIMER
            CODE    1C9EH     0013H     UNIT         ?PR?T1_INIT?TIMER
            CODE    1CB1H     0011H     UNIT         ?PR?_ONEWIRE_SENDBIT?ONEWIRE
            CODE    1CC2H     000DH     UNIT         ?PR?UART_RECEIVEBYTE?UART
            CODE    1CCFH     000CH     UNIT         ?PR?LCD1602_CLEAR?LCD1602
            CODE    1CDBH     000CH     UNIT         ?PR?GET_CURRENT_SYSTICK?TIMER
            CODE    1CE7H     000BH     UNIT         ?PR?UART_SETMODE?UART
            CODE    1CF2H     000AH     UNIT         ?PR?DELAY600US?ONEWIRE
            CODE    1CFCH     0009H     UNIT         ?PR?BUZZER_STOP?BUZZER
            CODE    1D05H     0009H     UNIT         ?PR?KEY_GET_VALUE?KEY_MATRIX
            CODE    1D0EH     0005H     UNIT         ?PR?DELAY10US?ONEWIRE
            CODE    1D13H     0005H     UNIT         ?PR?T2_INIT?TIMER
            CODE    1D18H     0003H     UNIT         ?PR?BUZZER_ISPLAYING?BUZZER



OVERLAY MAP OF MODULE:   .\Objects\terminal (BUZZER)


SEGMENT                                        BIT_GROUP          DATA_GROUP 
  +--> CALLED SEGMENT                       START    LENGTH     START    LENGTH
-------------------------------------------------------------------------------
?PR?T1_ISR_BUZZER?BUZZER                    -----    -----      -----    -----
  +--> ?CO?BUZZER

*** NEW ROOT ***************************************************

?PR?T0_ISR?TIMER                            -----    -----      -----    -----
  +--> ?PR?MATRIXKEY_TICK?KEY_MATRIX
  +--> ?PR?KEY_TICK?KEY
  +--> ?PR?BUZZER_BEATTICK?BUZZER

?PR?MATRIXKEY_TICK?KEY_MATRIX               -----    -----      0008H    0001H
  +--> ?PR?KEY_SCAN_HARDWARE?KEY_MATRIX

?PR?KEY_TICK?KEY                            -----    -----      -----    -----
  +--> ?PR?_KEY_GETSTATE?KEY

*** NEW ROOT ***************************************************

BL51 BANKED LINKER/LOCATER V6.22.4.0                                                  06/22/2026  08:27:47  PAGE 4


?C_C51STARTUP                               -----    -----      -----    -----
  +--> ?PR?MAIN?MAIN
  +--> ?C_INITSEG

?PR?MAIN?MAIN                               -----    -----      0009H    0001H
  +--> ?PR?SYSTEM_INIT?MAIN
  +--> ?PR?_DELAY_MS?LCD1602
  +--> ?PR?KEY_GET_VALUE?KEY_MATRIX
  +--> ?PR?STATE_MACHINE?MAIN

?PR?SYSTEM_INIT?MAIN                        -----    -----      -----    -----
  +--> ?PR?T0_INIT?TIMER
  +--> ?PR?T1_INIT?TIMER
  +--> ?PR?T2_INIT?TIMER
  +--> ?PR?_DELAY_MS?LCD1602
  +--> ?PR?LCD1602_INIT?LCD1602

?PR?LCD1602_INIT?LCD1602                    -----    -----      -----    -----
  +--> ?PR?_LCD1602_WRITE_CMD?LCD1602
  +--> ?PR?_DELAY_MS?LCD1602

?PR?_LCD1602_WRITE_CMD?LCD1602              -----    -----      -----    -----
  +--> ?PR?_DELAY_MS?LCD1602

?PR?STATE_MACHINE?MAIN                      -----    -----      -----    -----
  +--> ?PR?_KEY_CHECK?KEY
  +--> ?PR?_SYSTICK_CHECKED?TIMER
  +--> ?PR?BUZZER_STOP?BUZZER
  +--> ?PR?LCD1602_CLEAR?LCD1602
  +--> ?CO?MAIN
  +--> ?PR?_LCD1602_DISPLAY?LCD1602
  +--> ?PR?RESET_RUNTIME?TIMER
  +--> ?PR?PWD_INPUT_SERVICE?MAIN
  +--> ?PR?MENU_SCREEN_SERVICE?MAIN
  +--> ?PR?BRIGHT_SERVICE?MAIN
  +--> ?PR?TEMP_SERVICE?MAIN
  +--> ?PR?MUSIC_SERVICE?MAIN
  +--> ?PR?CALC_SERVICE?MAIN
  +--> ?PR?TIME_SERVICE?MAIN
  +--> ?PR?UART_SERVICE?MAIN

?PR?_SYSTICK_CHECKED?TIMER                  -----    -----      000EH    0002H
  +--> ?PR?GET_CURRENT_SYSTICK?TIMER

?PR?LCD1602_CLEAR?LCD1602                   -----    -----      -----    -----
  +--> ?PR?_LCD1602_WRITE_CMD?LCD1602
  +--> ?PR?_DELAY_MS?LCD1602

?PR?_LCD1602_DISPLAY?LCD1602                -----    -----      000EH    0004H
  +--> ?PR?_LCD1602_WRITE_CMD?LCD1602
  +--> ?PR?_LCD1602_WRITE_DATA?LCD1602

?PR?_LCD1602_WRITE_DATA?LCD1602             -----    -----      -----    -----
  +--> ?PR?_DELAY_MS?LCD1602

?PR?PWD_INPUT_SERVICE?MAIN                  -----    -----      -----    -----
  +--> ?PR?LCD1602_CLEAR?LCD1602
BL51 BANKED LINKER/LOCATER V6.22.4.0                                                  06/22/2026  08:27:47  PAGE 5


  +--> ?CO?MAIN
  +--> ?PR?_LCD1602_DISPLAY?LCD1602
  +--> ?PR?_CALC_IS_DIGIT?MAIN
  +--> ?PR?_CALC_GET_DIGIT?MAIN
  +--> ?PR?_LCD1602_DISPLAY_CHAR?LCD1602
  +--> ?PR?_DELAY_MS?LCD1602
  +--> ?PR?RESET_RUNTIME?TIMER

?PR?_LCD1602_DISPLAY_CHAR?LCD1602           -----    -----      001DH    0001H
  +--> ?PR?_LCD1602_WRITE_CMD?LCD1602
  +--> ?PR?_LCD1602_WRITE_DATA?LCD1602

?PR?MENU_SCREEN_SERVICE?MAIN                -----    -----      -----    -----
  +--> ?PR?LCD1602_CLEAR?LCD1602
  +--> ?CO?MAIN
  +--> ?PR?_LCD1602_DISPLAY?LCD1602
  +--> ?PR?_KEY_CHECK?KEY

?PR?BRIGHT_SERVICE?MAIN                     -----    -----      -----    -----
  +--> ?PR?LCD1602_CLEAR?LCD1602
  +--> ?CO?MAIN
  +--> ?PR?_LCD1602_DISPLAY?LCD1602
  +--> ?PR?_SYSTICK_CHECKED?TIMER
  +--> ?PR?_READ_AD_DATA?XPT2046
  +--> ?PR?_LCD_DISPLAYNUM4?MAIN

?PR?_READ_AD_DATA?XPT2046                   -----    -----      -----    -----
  +--> ?PR?_SPI_WRITE?XPT2046
  +--> ?PR?SPI_READ?XPT2046

?PR?_LCD_DISPLAYNUM4?MAIN                   -----    -----      000AH    0004H
  +--> ?PR?_LCD1602_DISPLAY_CHAR?LCD1602

?PR?TEMP_SERVICE?MAIN                       -----    -----      000AH    0004H
  +--> ?PR?LCD1602_CLEAR?LCD1602
  +--> ?CO?MAIN
  +--> ?PR?_LCD1602_DISPLAY?LCD1602
  +--> ?PR?DS18B20_CONVERTT?DS18B20
  +--> ?PR?_SYSTICK_CHECKED?TIMER
  +--> ?PR?DS18B20_READ_TEMPERTURE?DS18B20
  +--> ?PR?_LCD_DISPLAYTEMP?MAIN
  +--> ?PR?BUZZER_ISPLAYING?BUZZER

?PR?DS18B20_CONVERTT?DS18B20                -----    -----      -----    -----
  +--> ?PR?ONEWIRE_INIT?ONEWIRE
  +--> ?PR?_ONEWIRE_SENDBYTE?ONEWIRE

?PR?ONEWIRE_INIT?ONEWIRE                    0020H.6  0000H.1    -----    -----
  +--> ?PR?DELAY600US?ONEWIRE
  +--> ?PR?DELAY60US?ONEWIRE

?PR?_ONEWIRE_SENDBYTE?ONEWIRE               -----    -----      -----    -----
  +--> ?PR?_ONEWIRE_SENDBIT?ONEWIRE

?PR?_ONEWIRE_SENDBIT?ONEWIRE                -----    -----      -----    -----
  +--> ?PR?DELAY60US?ONEWIRE

BL51 BANKED LINKER/LOCATER V6.22.4.0                                                  06/22/2026  08:27:47  PAGE 6


?PR?DS18B20_READ_TEMPERTURE?DS18B20         -----    -----      000EH    0007H
  +--> ?PR?ONEWIRE_INIT?ONEWIRE
  +--> ?PR?_ONEWIRE_SENDBYTE?ONEWIRE
  +--> ?PR?ONEWIRE_RECEIVEBYTE?ONEWIRE

?PR?ONEWIRE_RECEIVEBYTE?ONEWIRE             -----    -----      -----    -----
  +--> ?PR?ONEWIRE_RECEIVEBIT?ONEWIRE

?PR?ONEWIRE_RECEIVEBIT?ONEWIRE              -----    -----      -----    -----
  +--> ?PR?DELAY10US?ONEWIRE
  +--> ?PR?DELAY60US?ONEWIRE

?PR?_LCD_DISPLAYTEMP?MAIN                   -----    -----      000EH    0008H
  +--> ?PR?_LCD1602_DISPLAY_CHAR?LCD1602

?PR?MUSIC_SERVICE?MAIN                      -----    -----      -----    -----
  +--> ?PR?LCD1602_CLEAR?LCD1602
  +--> ?CO?MAIN
  +--> ?PR?_LCD1602_DISPLAY?LCD1602
  +--> ?PR?BUZZER_PLAYQINGHUACI?BUZZER
  +--> ?PR?BUZZER_SERVICE?BUZZER
  +--> ?PR?BUZZER_ISPLAYING?BUZZER

?PR?BUZZER_SERVICE?BUZZER                   -----    -----      -----    -----
  +--> ?CO?BUZZER

?PR?CALC_SERVICE?MAIN                       -----    -----      000AH    0001H
  +--> ?PR?LCD1602_CLEAR?LCD1602
  +--> ?CO?MAIN
  +--> ?PR?_LCD1602_DISPLAY?LCD1602
  +--> ?PR?_CALC_IS_DIGIT?MAIN
  +--> ?PR?_CALC_GET_DIGIT?MAIN
  +--> ?PR?_LCD_DISPLAYLONG?MAIN
  +--> ?PR?_LCD1602_DISPLAY_CHAR?LCD1602
  +--> ?PR?_LCD_DISPLAYFIXEDPOINT?MAIN

?PR?_LCD_DISPLAYLONG?MAIN                   -----    -----      000BH    0012H
  +--> ?PR?_LCD1602_DISPLAY_CHAR?LCD1602

?PR?_LCD_DISPLAYFIXEDPOINT?MAIN             -----    -----      000BH    0012H
  +--> ?PR?_LCD1602_DISPLAY_CHAR?LCD1602

?PR?TIME_SERVICE?MAIN                       -----    -----      -----    -----
  +--> ?PR?LCD1602_CLEAR?LCD1602
  +--> ?CO?MAIN
  +--> ?PR?_LCD1602_DISPLAY?LCD1602
  +--> ?PR?_SYSTICK_CHECKED?TIMER
  +--> ?PR?_LCD_DISPLAYNUM2?MAIN

?PR?_LCD_DISPLAYNUM2?MAIN                   -----    -----      000AH    0004H
  +--> ?PR?_LCD1602_DISPLAY_CHAR?LCD1602

?PR?UART_SERVICE?MAIN                       -----    -----      000AH    0001H
  +--> ?PR?LCD1602_CLEAR?LCD1602
  +--> ?CO?MAIN
  +--> ?PR?_LCD1602_DISPLAY?LCD1602
  +--> ?PR?UART_SETMODE?UART
BL51 BANKED LINKER/LOCATER V6.22.4.0                                                  06/22/2026  08:27:47  PAGE 7


  +--> ?PR?_UART_SENDSTRING?UART
  +--> ?PR?UART_SERVICE?UART
  +--> ?PR?_LCD1602_DISPLAY_CHAR?LCD1602

?PR?UART_SETMODE?UART                       0020H.6  0000H.1    -----    -----
  +--> ?PR?UART_INIT?UART

?PR?_UART_SENDSTRING?UART                   -----    -----      000BH    0003H
  +--> ?PR?_UART_SENDBYTE?UART

?PR?UART_SERVICE?UART                       -----    -----      -----    -----
  +--> ?PR?UART_RECEIVEBYTE?UART
  +--> ?PR?_UART_SENDBYTE?UART



SYMBOL TABLE OF MODULE:  .\Objects\terminal (BUZZER)

  VALUE           TYPE          NAME
  ----------------------------------

  -------         MODULE        BUZZER
  C:0000H         SYMBOL        _ICE_DUMMY_
  D:0090H         PUBLIC        P1
  D:00A0H         PUBLIC        P2
  D:00B0H         PUBLIC        P3
  D:00A8H         PUBLIC        IE
  C:1CFCH         PUBLIC        Buzzer_Stop
  D:00B8H         PUBLIC        IP
  D:0098H         PUBLIC        SCON
  I:0062H         SYMBOL        song_index
  D:0088H         PUBLIC        TCON
  B:0020H.5       SYMBOL        is_playing
  C:189CH         PUBLIC        T1_ISR_Buzzer
  C:1335H         PUBLIC        Buzzer_Service
  C:09AAH         SYMBOL        qinghuaci
  I:0064H         SYMBOL        beat_ms_remain
  B:00A8H.3       PUBLIC        ET1
  D:008DH         PUBLIC        TH1
  D:008BH         PUBLIC        TL1
  C:0948H         SYMBOL        T
  B:0088H.6       PUBLIC        TR1
  C:000EH         PUBLIC        Buzzer_PlayQingHuaCi
  D:00C8H         PUBLIC        T2CON
  I:0066H         SYMBOL        m
  C:1A18H         PUBLIC        Buzzer_BeatTick
  D:00D0H         PUBLIC        PSW
  C:1D18H         PUBLIC        Buzzer_IsPlaying
  B:00A0H.5       PUBLIC        Beep
  -------         PROC          T1_ISR_BUZZER
  C:189CH         LINE#         60
  C:18A9H         LINE#         62
  C:18ABH         LINE#         63
  C:18BDH         LINE#         64
  C:18CDH         LINE#         65
  -------         ENDPROC       T1_ISR_BUZZER
  -------         PROC          BUZZER_PLAYQINGHUACI
BL51 BANKED LINKER/LOCATER V6.22.4.0                                                  06/22/2026  08:27:47  PAGE 8


  C:000EH         LINE#         67
  C:000EH         LINE#         68
  C:000EH         LINE#         69
  C:0014H         LINE#         70
  C:0018H         LINE#         71
  C:001AH         LINE#         72
  -------         ENDPROC       BUZZER_PLAYQINGHUACI
  -------         PROC          BUZZER_STOP
  C:1CFCH         LINE#         74
  C:1CFCH         LINE#         75
  C:1CFCH         LINE#         76
  C:1CFEH         LINE#         77
  C:1D00H         LINE#         78
  C:1D02H         LINE#         79
  C:1D04H         LINE#         80
  -------         ENDPROC       BUZZER_STOP
  -------         PROC          BUZZER_ISPLAYING
  C:1D18H         LINE#         82
  C:1D18H         LINE#         83
  C:1D18H         LINE#         84
  C:1D1AH         LINE#         85
  -------         ENDPROC       BUZZER_ISPLAYING
  -------         PROC          BUZZER_BEATTICK
  C:1A18H         LINE#         91
  C:1A18H         LINE#         92
  C:1A18H         LINE#         93
  C:1A27H         LINE#         94
  C:1A27H         LINE#         95
  C:1A2EH         LINE#         98
  C:1A3FH         LINE#         99
  C:1A3FH         LINE#         100
  C:1A41H         LINE#         101
  C:1A43H         LINE#         102
  C:1A45H         LINE#         103
  C:1A45H         LINE#         104
  C:1A45H         LINE#         105
  -------         ENDPROC       BUZZER_BEATTICK
  -------         PROC          BUZZER_SERVICE
  -------         DO            
  D:0005H         SYMBOL        note_type
  D:0007H         SYMBOL        duration
  -------         ENDDO         
  C:1335H         LINE#         111
  C:1335H         LINE#         112
  C:1335H         LINE#         116
  C:133BH         LINE#         117
  C:134AH         LINE#         120
  C:1360H         LINE#         121
  C:1376H         LINE#         124
  C:1379H         LINE#         125
  C:1379H         LINE#         126
  C:137FH         LINE#         127
  C:1383H         LINE#         128
  C:138AH         LINE#         130
  C:138AH         LINE#         133
  C:138EH         LINE#         134
  C:139EH         LINE#         137
BL51 BANKED LINKER/LOCATER V6.22.4.0                                                  06/22/2026  08:27:47  PAGE 9


  C:13A2H         LINE#         138
  C:13A2H         LINE#         139
  C:13A4H         LINE#         140
  C:13A6H         LINE#         141
  C:13A8H         LINE#         142
  C:13AAH         LINE#         144
  C:13AAH         LINE#         145
  C:13BCH         LINE#         146
  C:13CCH         LINE#         147
  C:13CEH         LINE#         148
  C:13D0H         LINE#         149
  C:13D0H         LINE#         151
  C:13D8H         LINE#         152
  -------         ENDPROC       BUZZER_SERVICE
  -------         ENDMOD        BUZZER

  -------         MODULE        DS18B20
  C:0000H         SYMBOL        _ICE_DUMMY_
  D:0090H         PUBLIC        P1
  D:00B0H         PUBLIC        P3
  D:00A8H         PUBLIC        IE
  B:00B0H.5       PUBLIC        AD_CS_Isolation
  D:00B8H         PUBLIC        IP
  C:1616H         PUBLIC        ds18B20_read_temperture
  C:1C1DH         PUBLIC        ds18B20_convertT
  D:0098H         PUBLIC        SCON
  D:0088H         PUBLIC        TCON
  D:00C8H         PUBLIC        T2CON
  D:00D0H         PUBLIC        PSW
  -------         PROC          DS18B20_CONVERTT
  C:1C1DH         LINE#         6
  C:1C1DH         LINE#         7
  C:1C1DH         LINE#         9
  C:1C1FH         LINE#         19
  C:1C24H         LINE#         20
  C:1C27H         LINE#         30
  C:1C2CH         LINE#         31
  C:1C31H         LINE#         32
  C:1C33H         LINE#         33
  -------         ENDPROC       DS18B20_CONVERTT
  -------         PROC          DS18B20_READ_TEMPERTURE
  -------         DO            
  D:000EH         SYMBOL        TLSB
  D:0005H         SYMBOL        TMSB
  D:000FH         SYMBOL        temp
  D:0011H         SYMBOL        temperture
  -------         ENDDO         
  C:1616H         LINE#         35
  C:1616H         LINE#         36
  C:1616H         LINE#         39
  C:161FH         LINE#         41
  C:1621H         LINE#         43
  C:1626H         LINE#         44
  C:1626H         LINE#         45
  C:162BH         LINE#         46
  C:1630H         LINE#         47
  C:1635H         LINE#         48
BL51 BANKED LINKER/LOCATER V6.22.4.0                                                  06/22/2026  08:27:47  PAGE 10


  C:163AH         LINE#         49
  C:1645H         LINE#         52
  C:164AH         LINE#         53
  C:164AH         LINE#         54
  C:165BH         LINE#         55
  C:1664H         LINE#         56
  C:1666H         LINE#         58
  C:1666H         LINE#         59
  C:1680H         LINE#         60
  C:1680H         LINE#         61
  C:1680H         LINE#         62
  C:1688H         LINE#         63
  -------         ENDPROC       DS18B20_READ_TEMPERTURE
  -------         ENDMOD        DS18B20

  -------         MODULE        KEY
  C:0000H         SYMBOL        _ICE_DUMMY_
  D:0090H         PUBLIC        P1
  D:00B0H         PUBLIC        P3
  B:00B0H.0       PUBLIC        key_1_pin
  B:00B0H.1       PUBLIC        key_2_pin
  B:00B0H.2       PUBLIC        key_3_pin
  B:00B0H.3       PUBLIC        key_4_pin
  D:00A8H         PUBLIC        IE
  D:00B8H         PUBLIC        IP
  C:1B8DH         PUBLIC        _key_check
  D:0098H         PUBLIC        SCON
  D:0088H         PUBLIC        TCON
  I:0050H         PUBLIC        key_flag
  C:0BEEH         PUBLIC        key_tick
  D:00C8H         PUBLIC        T2CON
  C:197CH         SYMBOL        _key_getState
  D:00D0H         PUBLIC        PSW
  -------         PROC          _KEY_CHECK
  D:0007H         SYMBOL        key_n
  D:0005H         SYMBOL        flag
  C:1B8DH         LINE#         12
  C:1B8DH         LINE#         13
  C:1B8DH         LINE#         14
  C:1B96H         LINE#         15
  C:1B9FH         LINE#         17
  C:1BA2H         LINE#         18
  C:1BA2H         LINE#         19
  C:1BA4H         LINE#         20
  -------         ENDPROC       _KEY_CHECK
  -------         PROC          _KEY_GETSTATE
  D:0006H         SYMBOL        KEY_n
  C:197CH         LINE#         29
  C:197EH         LINE#         30
  C:197EH         LINE#         31
  C:198AH         LINE#         36
  C:1996H         LINE#         37
  C:19A2H         LINE#         38
  C:19AEH         LINE#         39
  C:19B0H         LINE#         44
  -------         ENDPROC       _KEY_GETSTATE
  -------         PROC          KEY_TICK
BL51 BANKED LINKER/LOCATER V6.22.4.0                                                  06/22/2026  08:27:47  PAGE 11


  -------         DO            
  I:003BH         SYMBOL        currState
  I:003FH         SYMBOL        preState
  I:0043H         SYMBOL        scan_div
  I:0044H         SYMBOL        state
  I:0048H         SYMBOL        time_dec
  D:0005H         SYMBOL        i
  -------         ENDDO         
  C:0BEEH         LINE#         46
  C:0BEEH         LINE#         47
  C:0BEEH         LINE#         60
  C:0BF0H         LINE#         61
  C:0C0DH         LINE#         62
  C:0C11H         LINE#         64
  C:0C14H         LINE#         65
  C:0C1DH         LINE#         66
  C:0C1DH         LINE#         67
  C:0C1FH         LINE#         68
  C:0C20H         LINE#         69
  C:0C20H         LINE#         70
  C:0C2CH         LINE#         71
  C:0C37H         LINE#         73
  C:0C49H         LINE#         74
  C:0C51H         LINE#         82
  C:0C68H         LINE#         83
  C:0C7FH         LINE#         85
  C:0C91H         LINE#         86
  C:0C91H         LINE#         87
  C:0C91H         LINE#         88
  C:0CABH         LINE#         89
  C:0CADH         LINE#         90
  C:0CADH         LINE#         91
  C:0CBEH         LINE#         92
  C:0CE2H         LINE#         93
  C:0CE4H         LINE#         94
  C:0CE4H         LINE#         95
  C:0CF3H         LINE#         96
  C:0D11H         LINE#         97
  C:0D11H         LINE#         98
  C:0D11H         LINE#         99
  C:0D1AH         LINE#         100
  C:0D1AH         LINE#         101
  -------         ENDPROC       KEY_TICK
  -------         ENDMOD        KEY

  -------         MODULE        KEY_MATRIX
  C:0000H         SYMBOL        _ICE_DUMMY_
  D:0090H         PUBLIC        P1
  D:00B0H         PUBLIC        P3
  C:1BA5H         SYMBOL        key_scan_hardware
  D:00A8H         PUBLIC        IE
  C:0F3CH         PUBLIC        MatrixKey_Tick
  D:00B8H         PUBLIC        IP
  D:0098H         PUBLIC        SCON
  D:0088H         PUBLIC        TCON
  I:0067H         SYMBOL        key_value
  I:0068H         SYMBOL        key_state
BL51 BANKED LINKER/LOCATER V6.22.4.0                                                  06/22/2026  08:27:47  PAGE 12


  I:0069H         SYMBOL        key_temp
  D:00C8H         PUBLIC        T2CON
  C:1D05H         PUBLIC        key_get_value
  I:006AH         SYMBOL        key_scan_cnt
  D:00D0H         PUBLIC        PSW
  -------         PROC          KEY_SCAN_HARDWARE
  -------         DO            
  D:0006H         SYMBOL        row
  D:0007H         SYMBOL        col
  -------         ENDDO         
  C:1BA5H         LINE#         25
  C:1BA5H         LINE#         26
  C:1BA5H         LINE#         30
  C:1BA8H         LINE#         31
  C:1BADH         LINE#         32
  C:1BB3H         LINE#         35
  C:1BB6H         LINE#         36
  C:1BBAH         LINE#         38
  C:1BBCH         LINE#         39
  -------         ENDPROC       KEY_SCAN_HARDWARE
  -------         PROC          MATRIXKEY_TICK
  -------         DO            
  D:0008H         SYMBOL        key_code
  -------         ENDDO         
  C:0F3CH         LINE#         58
  C:0F3CH         LINE#         59
  C:0F3CH         LINE#         62
  C:0F52H         LINE#         63
  C:0F52H         LINE#         64
  C:0F52H         LINE#         65
  C:0F57H         LINE#         72
  C:0F5EH         LINE#         73
  C:0F5EH         LINE#         74
  C:0F61H         LINE#         75
  C:0F64H         LINE#         76
  C:0F68H         LINE#         77
  C:0F68H         LINE#         78
  C:0F69H         LINE#         80
  C:0F69H         LINE#         81
  C:0F6CH         LINE#         87
  C:0F75H         LINE#         88
  C:0F75H         LINE#         89
  C:0F7AH         LINE#         90
  C:0F80H         LINE#         91
  C:0F84H         LINE#         93
  C:0F85H         LINE#         94
  C:0F85H         LINE#         95
  C:0F88H         LINE#         97
  C:0F88H         LINE#         99
  C:0FC2H         LINE#         100
  C:0FC2H         LINE#         101
  C:0FC8H         LINE#         102
  C:0FCEH         LINE#         103
  C:0FD4H         LINE#         104
  C:0FDAH         LINE#         106
  C:0FE0H         LINE#         107
  C:0FE6H         LINE#         108
BL51 BANKED LINKER/LOCATER V6.22.4.0                                                  06/22/2026  08:27:47  PAGE 13


  C:0FECH         LINE#         109
  C:0FF2H         LINE#         111
  C:0FF8H         LINE#         112
  C:0FFEH         LINE#         113
  C:1004H         LINE#         114
  C:100AH         LINE#         116
  C:1010H         LINE#         117
  C:1016H         LINE#         118
  C:101CH         LINE#         119
  C:1020H         LINE#         120
  C:1020H         LINE#         121
  C:1020H         LINE#         122
  C:1024H         LINE#         123
  C:1025H         LINE#         125
  C:1025H         LINE#         127
  C:102AH         LINE#         128
  C:102EH         LINE#         129
  C:102EH         LINE#         130
  C:1031H         LINE#         131
  C:1031H         LINE#         132
  C:1031H         LINE#         133
  C:1031H         LINE#         134
  -------         ENDPROC       MATRIXKEY_TICK
  -------         PROC          KEY_GET_VALUE
  -------         DO            
  D:0007H         SYMBOL        temp
  -------         ENDDO         
  C:1D05H         LINE#         140
  C:1D05H         LINE#         141
  C:1D05H         LINE#         142
  C:1D09H         LINE#         143
  C:1D0BH         LINE#         144
  C:1D0DH         LINE#         145
  C:1D0DH         LINE#         146
  -------         ENDPROC       KEY_GET_VALUE
  -------         ENDMOD        KEY_MATRIX

  -------         MODULE        MAIN
  C:0000H         SYMBOL        _ICE_DUMMY_
  D:0080H         PUBLIC        P0
  D:0090H         PUBLIC        P1
  D:00A0H         PUBLIC        P2
  D:00B0H         PUBLIC        P3
  B:00A8H.7       PUBLIC        EA
  C:1741H         SYMBOL        time_service
  B:0020H.0       SYMBOL        need_clear
  D:00A8H         PUBLIC        IE
  C:1689H         SYMBOL        temp_service
  C:0D2AH         PUBLIC        _LCD_DisplayFixedPoint
  C:16F0H         SYMBOL        uart_service
  D:00B8H         PUBLIC        IP
  I:002AH         SYMBOL        calc_state
  C:1118H         PUBLIC        _LCD_DisplayLong
  C:1910H         PUBLIC        main
  C:0E45H         PUBLIC        _LCD_DisplayTemp
  B:0020H.1       SYMBOL        first_flag
  I:002BH         SYMBOL        pwd_buffer
BL51 BANKED LINKER/LOCATER V6.22.4.0                                                  06/22/2026  08:27:47  PAGE 14


  C:1863H         SYMBOL        _calc_get_digit
  I:002EH         SYMBOL        system_state
  I:002FH         SYMBOL        second_num
  D:0098H         PUBLIC        SCON
  D:0088H         PUBLIC        TCON
  C:146FH         SYMBOL        pwd_input_service
  I:0033H         SYMBOL        oper
  C:1AFDH         SYMBOL        system_init
  I:0034H         SYMBOL        matrix_key
  C:18DCH         SYMBOL        _calc_is_digit
  B:00A8H.3       PUBLIC        ET1
  B:0088H.6       PUBLIC        TR1
  C:19B1H         SYMBOL        bright_service
  B:00B0H.5       PUBLIC        Main_XPT_CS
  I:0035H         SYMBOL        first_num
  C:1032H         SYMBOL        state_machine
  B:0020H.2       SYMBOL        has_dot
  D:00C8H         PUBLIC        T2CON
  C:05BAH         SYMBOL        calc_service
  I:0039H         SYMBOL        dot_cnt
  C:11C3H         SYMBOL        menu_screen_service
  C:1825H         PUBLIC        _LCD_DisplayNum2
  I:003AH         SYMBOL        pwd_idx
  B:00B0H.7       PUBLIC        Main_DS_DQ
  C:1590H         PUBLIC        _LCD_DisplayNum4
  C:178FH         SYMBOL        music_service
  D:00D0H         PUBLIC        PSW
  B:00A0H.5       PUBLIC        Beep
  -------         PROC          L?0188
  -------         ENDPROC       L?0188
  -------         PROC          _LCD_DISPLAYNUM2
  D:000AH         SYMBOL        row
  D:000BH         SYMBOL        col
  D:000CH         SYMBOL        num
  C:1825H         LINE#         137
  C:182DH         LINE#         138
  C:182DH         LINE#         141
  C:1843H         LINE#         142
  -------         ENDPROC       _LCD_DISPLAYNUM2
  -------         PROC          _LCD_DISPLAYNUM4
  D:000AH         SYMBOL        row
  D:000BH         SYMBOL        col
  D:000CH         SYMBOL        num
  C:1590H         LINE#         146
  C:1598H         LINE#         147
  C:1598H         LINE#         148
  C:15AEH         LINE#         149
  C:15D3H         LINE#         150
  C:15F9H         LINE#         151
  -------         ENDPROC       _LCD_DISPLAYNUM4
  -------         PROC          _LCD_DISPLAYTEMP
  D:000EH         SYMBOL        row
  D:000FH         SYMBOL        col
  D:0010H         SYMBOL        temp
  -------         DO            
  D:0014H         SYMBOL        temp_int
  -------         ENDDO         
BL51 BANKED LINKER/LOCATER V6.22.4.0                                                  06/22/2026  08:27:47  PAGE 15


  C:0E45H         LINE#         155
  C:0E49H         LINE#         156
  C:0E49H         LINE#         158
  C:0E5BH         LINE#         160
  C:0E5BH         LINE#         161
  C:0E64H         LINE#         162
  C:0E77H         LINE#         163
  C:0E79H         LINE#         165
  C:0E79H         LINE#         166
  C:0E82H         LINE#         167
  C:0E82H         LINE#         168
  C:0E9BH         LINE#         169
  C:0EAFH         LINE#         170
  C:0ED5H         LINE#         171
  C:0EE1H         LINE#         172
  C:0F07H         LINE#         173
  C:0F24H         LINE#         174
  C:0F30H         LINE#         175
  -------         ENDPROC       _LCD_DISPLAYTEMP
  C:0D26H         SYMBOL        L?0183
  -------         PROC          L?0182
  -------         ENDPROC       L?0182
  C:0D26H         SYMBOL        L?0183
  -------         PROC          _LCD_DISPLAYFIXEDPOINT
  D:000BH         SYMBOL        row
  D:000CH         SYMBOL        col
  D:000DH         SYMBOL        num
  -------         DO            
  D:0011H         SYMBOL        buf
  D:001CH         SYMBOL        i
  -------         ENDDO         
  C:0D2AH         LINE#         179
  C:0D2EH         LINE#         183
  C:0D2EH         LINE#         186
  C:0D31H         LINE#         187
  C:0D39H         LINE#         189
  C:0D39H         LINE#         190
  C:0D44H         LINE#         192
  C:0D57H         LINE#         193
  C:0D57H         LINE#         194
  C:0D6DH         LINE#         195
  C:0D8CH         LINE#         196
  C:0DABH         LINE#         197
  C:0DC5H         LINE#         198
  C:0DC8H         LINE#         199
  C:0DDBH         LINE#         200
  C:0DDBH         LINE#         201
  C:0DFAH         LINE#         202
  C:0E13H         LINE#         203
  C:0E15H         LINE#         204
  C:0E20H         LINE#         205
  C:0E20H         LINE#         206
  C:0E30H         LINE#         207
  C:0E40H         LINE#         208
  C:0E44H         LINE#         209
  -------         ENDPROC       _LCD_DISPLAYFIXEDPOINT
  C:1109H         SYMBOL        L?0181
BL51 BANKED LINKER/LOCATER V6.22.4.0                                                  06/22/2026  08:27:47  PAGE 16


  -------         PROC          L?0180
  -------         ENDPROC       L?0180
  C:1109H         SYMBOL        L?0181
  -------         PROC          _LCD_DISPLAYLONG
  D:000BH         SYMBOL        row
  D:000CH         SYMBOL        col
  D:000DH         SYMBOL        num
  -------         DO            
  D:0011H         SYMBOL        buf
  D:001CH         SYMBOL        i
  -------         ENDDO         
  C:1118H         LINE#         211
  C:111CH         LINE#         212
  C:111CH         LINE#         214
  C:111FH         LINE#         215
  C:112DH         LINE#         216
  C:112DH         LINE#         217
  C:1136H         LINE#         219
  C:1136H         LINE#         220
  C:113EH         LINE#         221
  C:113EH         LINE#         222
  C:1149H         LINE#         223
  C:1154H         LINE#         224
  C:1156H         LINE#         225
  C:1169H         LINE#         226
  C:1169H         LINE#         227
  C:1188H         LINE#         228
  C:11A1H         LINE#         229
  C:11A3H         LINE#         230
  C:11AEH         LINE#         231
  C:11AEH         LINE#         232
  C:11BEH         LINE#         233
  C:11C2H         LINE#         234
  -------         ENDPROC       _LCD_DISPLAYLONG
  -------         PROC          MAIN
  -------         DO            
  D:0009H         SYMBOL        i
  -------         ENDDO         
  C:1910H         LINE#         252
  C:1910H         LINE#         253
  C:1910H         LINE#         255
  C:1913H         LINE#         256
  C:191AH         LINE#         257
  C:191CH         LINE#         260
  C:191FH         LINE#         261
  C:191FH         LINE#         262
  C:1926H         LINE#         263
  C:192DH         LINE#         264
  C:1936H         LINE#         265
  C:193AH         LINE#         267
  C:193AH         LINE#         268
  C:193AH         LINE#         269
  C:1941H         LINE#         270
  C:1944H         LINE#         271
  -------         ENDPROC       MAIN
  -------         PROC          SYSTEM_INIT
  C:1AFDH         LINE#         277
BL51 BANKED LINKER/LOCATER V6.22.4.0                                                  06/22/2026  08:27:47  PAGE 17


  C:1AFDH         LINE#         278
  C:1AFDH         LINE#         279
  C:1B00H         LINE#         280
  C:1B03H         LINE#         281
  C:1B05H         LINE#         282
  C:1B07H         LINE#         283
  C:1B09H         LINE#         284
  C:1B0CH         LINE#         285
  C:1B0FH         LINE#         286
  C:1B12H         LINE#         287
  C:1B19H         LINE#         288
  -------         ENDPROC       SYSTEM_INIT
  -------         PROC          STATE_MACHINE
  -------         DO            
  I:0021H         SYMBOL        power_tick
  -------         ENDDO         
  C:1032H         LINE#         294
  C:1032H         LINE#         295
  C:1032H         LINE#         299
  C:1042H         LINE#         300
  C:104CH         LINE#         301
  C:104CH         LINE#         302
  C:105BH         LINE#         303
  C:105BH         LINE#         304
  C:1060H         LINE#         305
  C:1060H         LINE#         306
  C:1062H         LINE#         307
  C:1064H         LINE#         309
  C:1064H         LINE#         310
  C:1067H         LINE#         311
  C:1069H         LINE#         312
  C:106DH         LINE#         313
  C:106DH         LINE#         314
  C:106FH         LINE#         318
  C:106FH         LINE#         319
  C:106FH         LINE#         322
  C:1077H         LINE#         323
  C:1077H         LINE#         324
  C:108BH         LINE#         325
  C:108BH         LINE#         326
  C:108EH         LINE#         327
  C:1090H         LINE#         328
  C:1094H         LINE#         329
  C:1099H         LINE#         331
  C:1099H         LINE#         332
  C:1099H         LINE#         335
  C:10C3H         LINE#         336
  C:10C3H         LINE#         337
  C:10C3H         LINE#         338
  C:10C6H         LINE#         339
  C:10C6H         LINE#         340
  C:10C8H         LINE#         341
  C:10CBH         LINE#         342
  C:10D8H         LINE#         343
  C:10E5H         LINE#         344
  C:10E8H         LINE#         345
  C:10E8H         LINE#         346
BL51 BANKED LINKER/LOCATER V6.22.4.0                                                  06/22/2026  08:27:47  PAGE 18


  C:10E8H         LINE#         347
  C:10EBH         LINE#         348
  C:10EEH         LINE#         349
  C:10F1H         LINE#         350
  C:10F4H         LINE#         351
  C:10F7H         LINE#         352
  C:10FAH         LINE#         353
  C:10FDH         LINE#         354
  C:1100H         LINE#         355
  C:1106H         LINE#         356
  C:1106H         LINE#         357
  -------         ENDPROC       STATE_MACHINE
  -------         PROC          PWD_INPUT_SERVICE
  C:146FH         LINE#         363
  C:146FH         LINE#         364
  C:146FH         LINE#         365
  C:1477H         LINE#         366
  C:147AH         LINE#         367
  C:147AH         LINE#         368
  C:147CH         LINE#         369
  C:1480H         LINE#         370
  C:148DH         LINE#         371
  C:149AH         LINE#         372
  C:149AH         LINE#         373
  C:14A0H         LINE#         374
  C:14ADH         LINE#         375
  C:14ADH         LINE#         376
  C:14B9H         LINE#         377
  C:14C4H         LINE#         378
  C:14C7H         LINE#         379
  C:14CCH         LINE#         380
  C:14CCH         LINE#         381
  C:14D3H         LINE#         382
  C:14E3H         LINE#         383
  C:14E3H         LINE#         384
  C:14E6H         LINE#         385
  C:14E9H         LINE#         386
  C:14EBH         LINE#         388
  C:14EBH         LINE#         389
  C:14F8H         LINE#         390
  C:14FFH         LINE#         391
  C:14FFH         LINE#         392
  C:1503H         LINE#         393
  C:1503H         LINE#         394
  C:1503H         LINE#         395
  -------         ENDPROC       PWD_INPUT_SERVICE
  -------         PROC          MENU_SCREEN_SERVICE
  -------         DO            
  I:0023H         SYMBOL        page
  -------         ENDDO         
  C:11C3H         LINE#         398
  C:11C3H         LINE#         399
  C:11C3H         LINE#         402
  C:11CBH         LINE#         405
  C:11CEH         LINE#         406
  C:11D0H         LINE#         407
  C:11DDH         LINE#         408
BL51 BANKED LINKER/LOCATER V6.22.4.0                                                  06/22/2026  08:27:47  PAGE 19


  C:11EAH         LINE#         409
  C:11F2H         LINE#         410
  C:11FAH         LINE#         411
  C:1209H         LINE#         412
  C:120DH         LINE#         413
  C:120DH         LINE#         414
  C:120DH         LINE#         417
  C:1217H         LINE#         418
  C:121CH         LINE#         419
  C:121EH         LINE#         420
  C:1220H         LINE#         421
  C:1223H         LINE#         422
  C:1223H         LINE#         423
  C:1225H         LINE#         424
  C:1225H         LINE#         427
  C:122FH         LINE#         428
  C:122FH         LINE#         429
  C:1235H         LINE#         430
  C:1235H         LINE#         431
  C:1237H         LINE#         432
  C:1239H         LINE#         434
  C:1239H         LINE#         435
  C:123CH         LINE#         436
  C:123CH         LINE#         437
  C:123EH         LINE#         438
  C:123EH         LINE#         441
  C:1255H         LINE#         442
  C:1255H         LINE#         443
  C:125BH         LINE#         444
  C:1261H         LINE#         445
  C:1267H         LINE#         446
  C:126DH         LINE#         447
  C:1273H         LINE#         448
  C:127BH         LINE#         449
  C:127BH         LINE#         450
  C:127BH         LINE#         451
  -------         ENDPROC       MENU_SCREEN_SERVICE
  -------         PROC          BRIGHT_SERVICE
  -------         DO            
  I:0024H         SYMBOL        bright_tick
  -------         ENDDO         
  C:19B1H         LINE#         454
  C:19B1H         LINE#         456
  C:19C6H         LINE#         457
  C:19D5H         LINE#         458
  C:19E5H         LINE#         459
  C:19E5H         LINE#         460
  -------         ENDPROC       BRIGHT_SERVICE
  -------         PROC          TEMP_SERVICE
  -------         DO            
  I:0026H         SYMBOL        temp_tick
  D:000AH         SYMBOL        current_temp
  -------         ENDDO         
  C:1689H         LINE#         463
  C:1689H         LINE#         466
  C:16A1H         LINE#         467
  C:16B0H         LINE#         468
BL51 BANKED LINKER/LOCATER V6.22.4.0                                                  06/22/2026  08:27:47  PAGE 20


  C:16BBH         LINE#         469
  C:16CAH         LINE#         470
  C:16CDH         LINE#         472
  C:16E1H         LINE#         473
  C:16E5H         LINE#         474
  C:16E7H         LINE#         475
  C:16E8H         LINE#         476
  C:16EFH         LINE#         477
  C:16EFH         LINE#         478
  C:16EFH         LINE#         479
  -------         ENDPROC       TEMP_SERVICE
  -------         PROC          MUSIC_SERVICE
  C:178FH         LINE#         482
  C:178FH         LINE#         483
  C:1792H         LINE#         484
  C:1794H         LINE#         485
  C:1797H         LINE#         486
  C:17A4H         LINE#         487
  C:17B1H         LINE#         488
  C:17B4H         LINE#         489
  C:17B4H         LINE#         490
  C:17B7H         LINE#         491
  C:17BCH         LINE#         492
  C:17BFH         LINE#         493
  C:17CCH         LINE#         494
  C:17D9H         LINE#         495
  C:17D9H         LINE#         496
  -------         ENDPROC       MUSIC_SERVICE
  -------         PROC          CALC_SERVICE
  -------         DO            
  D:000AH         SYMBOL        d
  -------         ENDDO         
  C:05BAH         LINE#         499
  C:05BAH         LINE#         501
  C:05BDH         LINE#         502
  C:05BFH         LINE#         503
  C:05C2H         LINE#         504
  C:05CFH         LINE#         505
  C:05E5H         LINE#         506
  C:05E8H         LINE#         507
  C:05EDH         LINE#         508
  C:05EDH         LINE#         509
  C:05F5H         LINE#         510
  C:05F8H         LINE#         511
  C:0608H         LINE#         512
  C:060AH         LINE#         513
  C:060EH         LINE#         514
  C:0612H         LINE#         515
  C:0615H         LINE#         517
  C:0615H         LINE#         518
  C:0634H         LINE#         519
  C:0634H         LINE#         520
  C:0634H         LINE#         521
  C:063CH         LINE#         522
  C:063FH         LINE#         523
  C:064CH         LINE#         524
  C:0658H         LINE#         525
BL51 BANKED LINKER/LOCATER V6.22.4.0                                                  06/22/2026  08:27:47  PAGE 21


  C:065EH         LINE#         526
  C:0661H         LINE#         527
  C:0665H         LINE#         528
  C:0665H         LINE#         529
  C:0666H         LINE#         530
  C:0666H         LINE#         531
  C:066EH         LINE#         532
  C:0673H         LINE#         533
  C:0676H         LINE#         534
  C:06A2H         LINE#         535
  C:06ADH         LINE#         536
  C:06B2H         LINE#         537
  C:06E7H         LINE#         538
  C:06E7H         LINE#         539
  C:06EAH         LINE#         540
  C:06F7H         LINE#         541
  C:06FAH         LINE#         542
  C:0709H         LINE#         543
  C:0709H         LINE#         544
  C:0723H         LINE#         545
  C:0726H         LINE#         546
  C:072EH         LINE#         547
  C:0730H         LINE#         548
  C:0749H         LINE#         549
  C:0749H         LINE#         550
  C:0753H         LINE#         551
  C:075BH         LINE#         552
  C:0763H         LINE#         553
  C:076BH         LINE#         554
  C:0776H         LINE#         555
  C:077CH         LINE#         556
  C:0780H         LINE#         557
  C:0780H         LINE#         558
  C:0781H         LINE#         559
  C:0781H         LINE#         560
  C:0789H         LINE#         561
  C:0795H         LINE#         562
  C:07A5H         LINE#         563
  C:07AAH         LINE#         564
  C:07AEH         LINE#         565
  C:07AEH         LINE#         566
  C:07AFH         LINE#         567
  C:07AFH         LINE#         568
  C:07B7H         LINE#         569
  C:07BCH         LINE#         570
  C:07BFH         LINE#         571
  C:07EBH         LINE#         572
  C:07F6H         LINE#         573
  C:07FBH         LINE#         574
  C:0830H         LINE#         575
  C:0830H         LINE#         576
  C:0833H         LINE#         577
  C:0840H         LINE#         578
  C:0854H         LINE#         579
  C:0854H         LINE#         580
  C:085EH         LINE#         581
  C:0861H         LINE#         582
BL51 BANKED LINKER/LOCATER V6.22.4.0                                                  06/22/2026  08:27:47  PAGE 22


  C:0869H         LINE#         583
  C:086BH         LINE#         584
  C:0884H         LINE#         585
  C:0884H         LINE#         586
  C:0887H         LINE#         587
  C:0894H         LINE#         588
  C:089DH         LINE#         589
  C:08C0H         LINE#         590
  C:08E8H         LINE#         591
  C:0904H         LINE#         592
  C:090BH         LINE#         593
  C:0916H         LINE#         594
  C:092CH         LINE#         595
  C:092EH         LINE#         596
  C:093BH         LINE#         597
  C:093BH         LINE#         598
  C:093BH         LINE#         599
  C:093FH         LINE#         600
  C:093FH         LINE#         601
  C:0940H         LINE#         602
  C:0940H         LINE#         603
  C:0945H         LINE#         604
  C:0947H         LINE#         605
  C:0947H         LINE#         606
  C:0947H         LINE#         607
  C:0947H         LINE#         608
  -------         ENDPROC       CALC_SERVICE
  -------         PROC          TIME_SERVICE
  -------         DO            
  I:0028H         SYMBOL        time_disp_tick
  -------         ENDDO         
  C:1741H         LINE#         611
  C:1741H         LINE#         613
  C:1744H         LINE#         614
  C:1749H         LINE#         615
  C:1756H         LINE#         616
  C:1763H         LINE#         617
  C:1763H         LINE#         618
  C:1772H         LINE#         619
  C:1779H         LINE#         620
  C:1780H         LINE#         621
  C:178EH         LINE#         622
  C:178EH         LINE#         623
  -------         ENDPROC       TIME_SERVICE
  -------         PROC          UART_SERVICE
  -------         DO            
  D:000AH         SYMBOL        rx
  -------         ENDDO         
  C:16F0H         LINE#         626
  C:16F0H         LINE#         628
  C:16F3H         LINE#         629
  C:16F8H         LINE#         630
  C:1705H         LINE#         631
  C:1712H         LINE#         632
  C:1717H         LINE#         633
  C:1720H         LINE#         634
  C:1720H         LINE#         635
BL51 BANKED LINKER/LOCATER V6.22.4.0                                                  06/22/2026  08:27:47  PAGE 23


  C:1725H         LINE#         636
  C:172AH         LINE#         637
  C:1737H         LINE#         638
  C:1740H         LINE#         639
  C:1740H         LINE#         640
  -------         ENDPROC       UART_SERVICE
  C:185FH         SYMBOL        L?0185
  -------         PROC          L?0184
  -------         ENDPROC       L?0184
  C:185FH         SYMBOL        L?0185
  -------         PROC          _CALC_GET_DIGIT
  D:0007H         SYMBOL        key
  C:1863H         LINE#         643
  C:1863H         LINE#         644
  C:1869H         LINE#         645
  C:186FH         LINE#         646
  C:1875H         LINE#         647
  C:187BH         LINE#         648
  C:1881H         LINE#         649
  C:1887H         LINE#         650
  C:188DH         LINE#         651
  C:1893H         LINE#         652
  C:1899H         LINE#         653
  C:1899H         LINE#         654
  C:189BH         LINE#         655
  -------         ENDPROC       _CALC_GET_DIGIT
  C:18D8H         SYMBOL        L?0187
  -------         PROC          L?0186
  -------         ENDPROC       L?0186
  C:18D8H         SYMBOL        L?0187
  -------         PROC          _CALC_IS_DIGIT
  D:0007H         SYMBOL        key
  C:18DCH         LINE#         661
  C:18DCH         LINE#         662
  C:190FH         LINE#         666
  -------         ENDPROC       _CALC_IS_DIGIT
  -------         ENDMOD        MAIN

  -------         MODULE        LCD1602
  C:0000H         SYMBOL        _ICE_DUMMY_
  D:0080H         PUBLIC        P0
  D:0090H         PUBLIC        P1
  D:00A0H         PUBLIC        P2
  D:00B0H         PUBLIC        P3
  C:1CCFH         PUBLIC        LCD1602_clear
  D:00A8H         PUBLIC        IE
  D:00B8H         PUBLIC        IP
  B:00A0H.6       PUBLIC        LCD1602_RS
  B:00A0H.5       PUBLIC        LCD1602_RW
  C:1B74H         PUBLIC        _LCD1602_write_data
  D:0098H         PUBLIC        SCON
  C:1ABBH         PUBLIC        LCD1602_init
  D:0088H         PUBLIC        TCON
  C:1A59H         PUBLIC        _LCD1602_write_cmd
  B:00A0H.7       PUBLIC        LCD1602_E
  C:1ADDH         PUBLIC        _delay_ms
  D:00C8H         PUBLIC        T2CON
BL51 BANKED LINKER/LOCATER V6.22.4.0                                                  06/22/2026  08:27:47  PAGE 24


  C:1946H         PUBLIC        _LCD1602_display
  C:1BBDH         PUBLIC        _LCD1602_display_char
  D:00D0H         PUBLIC        PSW
  -------         PROC          _DELAY_MS
  D:0006H         SYMBOL        time
  -------         DO            
  D:0004H         SYMBOL        i
  D:0002H         SYMBOL        j
  -------         ENDDO         
  C:1ADDH         LINE#         14
  C:1ADDH         LINE#         15
  C:1ADDH         LINE#         17
  C:1AE7H         LINE#         18
  C:1AFCH         LINE#         19
  -------         ENDPROC       _DELAY_MS
  -------         PROC          L?0022
  -------         ENDPROC       L?0022
  -------         PROC          _LCD1602_WRITE_CMD
  D:0007H         SYMBOL        cmd
  C:1A59H         LINE#         25
  C:1A59H         LINE#         26
  C:1A59H         LINE#         27
  C:1A5CH         LINE#         28
  C:1A5EH         LINE#         29
  C:1A60H         LINE#         30
  C:1A61H         LINE#         32
  C:1A63H         LINE#         33
  C:1A64H         LINE#         35
  C:1A66H         LINE#         36
  C:1A69H         LINE#         37
  C:1A6BH         LINE#         39
  -------         ENDPROC       _LCD1602_WRITE_CMD
  -------         PROC          _LCD1602_WRITE_DATA
  D:0007H         SYMBOL        dat
  C:1B74H         LINE#         46
  C:1B74H         LINE#         47
  C:1B74H         LINE#         48
  C:1B77H         LINE#         49
  C:1B79H         LINE#         50
  C:1B7BH         LINE#         51
  C:1B7CH         LINE#         53
  C:1B7EH         LINE#         54
  C:1B7FH         LINE#         56
  C:1B81H         LINE#         57
  C:1B84H         LINE#         58
  C:1B86H         LINE#         60
  -------         ENDPROC       _LCD1602_WRITE_DATA
  -------         PROC          LCD1602_INIT
  C:1ABBH         LINE#         67
  C:1ABBH         LINE#         68
  C:1ABBH         LINE#         69
  C:1ABDH         LINE#         70
  C:1ABFH         LINE#         73
  C:1ABFH         LINE#         74
  C:1ABFH         LINE#         75
  C:1AC2H         LINE#         76
  C:1AC4H         LINE#         77
BL51 BANKED LINKER/LOCATER V6.22.4.0                                                  06/22/2026  08:27:47  PAGE 25


  C:1AC4H         LINE#         78
  C:1AC4H         LINE#         81
  C:1AC7H         LINE#         82
  C:1ACCH         LINE#         83
  C:1AD1H         LINE#         84
  C:1AD6H         LINE#         85
  -------         ENDPROC       LCD1602_INIT
  -------         PROC          _LCD1602_DISPLAY
  D:0007H         SYMBOL        row
  D:0005H         SYMBOL        col
  D:000EH         SYMBOL        str
  -------         DO            
  D:0011H         SYMBOL        addr
  -------         ENDDO         
  C:1946H         LINE#         92
  C:194CH         LINE#         93
  C:194CH         LINE#         95
  C:1950H         LINE#         96
  C:1956H         LINE#         98
  C:195AH         LINE#         100
  C:195FH         LINE#         102
  C:196BH         LINE#         103
  C:196BH         LINE#         104
  C:196EH         LINE#         105
  C:1979H         LINE#         106
  C:197BH         LINE#         107
  -------         ENDPROC       _LCD1602_DISPLAY
  -------         PROC          _LCD1602_DISPLAY_CHAR
  D:0007H         SYMBOL        row
  D:0005H         SYMBOL        col
  D:001DH         SYMBOL        chr
  -------         DO            
  D:0001H         SYMBOL        addr
  -------         ENDDO         
  C:1BBDH         LINE#         114
  C:1BBFH         LINE#         115
  C:1BBFH         LINE#         117
  C:1BC3H         LINE#         118
  C:1BC8H         LINE#         120
  C:1BCBH         LINE#         122
  C:1BD0H         LINE#         123
  -------         ENDPROC       _LCD1602_DISPLAY_CHAR
  -------         PROC          LCD1602_CLEAR
  C:1CCFH         LINE#         130
  C:1CCFH         LINE#         131
  C:1CCFH         LINE#         132
  C:1CD4H         LINE#         133
  -------         ENDPROC       LCD1602_CLEAR
  -------         ENDMOD        LCD1602

  -------         MODULE        ONEWIRE
  C:0000H         SYMBOL        _ICE_DUMMY_
  D:0090H         PUBLIC        P1
  C:1C77H         PUBLIC        _oneWire_sendByte
  D:00B0H         PUBLIC        P3
  B:00A8H.7       PUBLIC        EA
  C:1CB1H         SYMBOL        _oneWire_sendBit
BL51 BANKED LINKER/LOCATER V6.22.4.0                                                  06/22/2026  08:27:47  PAGE 26


  D:00A8H         PUBLIC        IE
  C:1CF2H         SYMBOL        delay600us
  D:00B8H         PUBLIC        IP
  D:0098H         PUBLIC        SCON
  D:0088H         PUBLIC        TCON
  C:1C34H         PUBLIC        oneWire_receiveByte
  C:1C62H         SYMBOL        oneWire_receiveBit
  B:00B0H.7       PUBLIC        oneWire_DQ
  C:1D0EH         SYMBOL        delay10us
  C:001EH         SYMBOL        delay60us
  D:00C8H         PUBLIC        T2CON
  C:1BD5H         PUBLIC        oneWire_init
  D:00D0H         PUBLIC        PSW
  -------         PROC          DELAY600US
  -------         DO            
  D:0007H         SYMBOL        i
  D:0006H         SYMBOL        j
  -------         ENDDO         
  C:1CF2H         LINE#         5
  C:1CF2H         LINE#         6
  C:1CF2H         LINE#         9
  C:1CF3H         LINE#         10
  C:1CF5H         LINE#         11
  C:1CF7H         LINE#         12
  C:1CF7H         LINE#         13
  C:1CF9H         LINE#         14
  C:1CFBH         LINE#         15
  -------         ENDPROC       DELAY600US
  -------         PROC          DELAY60US
  -------         DO            
  D:0007H         SYMBOL        i
  -------         ENDDO         
  C:001EH         LINE#         17
  C:001EH         LINE#         18
  C:001EH         LINE#         20
  C:0020H         LINE#         21
  C:0022H         LINE#         22
  -------         ENDPROC       DELAY60US
  -------         PROC          DELAY10US
  -------         DO            
  D:0007H         SYMBOL        i
  -------         ENDDO         
  C:1D0EH         LINE#         24
  C:1D0EH         LINE#         25
  C:1D0EH         LINE#         27
  C:1D10H         LINE#         28
  C:1D12H         LINE#         29
  -------         ENDPROC       DELAY10US
  -------         PROC          ONEWIRE_INIT
  -------         DO            
  B:0020H.6       SYMBOL        ack
  -------         ENDDO         
  C:1BD5H         LINE#         36
  C:1BD5H         LINE#         37
  C:1BD5H         LINE#         39
  C:1BD7H         LINE#         40
  C:1BD9H         LINE#         41
BL51 BANKED LINKER/LOCATER V6.22.4.0                                                  06/22/2026  08:27:47  PAGE 27


  C:1BDCH         LINE#         42
  C:1BDEH         LINE#         43
  C:1BE1H         LINE#         44
  C:1BE5H         LINE#         45
  C:1BE8H         LINE#         46
  C:1BEAH         LINE#         47
  C:1BECH         LINE#         48
  -------         ENDPROC       ONEWIRE_INIT
  -------         PROC          _ONEWIRE_SENDBIT
  D:0007H         SYMBOL        Bit
  C:1CB1H         LINE#         54
  C:1CB1H         LINE#         55
  C:1CB1H         LINE#         56
  C:1CB3H         LINE#         57
  C:1CB5H         LINE#         58
  C:1CBAH         LINE#         59
  C:1CBDH         LINE#         60
  C:1CBFH         LINE#         61
  C:1CC1H         LINE#         62
  -------         ENDPROC       _ONEWIRE_SENDBIT
  -------         PROC          ONEWIRE_RECEIVEBIT
  -------         DO            
  D:0006H         SYMBOL        Bit
  -------         ENDDO         
  C:1C62H         LINE#         68
  C:1C62H         LINE#         69
  C:1C62H         LINE#         76
  C:1C64H         LINE#         77
  C:1C66H         LINE#         78
  C:1C68H         LINE#         79
  C:1C6BH         LINE#         80
  C:1C70H         LINE#         81
  C:1C73H         LINE#         82
  C:1C75H         LINE#         83
  C:1C76H         LINE#         84
  -------         ENDPROC       ONEWIRE_RECEIVEBIT
  -------         PROC          _ONEWIRE_SENDBYTE
  D:0006H         SYMBOL        dat
  -------         DO            
  D:0005H         SYMBOL        i
  -------         ENDDO         
  C:1C77H         LINE#         90
  C:1C79H         LINE#         91
  C:1C79H         LINE#         93
  C:1C7BH         LINE#         94
  C:1C7BH         LINE#         95
  C:1C82H         LINE#         96
  C:1C86H         LINE#         97
  C:1C8AH         LINE#         98
  -------         ENDPROC       _ONEWIRE_SENDBYTE
  -------         PROC          ONEWIRE_RECEIVEBYTE
  -------         DO            
  D:0005H         SYMBOL        dat
  D:0004H         SYMBOL        i
  -------         ENDDO         
  C:1C34H         LINE#         104
  C:1C34H         LINE#         105
BL51 BANKED LINKER/LOCATER V6.22.4.0                                                  06/22/2026  08:27:47  PAGE 28


  C:1C34H         LINE#         106
  C:1C36H         LINE#         107
  C:1C37H         LINE#         108
  C:1C37H         LINE#         109
  C:1C3BH         LINE#         110
  C:1C41H         LINE#         111
  C:1C44H         LINE#         112
  C:1C48H         LINE#         113
  C:1C4AH         LINE#         114
  -------         ENDPROC       ONEWIRE_RECEIVEBYTE
  -------         ENDMOD        ONEWIRE

  -------         MODULE        TIMER
  C:0000H         SYMBOL        _ICE_DUMMY_
  D:0090H         PUBLIC        P1
  D:00A0H         PUBLIC        P2
  D:00B0H         PUBLIC        P3
  B:00A8H.7       PUBLIC        EA
  D:00A8H         PUBLIC        IE
  C:1B1CH         PUBLIC        reset_runtime
  I:0054H         SYMBOL        runtime_tick
  D:00B8H         PUBLIC        IP
  C:19E6H         PUBLIC        _sysTick_checked
  C:1C8BH         PUBLIC        T0_init
  C:1C9EH         PUBLIC        T1_init
  C:1D13H         PUBLIC        T2_init
  I:0056H         PUBLIC        runtime_hours
  D:0098H         PUBLIC        SCON
  D:0089H         PUBLIC        TMOD
  D:0088H         PUBLIC        TCON
  B:00A8H.1       PUBLIC        ET0
  B:00A8H.3       PUBLIC        ET1
  B:00A8H.5       PUBLIC        ET2
  D:008CH         PUBLIC        TH0
  D:008DH         PUBLIC        TH1
  D:008AH         PUBLIC        TL0
  D:008BH         PUBLIC        TL1
  C:127CH         PUBLIC        T0_ISR
  B:0088H.4       PUBLIC        TR0
  B:0088H.6       PUBLIC        TR1
  B:00C8H.2       PUBLIC        TR2
  I:0058H         PUBLIC        runtime_seconds
  I:005AH         PUBLIC        runtime_total_seconds
  D:00C8H         PUBLIC        T2CON
  I:005EH         PUBLIC        sysTick
  I:0060H         PUBLIC        runtime_minutes
  C:1CDBH         PUBLIC        get_current_sysTick
  D:00D0H         PUBLIC        PSW
  -------         PROC          T0_INIT
  C:1C8BH         LINE#         27
  C:1C8BH         LINE#         28
  C:1C8BH         LINE#         29
  C:1C93H         LINE#         31
  C:1C96H         LINE#         32
  C:1C99H         LINE#         38
  C:1C9BH         LINE#         39
  C:1C9DH         LINE#         40
BL51 BANKED LINKER/LOCATER V6.22.4.0                                                  06/22/2026  08:27:47  PAGE 29


  -------         ENDPROC       T0_INIT
  -------         PROC          T1_INIT
  C:1C9EH         LINE#         47
  C:1C9EH         LINE#         48
  C:1C9EH         LINE#         49
  C:1CA6H         LINE#         50
  C:1CACH         LINE#         51
  C:1CB0H         LINE#         52
  -------         ENDPROC       T1_INIT
  -------         PROC          T2_INIT
  C:1D13H         LINE#         54
  -------         ENDPROC       T2_INIT
  -------         PROC          T0_ISR
  C:127CH         LINE#         62
  C:1299H         LINE#         64
  C:129FH         LINE#         66
  C:12A2H         LINE#         67
  C:12A5H         LINE#         68
  C:12A8H         LINE#         70
  C:12B0H         LINE#         71
  C:12B8H         LINE#         73
  C:12C4H         LINE#         74
  C:12C4H         LINE#         75
  C:12C9H         LINE#         76
  C:12E0H         LINE#         77
  C:12E8H         LINE#         78
  C:12F4H         LINE#         79
  C:1301H         LINE#         80
  C:131AH         LINE#         81
  C:131AH         LINE#         82
  C:131AH         LINE#         83
  -------         ENDPROC       T0_ISR
  -------         PROC          GET_CURRENT_SYSTICK
  -------         DO            
  D:0006H         SYMBOL        t
  -------         ENDDO         
  C:1CDBH         LINE#         86
  C:1CDBH         LINE#         87
  C:1CDBH         LINE#         89
  C:1CE6H         LINE#         90
  C:1CE6H         LINE#         91
  -------         ENDPROC       GET_CURRENT_SYSTICK
  -------         PROC          _SYSTICK_CHECKED
  D:0001H         SYMBOL        last_tick
  D:000EH         SYMBOL        interval_ms
  -------         DO            
  D:0006H         SYMBOL        current
  -------         ENDDO         
  C:19E6H         LINE#         94
  C:19EAH         LINE#         95
  C:19EAH         LINE#         96
  C:19EDH         LINE#         97
  C:19FEH         LINE#         101
  C:1A16H         LINE#         103
  C:1A17H         LINE#         105
  -------         ENDPROC       _SYSTICK_CHECKED
  -------         PROC          RESET_RUNTIME
BL51 BANKED LINKER/LOCATER V6.22.4.0                                                  06/22/2026  08:27:47  PAGE 30


  C:1B1CH         LINE#         108
  C:1B1CH         LINE#         109
  C:1B1CH         LINE#         110
  C:1B2CH         LINE#         111
  C:1B3AH         LINE#         112
  -------         ENDPROC       RESET_RUNTIME
  -------         ENDMOD        TIMER

  -------         MODULE        UART
  C:0000H         SYMBOL        _ICE_DUMMY_
  D:0090H         PUBLIC        P1
  D:00B0H         PUBLIC        P3
  B:00A8H.7       PUBLIC        EA
  C:1C4BH         PUBLIC        UART_ISR
  D:00A8H         PUBLIC        IE
  B:00A8H.4       PUBLIC        ES
  D:00B8H         PUBLIC        IP
  B:0098H.0       PUBLIC        RI
  B:0098H.1       PUBLIC        TI
  C:1A72H         PUBLIC        _UART_SendString
  D:0099H         PUBLIC        SBUF
  C:1BEDH         PUBLIC        UART_Init
  D:0098H         PUBLIC        SCON
  D:0089H         PUBLIC        TMOD
  D:0088H         PUBLIC        TCON
  C:0003H         PUBLIC        _UART_SendByte
  B:0020H.3       SYMBOL        uart_mode
  I:001EH         SYMBOL        rx_buffer
  D:008DH         PUBLIC        TH1
  D:008BH         PUBLIC        TL1
  C:1CE7H         PUBLIC        UART_SetMode
  B:0088H.6       PUBLIC        TR1
  B:0020H.4       SYMBOL        rx_flag
  D:00C8H         PUBLIC        T2CON
  C:1C05H         PUBLIC        UART_Service
  D:00D0H         PUBLIC        PSW
  C:1CC2H         PUBLIC        UART_ReceiveByte
  -------         PROC          UART_INIT
  C:1BEDH         LINE#         13
  C:1BEDH         LINE#         14
  C:1BEDH         LINE#         21
  C:1BF0H         LINE#         22
  C:1BF8H         LINE#         23
  C:1BFBH         LINE#         24
  C:1BFEH         LINE#         25
  C:1C00H         LINE#         26
  C:1C02H         LINE#         27
  C:1C04H         LINE#         28
  -------         ENDPROC       UART_INIT
  -------         PROC          _UART_SENDBYTE
  D:0007H         SYMBOL        dat
  C:0003H         LINE#         34
  C:0003H         LINE#         35
  C:0003H         LINE#         36
  C:0005H         LINE#         39
  C:0008H         LINE#         41
  C:000AH         LINE#         42
BL51 BANKED LINKER/LOCATER V6.22.4.0                                                  06/22/2026  08:27:47  PAGE 31


  -------         ENDPROC       _UART_SENDBYTE
  -------         PROC          _UART_SENDSTRING
  D:000BH         SYMBOL        str
  C:1A72H         LINE#         48
  C:1A78H         LINE#         49
  C:1A78H         LINE#         50
  C:1A83H         LINE#         51
  C:1A83H         LINE#         52
  C:1A94H         LINE#         53
  C:1A96H         LINE#         54
  -------         ENDPROC       _UART_SENDSTRING
  -------         PROC          UART_RECEIVEBYTE
  -------         DO            
  D:0007H         SYMBOL        dat
  -------         ENDDO         
  C:1CC2H         LINE#         61
  C:1CC2H         LINE#         62
  C:1CC2H         LINE#         64
  C:1CC5H         LINE#         65
  C:1CC5H         LINE#         66
  C:1CC9H         LINE#         67
  C:1CCBH         LINE#         68
  C:1CCCH         LINE#         69
  C:1CCCH         LINE#         70
  C:1CCEH         LINE#         71
  -------         ENDPROC       UART_RECEIVEBYTE
  -------         PROC          UART_ISR
  C:1C4BH         LINE#         77
  C:1C52H         LINE#         79
  C:1C55H         LINE#         80
  C:1C55H         LINE#         81
  C:1C57H         LINE#         82
  C:1C5BH         LINE#         83
  C:1C5DH         LINE#         84
  C:1C5DH         LINE#         85
  -------         ENDPROC       UART_ISR
  -------         PROC          UART_SETMODE
  B:0020H.6       SYMBOL        enter
  C:1CE7H         LINE#         91
  C:1CE7H         LINE#         92
  C:1CE7H         LINE#         93
  C:1CEBH         LINE#         94
  C:1CEEH         LINE#         95
  C:1CEEH         LINE#         96
  C:1CF1H         LINE#         97
  C:1CF1H         LINE#         98
  -------         ENDPROC       UART_SETMODE
  -------         PROC          UART_SERVICE
  -------         DO            
  D:0006H         SYMBOL        rx_data
  -------         ENDDO         
  C:1C05H         LINE#         106
  C:1C05H         LINE#         107
  C:1C05H         LINE#         109
  C:1C0BH         LINE#         111
  C:1C10H         LINE#         112
  C:1C14H         LINE#         113
BL51 BANKED LINKER/LOCATER V6.22.4.0                                                  06/22/2026  08:27:47  PAGE 32


  C:1C14H         LINE#         114
  C:1C1AH         LINE#         115
  C:1C1AH         LINE#         116
  C:1C1CH         LINE#         117
  -------         ENDPROC       UART_SERVICE
  -------         ENDMOD        UART

  -------         MODULE        XPT2046
  C:0000H         SYMBOL        _ICE_DUMMY_
  D:0090H         PUBLIC        P1
  D:00B0H         PUBLIC        P3
  D:00A8H         PUBLIC        IE
  D:00B8H         PUBLIC        IP
  B:00B0H.7       PUBLIC        XPT_DOUT
  B:00B0H.7       PUBLIC        DQ_Isolation
  D:0098H         PUBLIC        SCON
  D:0088H         PUBLIC        TCON
  B:00B0H.6       PUBLIC        XPT_CLK
  B:00B0H.4       PUBLIC        XPT_DIN
  C:1B3BH         PUBLIC        _Read_AD_Data
  C:1A97H         SYMBOL        SPI_Read
  C:1B58H         SYMBOL        _SPI_Write
  D:00C8H         PUBLIC        T2CON
  B:00B0H.5       PUBLIC        XPT_CS
  D:00D0H         PUBLIC        PSW
  -------         PROC          _SPI_WRITE
  D:0007H         SYMBOL        dat
  -------         DO            
  D:0006H         SYMBOL        i
  -------         ENDDO         
  C:1B58H         LINE#         11
  C:1B58H         LINE#         12
  C:1B58H         LINE#         21
  C:1B5AH         LINE#         22
  C:1B5CH         LINE#         23
  C:1B5CH         LINE#         24
  C:1B67H         LINE#         25
  C:1B6BH         LINE#         26
  C:1B6DH         LINE#         27
  C:1B6FH         LINE#         28
  C:1B73H         LINE#         29
  -------         ENDPROC       _SPI_WRITE
  -------         PROC          SPI_READ
  -------         DO            
  D:0004H         SYMBOL        i
  D:0006H         SYMBOL        dat
  -------         ENDDO         
  C:1A97H         LINE#         32
  C:1A97H         LINE#         33
  C:1A97H         LINE#         34
  C:1A9AH         LINE#         35
  C:1A9CH         LINE#         36
  C:1A9EH         LINE#         37
  C:1A9EH         LINE#         44
  C:1AA5H         LINE#         45
  C:1AA7H         LINE#         46
  C:1AA9H         LINE#         47
BL51 BANKED LINKER/LOCATER V6.22.4.0                                                  06/22/2026  08:27:47  PAGE 33


  C:1AAFH         LINE#         48
  C:1ABAH         LINE#         49
  C:1ABAH         LINE#         50
  -------         ENDPROC       SPI_READ
  -------         PROC          _READ_AD_DATA
  D:0007H         SYMBOL        cmd
  -------         DO            
  D:0007H         SYMBOL        i
  D:0006H         SYMBOL        AD_Value
  -------         ENDDO         
  C:1B3BH         LINE#         52
  C:1B3BH         LINE#         53
  C:1B3BH         LINE#         59
  C:1B3DH         LINE#         61
  C:1B3FH         LINE#         62
  C:1B41H         LINE#         63
  C:1B44H         LINE#         65
  C:1B48H         LINE#         67
  C:1B4AH         LINE#         68
  C:1B4CH         LINE#         69
  C:1B4EH         LINE#         70
  C:1B50H         LINE#         72
  C:1B53H         LINE#         73
  C:1B55H         LINE#         76
  C:1B57H         LINE#         78
  C:1B57H         LINE#         79
  -------         ENDPROC       _READ_AD_DATA
  -------         ENDMOD        XPT2046

  -------         MODULE        ?C?FPMUL
  C:0026H         PUBLIC        ?C?FPMUL
  -------         ENDMOD        ?C?FPMUL

  -------         MODULE        ?C?FPDIV
  C:012FH         PUBLIC        ?C?FPDIV
  -------         ENDMOD        ?C?FPDIV

  -------         MODULE        ?C?FPCMP
  C:01CEH         PUBLIC        ?C?FPCMP
  C:01CCH         PUBLIC        ?C?FPCMP3
  -------         ENDMOD        ?C?FPCMP

  -------         MODULE        ?C?FPNEG
  C:0245H         PUBLIC        ?C?FPNEG
  -------         ENDMOD        ?C?FPNEG

  -------         MODULE        ?C?FCAST
  C:0260H         PUBLIC        ?C?FCASTC
  C:025BH         PUBLIC        ?C?FCASTI
  C:0256H         PUBLIC        ?C?FCASTL
  -------         ENDMOD        ?C?FCAST

  -------         MODULE        ?C?CASTF
  C:0294H         PUBLIC        ?C?CASTF
  -------         ENDMOD        ?C?CASTF

  -------         MODULE        ?C?CLDPTR
BL51 BANKED LINKER/LOCATER V6.22.4.0                                                  06/22/2026  08:27:47  PAGE 34


  C:0315H         PUBLIC        ?C?CLDPTR
  -------         ENDMOD        ?C?CLDPTR

  -------         MODULE        ?C?IMUL
  C:032EH         PUBLIC        ?C?IMUL
  -------         ENDMOD        ?C?IMUL

  -------         MODULE        ?C?UIDIV
  C:0340H         PUBLIC        ?C?UIDIV
  -------         ENDMOD        ?C?UIDIV

  -------         MODULE        ?C?SIDIV
  C:0395H         PUBLIC        ?C?SIDIV
  -------         ENDMOD        ?C?SIDIV

  -------         MODULE        ?C?ILDPTR
  C:03CBH         PUBLIC        ?C?ILDPTR
  -------         ENDMOD        ?C?ILDPTR

  -------         MODULE        ?C?ISTPTR
  C:03F6H         PUBLIC        ?C?ISTPTR
  -------         ENDMOD        ?C?ISTPTR

  -------         MODULE        ?C?LMUL
  C:0415H         PUBLIC        ?C?LMUL
  -------         ENDMOD        ?C?LMUL

  -------         MODULE        ?C?SLDIV
  C:17DAH         PUBLIC        ?C?SLDIV
  -------         ENDMOD        ?C?SLDIV

  -------         MODULE        ?C?LNEG
  C:0464H         PUBLIC        ?C?LNEG
  -------         ENDMOD        ?C?LNEG

  -------         MODULE        ?C?SLCMP
  C:0472H         PUBLIC        ?C?SLCMP
  -------         ENDMOD        ?C?SLCMP

  -------         MODULE        ?C?LLDIDATA
  C:0488H         PUBLIC        ?C?LLDIDATA
  -------         ENDMOD        ?C?LLDIDATA

  -------         MODULE        ?C?LLDIDATA0
  C:0494H         PUBLIC        ?C?LLDIDATA0
  -------         ENDMOD        ?C?LLDIDATA0

  -------         MODULE        ?C?LSTIDATA
  C:04A1H         PUBLIC        ?C?LSTIDATA
  -------         ENDMOD        ?C?LSTIDATA

  -------         MODULE        ?C?LSTKIDATA
  C:04ADH         PUBLIC        ?C?LSTKIDATA
  -------         ENDMOD        ?C?LSTKIDATA

  -------         MODULE        ?C?CCASE
  C:04C6H         PUBLIC        ?C?CCASE
BL51 BANKED LINKER/LOCATER V6.22.4.0                                                  06/22/2026  08:27:47  PAGE 35


  -------         ENDMOD        ?C?CCASE

  -------         MODULE        ?C?ULDIV
  C:0528H         PUBLIC        ?C?ULDIV
  -------         ENDMOD        ?C?ULDIV

Program Size: data=106.7 xdata=0 code=7451
LINK/LOCATE RUN COMPLETE.  0 WARNING(S),  0 ERROR(S)
