C51 COMPILER V9.60.7.0   DS18B20                                                           06/06/2026 16:03:52 PAGE 1   


C51 COMPILER V9.60.7.0, COMPILATION OF MODULE DS18B20
OBJECT MODULE PLACED IN .\Objects\ds18b20.obj
COMPILER INVOKED BY: D:\A_microcontroller\C51\BIN\C51.EXE ds18b20.c OPTIMIZE(8,SPEED) BROWSE DEBUG OBJECTEXTEND PRINT(.\
                    -Listings\ds18b20.lst) TABS(2) OBJECT(.\Objects\ds18b20.obj)

line level    source

   1          #include "ds18b20.h"
   2          
   3          // 显式声明外部触控芯片片选，用于拉高隔离 [cite: 1141, 1142]
   4          sbit AD_CS_Isolation = P3^5;
   5          
   6          u8 ds18B20_convertT(void)
   7          {
   8   1          // 隔离保护：强制释放XPT2046对P3.7(DOUT)总线的可能占用 [cite: 1145]
   9   1          AD_CS_Isolation = 1; // [cite: 1146]
  10   1      
  11   1          if (oneWire_init() != 0) // [cite: 1147]
  12   1              return 0; // 不在线 [cite: 1148]
  13   1          oneWire_sendByte(SKIP_ROM); // [cite: 1149]
  14   1          oneWire_sendByte(CONVERT_T); // [cite: 1150]
  15   1          return 1;  // 在线 [cite: 1151]
  16   1      }
  17          
  18          float ds18B20_read_temperture(void)
  19          {
  20   1          u8 TLSB, TMSB; // [cite: 1155]
  21   1          int temp; // [cite: 1156]
  22   1          float temperture = 0.0f; // [cite: 1157]
  23   1      
  24   1          AD_CS_Isolation = 1; // 强制隔离保护触控芯片 [cite: 1158]
  25   1      
  26   1          if (oneWire_init() == 0) // 有器件应答 [cite: 1159]
  27   1          {
  28   2              oneWire_sendByte(SKIP_ROM); // [cite: 1161]
  29   2              oneWire_sendByte(READ_REGISTER); // [cite: 1162]
  30   2              TLSB = oneWire_receiveByte(); // [cite: 1163]
  31   2              TMSB = oneWire_receiveByte(); // [cite: 1164]
  32   2              temp = ((int)TMSB << 8) | TLSB; // [cite: 1165]
  33   2      
  34   2              // 处理正负温度 [cite: 1166]
  35   2              if (TMSB & 0xF8) // [cite: 1167]
  36   2              {
  37   3                  temp = ~temp + 1; // [cite: 1169]
  38   3                  temperture = -temp / 16.0f; // [cite: 1170]
  39   3              }
  40   2              else // [cite: 1172]
  41   2              {
  42   3                  temperture = temp / 16.0f; // [cite: 1174]
  43   3              }
  44   2          }
  45   1          return temperture; // [cite: 1177]
  46   1      }


MODULE INFORMATION:   STATIC OVERLAYABLE
   CODE SIZE        =    138    ----
   CONSTANT SIZE    =   ----    ----
   XDATA SIZE       =   ----    ----
   PDATA SIZE       =   ----    ----
   DATA SIZE        =   ----       7
C51 COMPILER V9.60.7.0   DS18B20                                                           06/06/2026 16:03:52 PAGE 2   

   IDATA SIZE       =   ----    ----
   BIT SIZE         =   ----    ----
END OF MODULE INFORMATION.


C51 COMPILATION COMPLETE.  0 WARNING(S),  0 ERROR(S)
