BL51 BANKED LINKER/LOCATER V6.22.4.0                                                    06/16/2026  12:05:58  PAGE 1


BL51 BANKED LINKER/LOCATER V6.22.4.0, INVOKED BY:
D:\A_MICROCONTROLLER\C51\BIN\BL51.EXE .\Objects\buzzer.obj, .\Objects\ds18b20.obj, .\Objects\key.obj, .\Objects\key_matr
>> ix.obj, .\Objects\lcd1602.obj, .\Objects\main.obj, .\Objects\onewire.obj, .\Objects\timer.obj, .\Objects\uart.obj, .\
>> Objects\xpt2046.obj TO .\Objects\terminal PRINT (.\Listings\terminal.m51) RAMSIZE (256)


MEMORY MODEL: SMALL WITH FLOATING POINT ARITHMETIC


INPUT MODULES INCLUDED:
  .\Objects\buzzer.obj (BUZZER)
  .\Objects\ds18b20.obj (DS18B20)
  .\Objects\key.obj (KEY)
  .\Objects\key_matrix.obj (KEY_MATRIX)
  .\Objects\lcd1602.obj (LCD1602)
  .\Objects\main.obj (MAIN)
  .\Objects\onewire.obj (ONEWIRE)
  .\Objects\timer.obj (TIMER)
  .\Objects\uart.obj (UART)
  .\Objects\xpt2046.obj (XPT2046)
  D:\A_MICROCONTROLLER\C51\LIB\C51FPS.LIB (?C?FPMUL)
  D:\A_MICROCONTROLLER\C51\LIB\C51FPS.LIB (?C?FPDIV)
  D:\A_MICROCONTROLLER\C51\LIB\C51FPS.LIB (?C?FPCMP)
  D:\A_MICROCONTROLLER\C51\LIB\C51FPS.LIB (?C?FPNEG)
  D:\A_MICROCONTROLLER\C51\LIB\C51FPS.LIB (?C?FCAST)
  D:\A_MICROCONTROLLER\C51\LIB\C51FPS.LIB (?C?CASTF)
  D:\A_MICROCONTROLLER\C51\LIB\C51FPS.LIB (?C?FPGETOPN)
  D:\A_MICROCONTROLLER\C51\LIB\C51S.LIB (?C_STARTUP)
  D:\A_MICROCONTROLLER\C51\LIB\C51S.LIB (?C?CLDPTR)
  D:\A_MICROCONTROLLER\C51\LIB\C51S.LIB (?C?IMUL)
  D:\A_MICROCONTROLLER\C51\LIB\C51S.LIB (?C?UIDIV)
  D:\A_MICROCONTROLLER\C51\LIB\C51S.LIB (?C?SIDIV)
  D:\A_MICROCONTROLLER\C51\LIB\C51S.LIB (?C?ILDPTR)
  D:\A_MICROCONTROLLER\C51\LIB\C51S.LIB (?C?ISTPTR)
  D:\A_MICROCONTROLLER\C51\LIB\C51S.LIB (?C?LMUL)
  D:\A_MICROCONTROLLER\C51\LIB\C51S.LIB (?C?SLDIV)
  D:\A_MICROCONTROLLER\C51\LIB\C51S.LIB (?C?LNEG)
  D:\A_MICROCONTROLLER\C51\LIB\C51S.LIB (?C?SLCMP)
  D:\A_MICROCONTROLLER\C51\LIB\C51S.LIB (?C?LLDIDATA)
  D:\A_MICROCONTROLLER\C51\LIB\C51S.LIB (?C?LLDIDATA0)
  D:\A_MICROCONTROLLER\C51\LIB\C51S.LIB (?C?LSTIDATA)
  D:\A_MICROCONTROLLER\C51\LIB\C51S.LIB (?C?LSTKIDATA)
  D:\A_MICROCONTROLLER\C51\LIB\C51S.LIB (?C?CCASE)
  D:\A_MICROCONTROLLER\C51\LIB\C51S.LIB (?C_INIT)
  D:\A_MICROCONTROLLER\C51\LIB\C51S.LIB (?C?ULDIV)


LINK MAP OF MODULE:  .\Objects\terminal (BUZZER)


            TYPE    BASE      LENGTH    RELOCATION   SEGMENT NAME
            -----------------------------------------------------

            * * * * * * *   D A T A   M E M O R Y   * * * * * * *
            REG     0000H     0008H     ABSOLUTE     "REG BANK 0"
            DATA    0008H     0016H     UNIT         _DATA_GROUP_
            IDATA   001EH     0001H     UNIT         ?ID?UART
                    001FH     0001H                  *** GAP ***
BL51 BANKED LINKER/LOCATER V6.22.4.0                                                  06/16/2026  12:05:58  PAGE 2


            BIT     0020H.0   0000H.3   UNIT         ?BI?MAIN
            BIT     0020H.3   0000H.2   UNIT         ?BI?UART
            BIT     0020H.5   0000H.1   UNIT         ?BI?BUZZER
            BIT     0020H.6   0000H.1   UNIT         _BIT_GROUP_
                    0020H.7   0000H.1                *** GAP ***
            IDATA   0021H     001AH     UNIT         ?ID?MAIN
            IDATA   003BH     0019H     UNIT         ?ID?KEY
            IDATA   0054H     000EH     UNIT         ?ID?TIMER
            IDATA   0062H     0005H     UNIT         ?ID?BUZZER
            IDATA   0067H     0004H     UNIT         ?ID?KEY_MATRIX
            IDATA   006BH     0001H     UNIT         ?STACK

            * * * * * * *   C O D E   M E M O R Y   * * * * * * *
            CODE    0000H     0003H     ABSOLUTE     
            CODE    0003H     0008H     UNIT         ?PR?_UART_SENDBYTE?UART
            CODE    000BH     0003H     ABSOLUTE     
            CODE    000EH     000DH     UNIT         ?PR?BUZZER_PLAYQINGHUACI?BUZZER
            CODE    001BH     0003H     ABSOLUTE     
            CODE    001EH     0005H     UNIT         ?PR?DELAY60US?ONEWIRE
            CODE    0023H     0003H     ABSOLUTE     
            CODE    0026H     0594H     UNIT         ?C?LIB_CODE
            CODE    05BAH     038EH     UNIT         ?PR?CALC_SERVICE?MAIN
            CODE    0948H     0164H     UNIT         ?CO?BUZZER
            CODE    0AACH     0142H     UNIT         ?CO?MAIN
            CODE    0BEEH     012DH     UNIT         ?PR?KEY_TICK?KEY
            CODE    0D1BH     012AH     UNIT         ?PR?_LCD_DISPLAYFIXEDPOINT?MAIN
            CODE    0E45H     00F7H     UNIT         ?PR?_LCD_DISPLAYTEMP?MAIN
            CODE    0F3CH     00F6H     UNIT         ?PR?MATRIXKEY_TICK?KEY_MATRIX
            CODE    1032H     00D5H     UNIT         ?PR?STATE_MACHINE?MAIN
            CODE    1107H     00BCH     UNIT         ?PR?_LCD_DISPLAYLONG?MAIN
            CODE    11C3H     00B9H     UNIT         ?PR?MENU_SCREEN_SERVICE?MAIN
            CODE    127CH     00B9H     UNIT         ?PR?T0_ISR?TIMER
            CODE    1335H     00A4H     UNIT         ?PR?BUZZER_SERVICE?BUZZER
            CODE    13D9H     0096H     UNIT         ?C_INITSEG
            CODE    146FH     0095H     UNIT         ?PR?PWD_INPUT_SERVICE?MAIN
            CODE    1504H     008CH     UNIT         ?C_C51STARTUP
            CODE    1590H     0086H     UNIT         ?PR?_LCD_DISPLAYNUM4?MAIN
            CODE    1616H     0073H     UNIT         ?PR?DS18B20_READ_TEMPERTURE?DS18B20
            CODE    1689H     0067H     UNIT         ?PR?TEMP_SERVICE?MAIN
            CODE    16F0H     005AH     UNIT         ?PR?_READ_AD_DATA?XPT2046
            CODE    174AH     0051H     UNIT         ?PR?UART_SERVICE?MAIN
            CODE    179BH     004EH     UNIT         ?PR?TIME_SERVICE?MAIN
            CODE    17E9H     004BH     UNIT         ?PR?MUSIC_SERVICE?MAIN
            CODE    1834H     0044H     UNIT         ?C?LDIV
            CODE    1878H     0041H     UNIT         ?PR?_LCD_DISPLAYNUM2?MAIN
            CODE    18B9H     003DH     UNIT         ?PR?_CALC_GET_DIGIT?MAIN
            CODE    18F6H     003CH     UNIT         ?PR?T1_ISR_BUZZER?BUZZER
            CODE    1932H     0038H     UNIT         ?PR?_CALC_IS_DIGIT?MAIN
            CODE    196AH     0036H     UNIT         ?PR?MAIN?MAIN
            CODE    19A0H     0035H     UNIT         ?PR?_KEY_GETSTATE?KEY
            CODE    19D5H     0035H     UNIT         ?PR?BRIGHT_SERVICE?MAIN
            CODE    1A0AH     0032H     UNIT         ?PR?_SYSTICK_CHECKED?TIMER
            CODE    1A3CH     002EH     UNIT         ?PR?BUZZER_BEATTICK?BUZZER
            CODE    1A6AH     0028H     UNIT         ?PR?_LCD1602_DISPLAY?LCD1602
            CODE    1A92H     0025H     UNIT         ?PR?_UART_SENDSTRING?UART
            CODE    1AB7H     0022H     UNIT         ?PR?LCD1602_INIT?LCD1602
            CODE    1AD9H     0020H     UNIT         ?PR?_DELAY_MS?LCD1602
BL51 BANKED LINKER/LOCATER V6.22.4.0                                                  06/16/2026  12:05:58  PAGE 3


            CODE    1AF9H     001FH     UNIT         ?PR?SYSTEM_INIT?MAIN
            CODE    1B18H     001FH     UNIT         ?PR?RESET_RUNTIME?TIMER
            CODE    1B37H     0018H     UNIT         ?PR?_KEY_CHECK?KEY
            CODE    1B4FH     0018H     UNIT         ?PR?KEY_SCAN_HARDWARE?KEY_MATRIX
            CODE    1B67H     0018H     UNIT         ?PR?ONEWIRE_INIT?ONEWIRE
            CODE    1B7FH     0018H     UNIT         ?PR?UART_INIT?UART
            CODE    1B97H     0018H     UNIT         ?PR?UART_SERVICE?UART
            CODE    1BAFH     0017H     UNIT         ?PR?DS18B20_CONVERTT?DS18B20
            CODE    1BC6H     0017H     UNIT         ?PR?ONEWIRE_RECEIVEBYTE?ONEWIRE
            CODE    1BDDH     0017H     UNIT         ?PR?UART_ISR?UART
            CODE    1BF4H     0015H     UNIT         ?PR?_LCD1602_WRITE_CMD?LCD1602
            CODE    1C09H     0015H     UNIT         ?PR?ONEWIRE_RECEIVEBIT?ONEWIRE
            CODE    1C1EH     0014H     UNIT         ?PR?_LCD1602_POSITION?LCD1602
            CODE    1C32H     0014H     UNIT         ?PR?_ONEWIRE_SENDBYTE?ONEWIRE
            CODE    1C46H     0013H     UNIT         ?PR?T0_INIT?TIMER
            CODE    1C59H     0013H     UNIT         ?PR?T1_INIT?TIMER
            CODE    1C6CH     0011H     UNIT         ?PR?_LCD1602_WRITE_DATA?LCD1602
            CODE    1C7DH     0011H     UNIT         ?PR?_ONEWIRE_SENDBIT?ONEWIRE
            CODE    1C8EH     000DH     UNIT         ?PR?UART_RECEIVEBYTE?UART
            CODE    1C9BH     000CH     UNIT         ?PR?LCD1602_CLEAR?LCD1602
            CODE    1CA7H     000CH     UNIT         ?PR?GET_CURRENT_SYSTICK?TIMER
            CODE    1CB3H     000BH     UNIT         ?PR?UART_SETMODE?UART
            CODE    1CBEH     000AH     UNIT         ?PR?_LCD1602_DISPLAY_CHAR?LCD1602
            CODE    1CC8H     000AH     UNIT         ?PR?DELAY600US?ONEWIRE
            CODE    1CD2H     0009H     UNIT         ?PR?BUZZER_STOP?BUZZER
            CODE    1CDBH     0009H     UNIT         ?PR?KEY_GET_VALUE?KEY_MATRIX
            CODE    1CE4H     0005H     UNIT         ?PR?DELAY10US?ONEWIRE
            CODE    1CE9H     0005H     UNIT         ?PR?T2_INIT?TIMER
            CODE    1CEEH     0003H     UNIT         ?PR?BUZZER_ISPLAYING?BUZZER



OVERLAY MAP OF MODULE:   .\Objects\terminal (BUZZER)


SEGMENT                                        BIT_GROUP          DATA_GROUP 
  +--> CALLED SEGMENT                       START    LENGTH     START    LENGTH
-------------------------------------------------------------------------------
?PR?T1_ISR_BUZZER?BUZZER                    -----    -----      -----    -----
  +--> ?CO?BUZZER

*** NEW ROOT ***************************************************

?PR?T0_ISR?TIMER                            -----    -----      -----    -----
  +--> ?PR?MATRIXKEY_TICK?KEY_MATRIX
  +--> ?PR?KEY_TICK?KEY
  +--> ?PR?BUZZER_BEATTICK?BUZZER

?PR?MATRIXKEY_TICK?KEY_MATRIX               -----    -----      0008H    0001H
  +--> ?PR?KEY_SCAN_HARDWARE?KEY_MATRIX

?PR?KEY_TICK?KEY                            -----    -----      -----    -----
  +--> ?PR?_KEY_GETSTATE?KEY

*** NEW ROOT ***************************************************

?C_C51STARTUP                               -----    -----      -----    -----
BL51 BANKED LINKER/LOCATER V6.22.4.0                                                  06/16/2026  12:05:58  PAGE 4


  +--> ?PR?MAIN?MAIN
  +--> ?C_INITSEG

?PR?MAIN?MAIN                               -----    -----      0009H    0001H
  +--> ?PR?SYSTEM_INIT?MAIN
  +--> ?PR?_DELAY_MS?LCD1602
  +--> ?PR?KEY_GET_VALUE?KEY_MATRIX
  +--> ?PR?STATE_MACHINE?MAIN

?PR?SYSTEM_INIT?MAIN                        -----    -----      -----    -----
  +--> ?PR?T0_INIT?TIMER
  +--> ?PR?T1_INIT?TIMER
  +--> ?PR?T2_INIT?TIMER
  +--> ?PR?_DELAY_MS?LCD1602
  +--> ?PR?LCD1602_INIT?LCD1602

?PR?LCD1602_INIT?LCD1602                    -----    -----      -----    -----
  +--> ?PR?_DELAY_MS?LCD1602
  +--> ?PR?_LCD1602_WRITE_CMD?LCD1602

?PR?_LCD1602_WRITE_CMD?LCD1602              -----    -----      -----    -----
  +--> ?PR?_DELAY_MS?LCD1602

?PR?STATE_MACHINE?MAIN                      -----    -----      -----    -----
  +--> ?PR?_KEY_CHECK?KEY
  +--> ?PR?_SYSTICK_CHECKED?TIMER
  +--> ?PR?BUZZER_STOP?BUZZER
  +--> ?PR?LCD1602_CLEAR?LCD1602
  +--> ?CO?MAIN
  +--> ?PR?_LCD1602_DISPLAY?LCD1602
  +--> ?PR?RESET_RUNTIME?TIMER
  +--> ?PR?PWD_INPUT_SERVICE?MAIN
  +--> ?PR?MENU_SCREEN_SERVICE?MAIN
  +--> ?PR?BRIGHT_SERVICE?MAIN
  +--> ?PR?TEMP_SERVICE?MAIN
  +--> ?PR?MUSIC_SERVICE?MAIN
  +--> ?PR?CALC_SERVICE?MAIN
  +--> ?PR?TIME_SERVICE?MAIN
  +--> ?PR?UART_SERVICE?MAIN

?PR?_SYSTICK_CHECKED?TIMER                  -----    -----      000EH    0002H
  +--> ?PR?GET_CURRENT_SYSTICK?TIMER

?PR?LCD1602_CLEAR?LCD1602                   -----    -----      -----    -----
  +--> ?PR?_LCD1602_WRITE_CMD?LCD1602
  +--> ?PR?_DELAY_MS?LCD1602

?PR?_LCD1602_DISPLAY?LCD1602                -----    -----      000EH    0003H
  +--> ?PR?_LCD1602_POSITION?LCD1602
  +--> ?PR?_LCD1602_WRITE_DATA?LCD1602

?PR?_LCD1602_POSITION?LCD1602               -----    -----      -----    -----
  +--> ?PR?_LCD1602_WRITE_CMD?LCD1602

?PR?PWD_INPUT_SERVICE?MAIN                  -----    -----      -----    -----
  +--> ?PR?LCD1602_CLEAR?LCD1602
  +--> ?CO?MAIN
BL51 BANKED LINKER/LOCATER V6.22.4.0                                                  06/16/2026  12:05:58  PAGE 5


  +--> ?PR?_LCD1602_DISPLAY?LCD1602
  +--> ?PR?_CALC_IS_DIGIT?MAIN
  +--> ?PR?_CALC_GET_DIGIT?MAIN
  +--> ?PR?_LCD1602_DISPLAY_CHAR?LCD1602
  +--> ?PR?_DELAY_MS?LCD1602
  +--> ?PR?RESET_RUNTIME?TIMER

?PR?_LCD1602_DISPLAY_CHAR?LCD1602           -----    -----      001DH    0001H
  +--> ?PR?_LCD1602_POSITION?LCD1602
  +--> ?PR?_LCD1602_WRITE_DATA?LCD1602

?PR?MENU_SCREEN_SERVICE?MAIN                -----    -----      -----    -----
  +--> ?PR?LCD1602_CLEAR?LCD1602
  +--> ?CO?MAIN
  +--> ?PR?_LCD1602_DISPLAY?LCD1602
  +--> ?PR?_KEY_CHECK?KEY

?PR?BRIGHT_SERVICE?MAIN                     -----    -----      -----    -----
  +--> ?PR?LCD1602_CLEAR?LCD1602
  +--> ?CO?MAIN
  +--> ?PR?_LCD1602_DISPLAY?LCD1602
  +--> ?PR?_SYSTICK_CHECKED?TIMER
  +--> ?PR?_READ_AD_DATA?XPT2046
  +--> ?PR?_LCD_DISPLAYNUM4?MAIN

?PR?_READ_AD_DATA?XPT2046                   -----    -----      000AH    0001H

?PR?_LCD_DISPLAYNUM4?MAIN                   -----    -----      000AH    0004H
  +--> ?PR?_LCD1602_DISPLAY_CHAR?LCD1602

?PR?TEMP_SERVICE?MAIN                       -----    -----      000AH    0004H
  +--> ?PR?LCD1602_CLEAR?LCD1602
  +--> ?CO?MAIN
  +--> ?PR?_LCD1602_DISPLAY?LCD1602
  +--> ?PR?DS18B20_CONVERTT?DS18B20
  +--> ?PR?_SYSTICK_CHECKED?TIMER
  +--> ?PR?DS18B20_READ_TEMPERTURE?DS18B20
  +--> ?PR?_LCD_DISPLAYTEMP?MAIN
  +--> ?PR?BUZZER_ISPLAYING?BUZZER

?PR?DS18B20_CONVERTT?DS18B20                -----    -----      -----    -----
  +--> ?PR?ONEWIRE_INIT?ONEWIRE
  +--> ?PR?_ONEWIRE_SENDBYTE?ONEWIRE

?PR?ONEWIRE_INIT?ONEWIRE                    0020H.6  0000H.1    -----    -----
  +--> ?PR?DELAY600US?ONEWIRE
  +--> ?PR?DELAY60US?ONEWIRE

?PR?_ONEWIRE_SENDBYTE?ONEWIRE               -----    -----      -----    -----
  +--> ?PR?_ONEWIRE_SENDBIT?ONEWIRE

?PR?_ONEWIRE_SENDBIT?ONEWIRE                -----    -----      -----    -----
  +--> ?PR?DELAY60US?ONEWIRE

?PR?DS18B20_READ_TEMPERTURE?DS18B20         -----    -----      000EH    0007H
  +--> ?PR?ONEWIRE_INIT?ONEWIRE
  +--> ?PR?_ONEWIRE_SENDBYTE?ONEWIRE
BL51 BANKED LINKER/LOCATER V6.22.4.0                                                  06/16/2026  12:05:58  PAGE 6


  +--> ?PR?ONEWIRE_RECEIVEBYTE?ONEWIRE

?PR?ONEWIRE_RECEIVEBYTE?ONEWIRE             -----    -----      -----    -----
  +--> ?PR?ONEWIRE_RECEIVEBIT?ONEWIRE

?PR?ONEWIRE_RECEIVEBIT?ONEWIRE              -----    -----      -----    -----
  +--> ?PR?DELAY10US?ONEWIRE
  +--> ?PR?DELAY60US?ONEWIRE

?PR?_LCD_DISPLAYTEMP?MAIN                   -----    -----      000EH    0008H
  +--> ?PR?_LCD1602_DISPLAY_CHAR?LCD1602

?PR?MUSIC_SERVICE?MAIN                      -----    -----      -----    -----
  +--> ?PR?LCD1602_CLEAR?LCD1602
  +--> ?CO?MAIN
  +--> ?PR?_LCD1602_DISPLAY?LCD1602
  +--> ?PR?BUZZER_PLAYQINGHUACI?BUZZER
  +--> ?PR?BUZZER_SERVICE?BUZZER
  +--> ?PR?BUZZER_ISPLAYING?BUZZER

?PR?BUZZER_SERVICE?BUZZER                   -----    -----      -----    -----
  +--> ?CO?BUZZER

?PR?CALC_SERVICE?MAIN                       -----    -----      000AH    0001H
  +--> ?PR?LCD1602_CLEAR?LCD1602
  +--> ?CO?MAIN
  +--> ?PR?_LCD1602_DISPLAY?LCD1602
  +--> ?PR?_CALC_IS_DIGIT?MAIN
  +--> ?PR?_CALC_GET_DIGIT?MAIN
  +--> ?PR?_LCD_DISPLAYLONG?MAIN
  +--> ?PR?_LCD1602_DISPLAY_CHAR?LCD1602
  +--> ?PR?_LCD_DISPLAYFIXEDPOINT?MAIN

?PR?_LCD_DISPLAYLONG?MAIN                   -----    -----      000BH    0012H
  +--> ?PR?_LCD1602_DISPLAY_CHAR?LCD1602

?PR?_LCD_DISPLAYFIXEDPOINT?MAIN             -----    -----      000BH    0012H
  +--> ?PR?_LCD1602_DISPLAY_CHAR?LCD1602

?PR?TIME_SERVICE?MAIN                       -----    -----      -----    -----
  +--> ?PR?LCD1602_CLEAR?LCD1602
  +--> ?CO?MAIN
  +--> ?PR?_LCD1602_DISPLAY?LCD1602
  +--> ?PR?_SYSTICK_CHECKED?TIMER
  +--> ?PR?_LCD_DISPLAYNUM2?MAIN

?PR?_LCD_DISPLAYNUM2?MAIN                   -----    -----      000AH    0004H
  +--> ?PR?_LCD1602_DISPLAY_CHAR?LCD1602

?PR?UART_SERVICE?MAIN                       -----    -----      000AH    0001H
  +--> ?PR?LCD1602_CLEAR?LCD1602
  +--> ?CO?MAIN
  +--> ?PR?_LCD1602_DISPLAY?LCD1602
  +--> ?PR?UART_SETMODE?UART
  +--> ?PR?_UART_SENDSTRING?UART
  +--> ?PR?UART_SERVICE?UART
  +--> ?PR?_LCD1602_DISPLAY_CHAR?LCD1602
BL51 BANKED LINKER/LOCATER V6.22.4.0                                                  06/16/2026  12:05:58  PAGE 7



?PR?UART_SETMODE?UART                       0020H.6  0000H.1    -----    -----
  +--> ?PR?UART_INIT?UART

?PR?_UART_SENDSTRING?UART                   -----    -----      000BH    0003H
  +--> ?PR?_UART_SENDBYTE?UART

?PR?UART_SERVICE?UART                       -----    -----      -----    -----
  +--> ?PR?UART_RECEIVEBYTE?UART
  +--> ?PR?_UART_SENDBYTE?UART



SYMBOL TABLE OF MODULE:  .\Objects\terminal (BUZZER)

  VALUE           TYPE          NAME
  ----------------------------------

  -------         MODULE        BUZZER
  C:0000H         SYMBOL        _ICE_DUMMY_
  D:0090H         PUBLIC        P1
  D:00A0H         PUBLIC        P2
  D:00B0H         PUBLIC        P3
  D:00A8H         PUBLIC        IE
  C:1CD2H         PUBLIC        Buzzer_Stop
  D:00B8H         PUBLIC        IP
  D:0098H         PUBLIC        SCON
  I:0062H         SYMBOL        song_index
  D:0088H         PUBLIC        TCON
  B:0020H.5       SYMBOL        is_playing
  C:18F6H         PUBLIC        T1_ISR_Buzzer
  C:1335H         PUBLIC        Buzzer_Service
  C:09AAH         SYMBOL        qinghuaci
  I:0064H         SYMBOL        beat_ms_remain
  B:00A8H.3       PUBLIC        ET1
  D:008DH         PUBLIC        TH1
  D:008BH         PUBLIC        TL1
  C:0948H         SYMBOL        T
  B:0088H.6       PUBLIC        TR1
  C:000EH         PUBLIC        Buzzer_PlayQingHuaCi
  D:00C8H         PUBLIC        T2CON
  I:0066H         SYMBOL        m
  C:1A3CH         PUBLIC        Buzzer_BeatTick
  D:00D0H         PUBLIC        PSW
  C:1CEEH         PUBLIC        Buzzer_IsPlaying
  B:00A0H.5       PUBLIC        Beep
  -------         PROC          T1_ISR_BUZZER
  C:18F6H         LINE#         47
  C:1903H         LINE#         49
  C:1905H         LINE#         50
  C:1917H         LINE#         51
  C:1927H         LINE#         52
  -------         ENDPROC       T1_ISR_BUZZER
  -------         PROC          BUZZER_PLAYQINGHUACI
  C:000EH         LINE#         54
  C:000EH         LINE#         55
  C:000EH         LINE#         56
BL51 BANKED LINKER/LOCATER V6.22.4.0                                                  06/16/2026  12:05:58  PAGE 8


  C:0014H         LINE#         57
  C:0018H         LINE#         58
  C:001AH         LINE#         59
  -------         ENDPROC       BUZZER_PLAYQINGHUACI
  -------         PROC          BUZZER_STOP
  C:1CD2H         LINE#         61
  C:1CD2H         LINE#         62
  C:1CD2H         LINE#         63
  C:1CD4H         LINE#         64
  C:1CD6H         LINE#         65
  C:1CD8H         LINE#         66
  C:1CDAH         LINE#         67
  -------         ENDPROC       BUZZER_STOP
  -------         PROC          BUZZER_ISPLAYING
  C:1CEEH         LINE#         69
  C:1CEEH         LINE#         70
  C:1CEEH         LINE#         71
  C:1CF0H         LINE#         72
  -------         ENDPROC       BUZZER_ISPLAYING
  -------         PROC          BUZZER_BEATTICK
  C:1A3CH         LINE#         78
  C:1A3CH         LINE#         79
  C:1A3CH         LINE#         80
  C:1A4BH         LINE#         81
  C:1A4BH         LINE#         82
  C:1A52H         LINE#         85
  C:1A63H         LINE#         86
  C:1A63H         LINE#         87
  C:1A65H         LINE#         88
  C:1A67H         LINE#         89
  C:1A69H         LINE#         90
  C:1A69H         LINE#         91
  C:1A69H         LINE#         92
  -------         ENDPROC       BUZZER_BEATTICK
  -------         PROC          BUZZER_SERVICE
  -------         DO            
  D:0005H         SYMBOL        note_type
  D:0007H         SYMBOL        duration
  -------         ENDDO         
  C:1335H         LINE#         98
  C:1335H         LINE#         99
  C:1335H         LINE#         103
  C:133BH         LINE#         104
  C:134AH         LINE#         107
  C:1360H         LINE#         108
  C:1376H         LINE#         111
  C:1379H         LINE#         112
  C:1379H         LINE#         113
  C:137FH         LINE#         114
  C:1383H         LINE#         115
  C:138AH         LINE#         117
  C:138AH         LINE#         120
  C:138EH         LINE#         121
  C:139EH         LINE#         124
  C:13A2H         LINE#         125
  C:13A2H         LINE#         126
  C:13A4H         LINE#         127
BL51 BANKED LINKER/LOCATER V6.22.4.0                                                  06/16/2026  12:05:58  PAGE 9


  C:13A6H         LINE#         128
  C:13A8H         LINE#         129
  C:13AAH         LINE#         131
  C:13AAH         LINE#         132
  C:13BCH         LINE#         133
  C:13CCH         LINE#         134
  C:13CEH         LINE#         135
  C:13D0H         LINE#         136
  C:13D0H         LINE#         138
  C:13D8H         LINE#         139
  -------         ENDPROC       BUZZER_SERVICE
  -------         ENDMOD        BUZZER

  -------         MODULE        DS18B20
  C:0000H         SYMBOL        _ICE_DUMMY_
  D:0090H         PUBLIC        P1
  D:00B0H         PUBLIC        P3
  D:00A8H         PUBLIC        IE
  B:00B0H.5       PUBLIC        AD_CS_Isolation
  D:00B8H         PUBLIC        IP
  C:1616H         PUBLIC        ds18B20_read_temperture
  C:1BAFH         PUBLIC        ds18B20_convertT
  D:0098H         PUBLIC        SCON
  D:0088H         PUBLIC        TCON
  D:00C8H         PUBLIC        T2CON
  D:00D0H         PUBLIC        PSW
  -------         PROC          DS18B20_CONVERTT
  C:1BAFH         LINE#         6
  C:1BAFH         LINE#         7
  C:1BAFH         LINE#         9
  C:1BB1H         LINE#         11
  C:1BB6H         LINE#         12
  C:1BB9H         LINE#         13
  C:1BBEH         LINE#         14
  C:1BC3H         LINE#         15
  C:1BC5H         LINE#         16
  -------         ENDPROC       DS18B20_CONVERTT
  -------         PROC          DS18B20_READ_TEMPERTURE
  -------         DO            
  D:000EH         SYMBOL        TLSB
  D:0005H         SYMBOL        TMSB
  D:000FH         SYMBOL        temp
  D:0011H         SYMBOL        temperture
  -------         ENDDO         
  C:1616H         LINE#         18
  C:1616H         LINE#         19
  C:1616H         LINE#         22
  C:161FH         LINE#         24
  C:1621H         LINE#         26
  C:1626H         LINE#         27
  C:1626H         LINE#         28
  C:162BH         LINE#         29
  C:1630H         LINE#         30
  C:1635H         LINE#         31
  C:163AH         LINE#         32
  C:1645H         LINE#         35
  C:164AH         LINE#         36
BL51 BANKED LINKER/LOCATER V6.22.4.0                                                  06/16/2026  12:05:58  PAGE 10


  C:164AH         LINE#         37
  C:165BH         LINE#         38
  C:1664H         LINE#         39
  C:1666H         LINE#         41
  C:1666H         LINE#         42
  C:1680H         LINE#         43
  C:1680H         LINE#         44
  C:1680H         LINE#         45
  C:1688H         LINE#         46
  -------         ENDPROC       DS18B20_READ_TEMPERTURE
  -------         ENDMOD        DS18B20

  -------         MODULE        KEY
  C:0000H         SYMBOL        _ICE_DUMMY_
  D:0090H         PUBLIC        P1
  D:00B0H         PUBLIC        P3
  B:00B0H.0       PUBLIC        key_1_pin
  B:00B0H.1       PUBLIC        key_2_pin
  B:00B0H.2       PUBLIC        key_3_pin
  B:00B0H.3       PUBLIC        key_4_pin
  D:00A8H         PUBLIC        IE
  D:00B8H         PUBLIC        IP
  C:1B37H         PUBLIC        _key_check
  D:0098H         PUBLIC        SCON
  D:0088H         PUBLIC        TCON
  I:0050H         PUBLIC        key_flag
  C:0BEEH         PUBLIC        key_tick
  D:00C8H         PUBLIC        T2CON
  C:19A0H         SYMBOL        _key_getState
  D:00D0H         PUBLIC        PSW
  -------         PROC          _KEY_CHECK
  D:0007H         SYMBOL        key_n
  D:0005H         SYMBOL        flag
  C:1B37H         LINE#         11
  C:1B37H         LINE#         12
  C:1B37H         LINE#         13
  C:1B40H         LINE#         14
  C:1B49H         LINE#         15
  C:1B4CH         LINE#         16
  C:1B4CH         LINE#         17
  C:1B4EH         LINE#         18
  -------         ENDPROC       _KEY_CHECK
  -------         PROC          _KEY_GETSTATE
  D:0006H         SYMBOL        KEY_n
  C:19A0H         LINE#         20
  C:19A2H         LINE#         21
  C:19A2H         LINE#         22
  C:19AEH         LINE#         23
  C:19BAH         LINE#         24
  C:19C6H         LINE#         25
  C:19D2H         LINE#         26
  C:19D4H         LINE#         27
  -------         ENDPROC       _KEY_GETSTATE
  -------         PROC          KEY_TICK
  -------         DO            
  I:003BH         SYMBOL        currState
  I:003FH         SYMBOL        preState
BL51 BANKED LINKER/LOCATER V6.22.4.0                                                  06/16/2026  12:05:58  PAGE 11


  I:0043H         SYMBOL        scan_div
  I:0044H         SYMBOL        state
  I:0048H         SYMBOL        time_dec
  D:0005H         SYMBOL        i
  -------         ENDDO         
  C:0BEEH         LINE#         29
  C:0BEEH         LINE#         30
  C:0BEEH         LINE#         38
  C:0BF0H         LINE#         39
  C:0C0DH         LINE#         40
  C:0C11H         LINE#         42
  C:0C14H         LINE#         43
  C:0C1DH         LINE#         44
  C:0C1DH         LINE#         45
  C:0C1FH         LINE#         46
  C:0C20H         LINE#         47
  C:0C20H         LINE#         48
  C:0C2CH         LINE#         49
  C:0C37H         LINE#         51
  C:0C49H         LINE#         52
  C:0C51H         LINE#         54
  C:0C68H         LINE#         55
  C:0C7FH         LINE#         57
  C:0C91H         LINE#         58
  C:0C91H         LINE#         59
  C:0C91H         LINE#         60
  C:0CABH         LINE#         61
  C:0CADH         LINE#         62
  C:0CADH         LINE#         63
  C:0CBEH         LINE#         64
  C:0CE2H         LINE#         65
  C:0CE4H         LINE#         66
  C:0CE4H         LINE#         67
  C:0CF3H         LINE#         68
  C:0D11H         LINE#         69
  C:0D11H         LINE#         70
  C:0D11H         LINE#         71
  C:0D1AH         LINE#         72
  C:0D1AH         LINE#         73
  -------         ENDPROC       KEY_TICK
  -------         ENDMOD        KEY

  -------         MODULE        KEY_MATRIX
  C:0000H         SYMBOL        _ICE_DUMMY_
  D:0090H         PUBLIC        P1
  D:00B0H         PUBLIC        P3
  C:1B4FH         SYMBOL        key_scan_hardware
  D:00A8H         PUBLIC        IE
  C:0F3CH         PUBLIC        MatrixKey_Tick
  D:00B8H         PUBLIC        IP
  D:0098H         PUBLIC        SCON
  D:0088H         PUBLIC        TCON
  I:0067H         SYMBOL        key_value
  I:0068H         SYMBOL        key_state
  I:0069H         SYMBOL        key_temp
  D:00C8H         PUBLIC        T2CON
  C:1CDBH         PUBLIC        key_get_value
BL51 BANKED LINKER/LOCATER V6.22.4.0                                                  06/16/2026  12:05:58  PAGE 12


  I:006AH         SYMBOL        key_scan_cnt
  D:00D0H         PUBLIC        PSW
  -------         PROC          KEY_SCAN_HARDWARE
  -------         DO            
  D:0006H         SYMBOL        row
  D:0007H         SYMBOL        col
  -------         ENDDO         
  C:1B4FH         LINE#         22
  C:1B4FH         LINE#         23
  C:1B4FH         LINE#         27
  C:1B52H         LINE#         28
  C:1B57H         LINE#         29
  C:1B5DH         LINE#         32
  C:1B60H         LINE#         33
  C:1B64H         LINE#         35
  C:1B66H         LINE#         36
  -------         ENDPROC       KEY_SCAN_HARDWARE
  -------         PROC          MATRIXKEY_TICK
  -------         DO            
  D:0008H         SYMBOL        key_code
  -------         ENDDO         
  C:0F3CH         LINE#         42
  C:0F3CH         LINE#         43
  C:0F3CH         LINE#         46
  C:0F52H         LINE#         47
  C:0F52H         LINE#         48
  C:0F52H         LINE#         49
  C:0F57H         LINE#         50
  C:0F5EH         LINE#         51
  C:0F5EH         LINE#         52
  C:0F61H         LINE#         53
  C:0F64H         LINE#         54
  C:0F68H         LINE#         55
  C:0F68H         LINE#         56
  C:0F69H         LINE#         58
  C:0F69H         LINE#         59
  C:0F6CH         LINE#         60
  C:0F75H         LINE#         61
  C:0F75H         LINE#         62
  C:0F7AH         LINE#         63
  C:0F80H         LINE#         64
  C:0F84H         LINE#         66
  C:0F85H         LINE#         67
  C:0F85H         LINE#         68
  C:0F88H         LINE#         70
  C:0F88H         LINE#         72
  C:0FC2H         LINE#         73
  C:0FC2H         LINE#         74
  C:0FC8H         LINE#         75
  C:0FCEH         LINE#         76
  C:0FD4H         LINE#         77
  C:0FDAH         LINE#         79
  C:0FE0H         LINE#         80
  C:0FE6H         LINE#         81
  C:0FECH         LINE#         82
  C:0FF2H         LINE#         84
  C:0FF8H         LINE#         85
BL51 BANKED LINKER/LOCATER V6.22.4.0                                                  06/16/2026  12:05:58  PAGE 13


  C:0FFEH         LINE#         86
  C:1004H         LINE#         87
  C:100AH         LINE#         89
  C:1010H         LINE#         90
  C:1016H         LINE#         91
  C:101CH         LINE#         92
  C:1020H         LINE#         93
  C:1020H         LINE#         94
  C:1020H         LINE#         95
  C:1024H         LINE#         96
  C:1025H         LINE#         98
  C:1025H         LINE#         99
  C:102AH         LINE#         100
  C:102EH         LINE#         101
  C:102EH         LINE#         102
  C:1031H         LINE#         103
  C:1031H         LINE#         104
  C:1031H         LINE#         105
  C:1031H         LINE#         106
  -------         ENDPROC       MATRIXKEY_TICK
  -------         PROC          KEY_GET_VALUE
  -------         DO            
  D:0007H         SYMBOL        temp
  -------         ENDDO         
  C:1CDBH         LINE#         112
  C:1CDBH         LINE#         113
  C:1CDBH         LINE#         114
  C:1CDFH         LINE#         115
  C:1CE1H         LINE#         116
  C:1CE3H         LINE#         117
  C:1CE3H         LINE#         118
  -------         ENDPROC       KEY_GET_VALUE
  -------         ENDMOD        KEY_MATRIX

  -------         MODULE        LCD1602
  C:0000H         SYMBOL        _ICE_DUMMY_
  D:0080H         PUBLIC        P0
  D:0090H         PUBLIC        P1
  D:00A0H         PUBLIC        P2
  D:00B0H         PUBLIC        P3
  C:1C9BH         PUBLIC        LCD1602_clear
  D:00A8H         PUBLIC        IE
  D:00B8H         PUBLIC        IP
  B:00A0H.6       PUBLIC        LCD1602_RS
  B:00A0H.5       PUBLIC        LCD1602_RW
  C:1C6CH         PUBLIC        _LCD1602_write_data
  D:0098H         PUBLIC        SCON
  C:1AB7H         PUBLIC        LCD1602_init
  D:0088H         PUBLIC        TCON
  C:1BF4H         PUBLIC        _LCD1602_write_cmd
  B:00A0H.7       PUBLIC        LCD1602_E
  C:1AD9H         PUBLIC        _delay_ms
  C:1C1EH         PUBLIC        _LCD1602_Position
  D:00C8H         PUBLIC        T2CON
  C:1A6AH         PUBLIC        _LCD1602_display
  C:1CBEH         PUBLIC        _LCD1602_display_char
  D:00D0H         PUBLIC        PSW
BL51 BANKED LINKER/LOCATER V6.22.4.0                                                  06/16/2026  12:05:58  PAGE 14


  -------         PROC          _DELAY_MS
  D:0006H         SYMBOL        time
  -------         DO            
  D:0004H         SYMBOL        i
  D:0002H         SYMBOL        j
  -------         ENDDO         
  C:1AD9H         LINE#         5
  C:1AD9H         LINE#         6
  C:1AD9H         LINE#         8
  C:1AE3H         LINE#         9
  C:1AF8H         LINE#         10
  -------         ENDPROC       _DELAY_MS
  -------         PROC          _LCD1602_WRITE_CMD
  D:0007H         SYMBOL        cmd
  C:1BF4H         LINE#         16
  C:1BF4H         LINE#         17
  C:1BF4H         LINE#         18
  C:1BF6H         LINE#         19
  C:1BF8H         LINE#         20
  C:1BFAH         LINE#         23
  C:1BFCH         LINE#         24
  C:1BFEH         LINE#         25
  C:1C00H         LINE#         26
  C:1C02H         LINE#         28
  -------         ENDPROC       _LCD1602_WRITE_CMD
  -------         PROC          _LCD1602_WRITE_DATA
  D:0007H         SYMBOL        dat
  C:1C6CH         LINE#         35
  C:1C6CH         LINE#         36
  C:1C6CH         LINE#         37
  C:1C6EH         LINE#         38
  C:1C70H         LINE#         39
  C:1C72H         LINE#         42
  C:1C74H         LINE#         43
  C:1C76H         LINE#         44
  C:1C78H         LINE#         45
  C:1C7AH         LINE#         47
  C:1C7CH         LINE#         48
  -------         ENDPROC       _LCD1602_WRITE_DATA
  -------         PROC          LCD1602_INIT
  C:1AB7H         LINE#         54
  C:1AB7H         LINE#         55
  C:1AB7H         LINE#         56
  C:1ABEH         LINE#         57
  C:1AC3H         LINE#         58
  C:1AC8H         LINE#         59
  C:1ACDH         LINE#         60
  C:1AD2H         LINE#         61
  -------         ENDPROC       LCD1602_INIT
  -------         PROC          LCD1602_CLEAR
  C:1C9BH         LINE#         68
  C:1C9BH         LINE#         69
  C:1C9BH         LINE#         70
  C:1CA0H         LINE#         71
  -------         ENDPROC       LCD1602_CLEAR
  -------         PROC          _LCD1602_POSITION
  D:0007H         SYMBOL        row
BL51 BANKED LINKER/LOCATER V6.22.4.0                                                  06/16/2026  12:05:58  PAGE 15


  D:0005H         SYMBOL        col
  -------         DO            
  D:0001H         SYMBOL        position
  -------         ENDDO         
  C:1C1EH         LINE#         78
  C:1C1EH         LINE#         79
  C:1C1EH         LINE#         81
  C:1C20H         LINE#         82
  C:1C23H         LINE#         83
  C:1C29H         LINE#         85
  C:1C2DH         LINE#         86
  -------         ENDPROC       _LCD1602_POSITION
  -------         PROC          _LCD1602_DISPLAY
  D:0007H         SYMBOL        row
  D:0005H         SYMBOL        col
  D:000EH         SYMBOL        str
  C:1A6AH         LINE#         93
  C:1A70H         LINE#         94
  C:1A70H         LINE#         95
  C:1A73H         LINE#         96
  C:1A7EH         LINE#         97
  C:1A7EH         LINE#         98
  C:1A8FH         LINE#         99
  C:1A91H         LINE#         100
  -------         ENDPROC       _LCD1602_DISPLAY
  -------         PROC          _LCD1602_DISPLAY_CHAR
  D:0007H         SYMBOL        row
  D:0005H         SYMBOL        col
  D:001DH         SYMBOL        ch
  C:1CBEH         LINE#         106
  C:1CC0H         LINE#         107
  C:1CC0H         LINE#         108
  C:1CC3H         LINE#         109
  -------         ENDPROC       _LCD1602_DISPLAY_CHAR
  -------         ENDMOD        LCD1602

  -------         MODULE        MAIN
  C:0000H         SYMBOL        _ICE_DUMMY_
  D:0080H         PUBLIC        P0
  D:0090H         PUBLIC        P1
  D:00A0H         PUBLIC        P2
  D:00B0H         PUBLIC        P3
  B:00A8H.7       PUBLIC        EA
  C:179BH         SYMBOL        time_service
  B:0020H.0       SYMBOL        need_clear
  D:00A8H         PUBLIC        IE
  C:1689H         SYMBOL        temp_service
  C:0D2AH         PUBLIC        _LCD_DisplayFixedPoint
  C:174AH         SYMBOL        uart_service
  D:00B8H         PUBLIC        IP
  I:002AH         SYMBOL        calc_state
  C:1118H         PUBLIC        _LCD_DisplayLong
  C:196AH         PUBLIC        main
  C:0E45H         PUBLIC        _LCD_DisplayTemp
  B:0020H.1       SYMBOL        first_flag
  I:002BH         SYMBOL        pwd_buffer
  C:18BDH         SYMBOL        _calc_get_digit
BL51 BANKED LINKER/LOCATER V6.22.4.0                                                  06/16/2026  12:05:58  PAGE 16


  I:002EH         SYMBOL        system_state
  I:002FH         SYMBOL        second_num
  D:0098H         PUBLIC        SCON
  D:0088H         PUBLIC        TCON
  C:146FH         SYMBOL        pwd_input_service
  I:0033H         SYMBOL        oper
  C:1AF9H         SYMBOL        system_init
  I:0034H         SYMBOL        matrix_key
  C:1936H         SYMBOL        _calc_is_digit
  B:00A8H.3       PUBLIC        ET1
  B:0088H.6       PUBLIC        TR1
  C:19D5H         SYMBOL        bright_service
  B:00B0H.5       PUBLIC        Main_XPT_CS
  I:0035H         SYMBOL        first_num
  C:1032H         SYMBOL        state_machine
  B:0020H.2       SYMBOL        has_dot
  D:00C8H         PUBLIC        T2CON
  C:05BAH         SYMBOL        calc_service
  I:0039H         SYMBOL        dot_cnt
  C:11C3H         SYMBOL        menu_screen_service
  C:187FH         PUBLIC        _LCD_DisplayNum2
  I:003AH         SYMBOL        pwd_idx
  B:00B0H.7       PUBLIC        Main_DS_DQ
  C:1590H         PUBLIC        _LCD_DisplayNum4
  C:17E9H         SYMBOL        music_service
  D:00D0H         PUBLIC        PSW
  B:00A0H.5       PUBLIC        Beep
  -------         PROC          L?0188
  -------         ENDPROC       L?0188
  -------         PROC          _LCD_DISPLAYNUM2
  D:000AH         SYMBOL        row
  D:000BH         SYMBOL        col
  D:000CH         SYMBOL        num
  C:187FH         LINE#         64
  C:1887H         LINE#         65
  C:189DH         LINE#         66
  -------         ENDPROC       _LCD_DISPLAYNUM2
  -------         PROC          _LCD_DISPLAYNUM4
  D:000AH         SYMBOL        row
  D:000BH         SYMBOL        col
  D:000CH         SYMBOL        num
  C:1590H         LINE#         69
  C:1598H         LINE#         70
  C:15AEH         LINE#         71
  C:15D3H         LINE#         72
  C:15F9H         LINE#         73
  -------         ENDPROC       _LCD_DISPLAYNUM4
  -------         PROC          _LCD_DISPLAYTEMP
  D:000EH         SYMBOL        row
  D:000FH         SYMBOL        col
  D:0010H         SYMBOL        temp
  -------         DO            
  D:0014H         SYMBOL        temp_int
  -------         ENDDO         
  C:0E45H         LINE#         76
  C:0E49H         LINE#         78
  C:0E5BH         LINE#         79
BL51 BANKED LINKER/LOCATER V6.22.4.0                                                  06/16/2026  12:05:58  PAGE 17


  C:0E64H         LINE#         80
  C:0E77H         LINE#         81
  C:0E79H         LINE#         82
  C:0E82H         LINE#         83
  C:0E82H         LINE#         84
  C:0E9BH         LINE#         85
  C:0EAFH         LINE#         86
  C:0ED5H         LINE#         87
  C:0EE1H         LINE#         88
  C:0F07H         LINE#         89
  C:0F24H         LINE#         90
  C:0F30H         LINE#         91
  -------         ENDPROC       _LCD_DISPLAYTEMP
  C:0D26H         SYMBOL        L?0183
  -------         PROC          L?0182
  -------         ENDPROC       L?0182
  C:0D26H         SYMBOL        L?0183
  -------         PROC          _LCD_DISPLAYFIXEDPOINT
  D:000BH         SYMBOL        row
  D:000CH         SYMBOL        col
  D:000DH         SYMBOL        num
  -------         DO            
  D:0011H         SYMBOL        buf
  D:001CH         SYMBOL        i
  -------         ENDDO         
  C:0D2AH         LINE#         94
  C:0D2EH         LINE#         96
  C:0D31H         LINE#         97
  C:0D39H         LINE#         98
  C:0D44H         LINE#         99
  C:0D57H         LINE#         100
  C:0D57H         LINE#         101
  C:0D6DH         LINE#         102
  C:0D8CH         LINE#         103
  C:0DABH         LINE#         104
  C:0DC5H         LINE#         105
  C:0DC8H         LINE#         106
  C:0DDBH         LINE#         107
  C:0DFAH         LINE#         108
  C:0E13H         LINE#         109
  C:0E15H         LINE#         110
  C:0E20H         LINE#         111
  C:0E30H         LINE#         112
  C:0E40H         LINE#         113
  C:0E44H         LINE#         114
  -------         ENDPROC       _LCD_DISPLAYFIXEDPOINT
  C:1109H         SYMBOL        L?0181
  -------         PROC          L?0180
  -------         ENDPROC       L?0180
  C:1109H         SYMBOL        L?0181
  -------         PROC          _LCD_DISPLAYLONG
  D:000BH         SYMBOL        row
  D:000CH         SYMBOL        col
  D:000DH         SYMBOL        num
  -------         DO            
  D:0011H         SYMBOL        buf
  D:001CH         SYMBOL        i
BL51 BANKED LINKER/LOCATER V6.22.4.0                                                  06/16/2026  12:05:58  PAGE 18


  -------         ENDDO         
  C:1118H         LINE#         116
  C:111CH         LINE#         118
  C:111FH         LINE#         119
  C:112DH         LINE#         120
  C:1136H         LINE#         122
  C:1136H         LINE#         123
  C:113EH         LINE#         124
  C:1149H         LINE#         125
  C:1154H         LINE#         126
  C:1156H         LINE#         127
  C:1169H         LINE#         128
  C:1188H         LINE#         129
  C:11A1H         LINE#         130
  C:11A3H         LINE#         131
  C:11AEH         LINE#         132
  C:11BEH         LINE#         133
  C:11C2H         LINE#         134
  -------         ENDPROC       _LCD_DISPLAYLONG
  -------         PROC          MAIN
  -------         DO            
  D:0009H         SYMBOL        i
  -------         ENDDO         
  C:196AH         LINE#         152
  C:196AH         LINE#         154
  C:196DH         LINE#         155
  C:1974H         LINE#         156
  C:1976H         LINE#         159
  C:1979H         LINE#         160
  C:1980H         LINE#         161
  C:1987H         LINE#         162
  C:1990H         LINE#         163
  C:1994H         LINE#         165
  C:1994H         LINE#         166
  C:1994H         LINE#         167
  C:199BH         LINE#         168
  C:199EH         LINE#         169
  -------         ENDPROC       MAIN
  -------         PROC          SYSTEM_INIT
  C:1AF9H         LINE#         175
  C:1AF9H         LINE#         176
  C:1AFCH         LINE#         177
  C:1AFFH         LINE#         178
  C:1B01H         LINE#         179
  C:1B03H         LINE#         180
  C:1B05H         LINE#         181
  C:1B08H         LINE#         182
  C:1B0BH         LINE#         183
  C:1B0EH         LINE#         184
  C:1B15H         LINE#         185
  -------         ENDPROC       SYSTEM_INIT
  -------         PROC          STATE_MACHINE
  -------         DO            
  I:0021H         SYMBOL        power_tick
  -------         ENDDO         
  C:1032H         LINE#         191
  C:1032H         LINE#         195
BL51 BANKED LINKER/LOCATER V6.22.4.0                                                  06/16/2026  12:05:58  PAGE 19


  C:1042H         LINE#         196
  C:104CH         LINE#         197
  C:105BH         LINE#         198
  C:1060H         LINE#         199
  C:1062H         LINE#         200
  C:1064H         LINE#         201
  C:1067H         LINE#         202
  C:1069H         LINE#         203
  C:106DH         LINE#         204
  C:106DH         LINE#         205
  C:106FH         LINE#         207
  C:106FH         LINE#         208
  C:106FH         LINE#         211
  C:1077H         LINE#         212
  C:108BH         LINE#         213
  C:108EH         LINE#         214
  C:1090H         LINE#         215
  C:1094H         LINE#         216
  C:1099H         LINE#         218
  C:1099H         LINE#         219
  C:1099H         LINE#         222
  C:10C3H         LINE#         223
  C:10C3H         LINE#         224
  C:10C3H         LINE#         225
  C:10C6H         LINE#         226
  C:10C8H         LINE#         227
  C:10CBH         LINE#         228
  C:10D8H         LINE#         229
  C:10E5H         LINE#         230
  C:10E8H         LINE#         231
  C:10E8H         LINE#         232
  C:10E8H         LINE#         233
  C:10EBH         LINE#         234
  C:10EEH         LINE#         235
  C:10F1H         LINE#         236
  C:10F4H         LINE#         237
  C:10F7H         LINE#         238
  C:10FAH         LINE#         239
  C:10FDH         LINE#         240
  C:1100H         LINE#         241
  C:1106H         LINE#         242
  C:1106H         LINE#         243
  -------         ENDPROC       STATE_MACHINE
  -------         PROC          PWD_INPUT_SERVICE
  C:146FH         LINE#         248
  C:146FH         LINE#         249
  C:1477H         LINE#         250
  C:147AH         LINE#         251
  C:147CH         LINE#         252
  C:1480H         LINE#         253
  C:148DH         LINE#         254
  C:149AH         LINE#         255
  C:149AH         LINE#         256
  C:14A0H         LINE#         257
  C:14ADH         LINE#         258
  C:14B9H         LINE#         259
  C:14C4H         LINE#         260
BL51 BANKED LINKER/LOCATER V6.22.4.0                                                  06/16/2026  12:05:58  PAGE 20


  C:14C7H         LINE#         261
  C:14CCH         LINE#         262
  C:14D3H         LINE#         263
  C:14E3H         LINE#         264
  C:14E6H         LINE#         265
  C:14E9H         LINE#         266
  C:14EBH         LINE#         267
  C:14F8H         LINE#         268
  C:14FFH         LINE#         269
  C:14FFH         LINE#         270
  C:1503H         LINE#         271
  C:1503H         LINE#         272
  C:1503H         LINE#         273
  -------         ENDPROC       PWD_INPUT_SERVICE
  -------         PROC          MENU_SCREEN_SERVICE
  -------         DO            
  I:0023H         SYMBOL        page
  -------         ENDDO         
  C:11C3H         LINE#         276
  C:11C3H         LINE#         279
  C:11CBH         LINE#         282
  C:11CEH         LINE#         283
  C:11D0H         LINE#         284
  C:11DDH         LINE#         285
  C:11EAH         LINE#         286
  C:11F2H         LINE#         287
  C:11FAH         LINE#         288
  C:1209H         LINE#         289
  C:120DH         LINE#         290
  C:120DH         LINE#         291
  C:120DH         LINE#         294
  C:1217H         LINE#         295
  C:121CH         LINE#         296
  C:121EH         LINE#         297
  C:1220H         LINE#         298
  C:1223H         LINE#         299
  C:1223H         LINE#         300
  C:1225H         LINE#         301
  C:1225H         LINE#         304
  C:122FH         LINE#         305
  C:1235H         LINE#         306
  C:1237H         LINE#         307
  C:1239H         LINE#         308
  C:123CH         LINE#         309
  C:123CH         LINE#         310
  C:123EH         LINE#         311
  C:123EH         LINE#         314
  C:1255H         LINE#         315
  C:1255H         LINE#         316
  C:125BH         LINE#         317
  C:1261H         LINE#         318
  C:1267H         LINE#         319
  C:126DH         LINE#         320
  C:1273H         LINE#         321
  C:127BH         LINE#         322
  C:127BH         LINE#         323
  C:127BH         LINE#         324
BL51 BANKED LINKER/LOCATER V6.22.4.0                                                  06/16/2026  12:05:58  PAGE 21


  -------         ENDPROC       MENU_SCREEN_SERVICE
  -------         PROC          BRIGHT_SERVICE
  -------         DO            
  I:0024H         SYMBOL        bright_tick
  -------         ENDDO         
  C:19D5H         LINE#         327
  C:19D5H         LINE#         329
  C:19EAH         LINE#         330
  C:19F9H         LINE#         331
  C:1A09H         LINE#         332
  C:1A09H         LINE#         333
  -------         ENDPROC       BRIGHT_SERVICE
  -------         PROC          TEMP_SERVICE
  -------         DO            
  I:0026H         SYMBOL        temp_tick
  D:000AH         SYMBOL        current_temp
  -------         ENDDO         
  C:1689H         LINE#         336
  C:1689H         LINE#         339
  C:16A1H         LINE#         340
  C:16B0H         LINE#         341
  C:16BBH         LINE#         342
  C:16CAH         LINE#         343
  C:16CDH         LINE#         345
  C:16E1H         LINE#         346
  C:16E5H         LINE#         347
  C:16E7H         LINE#         348
  C:16E8H         LINE#         349
  C:16EFH         LINE#         350
  C:16EFH         LINE#         351
  C:16EFH         LINE#         352
  -------         ENDPROC       TEMP_SERVICE
  -------         PROC          MUSIC_SERVICE
  C:17E9H         LINE#         355
  C:17E9H         LINE#         356
  C:17ECH         LINE#         357
  C:17EEH         LINE#         358
  C:17F1H         LINE#         359
  C:17FEH         LINE#         360
  C:180BH         LINE#         361
  C:180EH         LINE#         362
  C:180EH         LINE#         363
  C:1811H         LINE#         364
  C:1816H         LINE#         365
  C:1819H         LINE#         366
  C:1826H         LINE#         367
  C:1833H         LINE#         368
  C:1833H         LINE#         369
  -------         ENDPROC       MUSIC_SERVICE
  -------         PROC          CALC_SERVICE
  -------         DO            
  D:000AH         SYMBOL        d
  -------         ENDDO         
  C:05BAH         LINE#         372
  C:05BAH         LINE#         374
  C:05BDH         LINE#         375
  C:05BFH         LINE#         376
BL51 BANKED LINKER/LOCATER V6.22.4.0                                                  06/16/2026  12:05:58  PAGE 22


  C:05C2H         LINE#         377
  C:05CFH         LINE#         378
  C:05E5H         LINE#         379
  C:05E8H         LINE#         380
  C:05EDH         LINE#         381
  C:05EDH         LINE#         382
  C:05F5H         LINE#         383
  C:05F8H         LINE#         384
  C:0608H         LINE#         385
  C:060AH         LINE#         386
  C:060EH         LINE#         387
  C:0612H         LINE#         388
  C:0615H         LINE#         390
  C:0615H         LINE#         391
  C:0634H         LINE#         392
  C:0634H         LINE#         393
  C:0634H         LINE#         394
  C:063CH         LINE#         395
  C:063FH         LINE#         396
  C:064CH         LINE#         397
  C:0658H         LINE#         398
  C:065EH         LINE#         399
  C:0661H         LINE#         400
  C:0665H         LINE#         401
  C:0665H         LINE#         402
  C:0666H         LINE#         403
  C:0666H         LINE#         404
  C:066EH         LINE#         405
  C:0673H         LINE#         406
  C:0676H         LINE#         407
  C:06A2H         LINE#         408
  C:06ADH         LINE#         409
  C:06B2H         LINE#         410
  C:06E7H         LINE#         411
  C:06E7H         LINE#         412
  C:06EAH         LINE#         413
  C:06F7H         LINE#         414
  C:06FAH         LINE#         415
  C:0709H         LINE#         416
  C:0709H         LINE#         417
  C:0723H         LINE#         418
  C:0726H         LINE#         419
  C:072EH         LINE#         420
  C:0730H         LINE#         421
  C:0749H         LINE#         422
  C:0749H         LINE#         423
  C:0753H         LINE#         424
  C:075BH         LINE#         425
  C:0763H         LINE#         426
  C:076BH         LINE#         427
  C:0776H         LINE#         428
  C:077CH         LINE#         429
  C:0780H         LINE#         430
  C:0780H         LINE#         431
  C:0781H         LINE#         432
  C:0781H         LINE#         433
  C:0789H         LINE#         434
BL51 BANKED LINKER/LOCATER V6.22.4.0                                                  06/16/2026  12:05:58  PAGE 23


  C:0795H         LINE#         435
  C:07A5H         LINE#         436
  C:07AAH         LINE#         437
  C:07AEH         LINE#         438
  C:07AEH         LINE#         439
  C:07AFH         LINE#         440
  C:07AFH         LINE#         441
  C:07B7H         LINE#         442
  C:07BCH         LINE#         443
  C:07BFH         LINE#         444
  C:07EBH         LINE#         445
  C:07F6H         LINE#         446
  C:07FBH         LINE#         447
  C:0830H         LINE#         448
  C:0830H         LINE#         449
  C:0833H         LINE#         450
  C:0840H         LINE#         451
  C:0854H         LINE#         452
  C:0854H         LINE#         453
  C:085EH         LINE#         454
  C:0861H         LINE#         455
  C:0869H         LINE#         456
  C:086BH         LINE#         457
  C:0884H         LINE#         458
  C:0884H         LINE#         459
  C:0887H         LINE#         460
  C:0894H         LINE#         461
  C:089DH         LINE#         462
  C:08C0H         LINE#         463
  C:08E8H         LINE#         464
  C:0904H         LINE#         465
  C:090BH         LINE#         466
  C:0916H         LINE#         467
  C:092CH         LINE#         468
  C:092EH         LINE#         469
  C:093BH         LINE#         470
  C:093BH         LINE#         471
  C:093BH         LINE#         472
  C:093FH         LINE#         473
  C:093FH         LINE#         474
  C:0940H         LINE#         475
  C:0940H         LINE#         476
  C:0945H         LINE#         477
  C:0947H         LINE#         478
  C:0947H         LINE#         479
  C:0947H         LINE#         480
  C:0947H         LINE#         481
  -------         ENDPROC       CALC_SERVICE
  -------         PROC          TIME_SERVICE
  -------         DO            
  I:0028H         SYMBOL        time_disp_tick
  -------         ENDDO         
  C:179BH         LINE#         484
  C:179BH         LINE#         486
  C:179EH         LINE#         487
  C:17A3H         LINE#         488
  C:17B0H         LINE#         489
BL51 BANKED LINKER/LOCATER V6.22.4.0                                                  06/16/2026  12:05:58  PAGE 24


  C:17BDH         LINE#         490
  C:17BDH         LINE#         491
  C:17CCH         LINE#         492
  C:17D3H         LINE#         493
  C:17DAH         LINE#         494
  C:17E8H         LINE#         495
  C:17E8H         LINE#         496
  -------         ENDPROC       TIME_SERVICE
  -------         PROC          UART_SERVICE
  -------         DO            
  D:000AH         SYMBOL        rx
  -------         ENDDO         
  C:174AH         LINE#         499
  C:174AH         LINE#         501
  C:174DH         LINE#         502
  C:1752H         LINE#         503
  C:175FH         LINE#         504
  C:176CH         LINE#         505
  C:1771H         LINE#         506
  C:177AH         LINE#         507
  C:177AH         LINE#         508
  C:177FH         LINE#         509
  C:1784H         LINE#         510
  C:1791H         LINE#         511
  C:179AH         LINE#         512
  C:179AH         LINE#         513
  -------         ENDPROC       UART_SERVICE
  C:18B9H         SYMBOL        L?0185
  -------         PROC          L?0184
  -------         ENDPROC       L?0184
  C:18B9H         SYMBOL        L?0185
  -------         PROC          _CALC_GET_DIGIT
  D:0007H         SYMBOL        key
  C:18BDH         LINE#         516
  C:18BDH         LINE#         517
  C:18C3H         LINE#         518
  C:18C9H         LINE#         519
  C:18CFH         LINE#         520
  C:18D5H         LINE#         521
  C:18DBH         LINE#         522
  C:18E1H         LINE#         523
  C:18E7H         LINE#         524
  C:18EDH         LINE#         525
  C:18F3H         LINE#         526
  C:18F3H         LINE#         527
  C:18F5H         LINE#         528
  -------         ENDPROC       _CALC_GET_DIGIT
  C:1932H         SYMBOL        L?0187
  -------         PROC          L?0186
  -------         ENDPROC       L?0186
  C:1932H         SYMBOL        L?0187
  -------         PROC          _CALC_IS_DIGIT
  D:0007H         SYMBOL        key
  C:1936H         LINE#         530
  C:1936H         LINE#         531
  C:1969H         LINE#         535
  -------         ENDPROC       _CALC_IS_DIGIT
BL51 BANKED LINKER/LOCATER V6.22.4.0                                                  06/16/2026  12:05:58  PAGE 25


  -------         ENDMOD        MAIN

  -------         MODULE        ONEWIRE
  C:0000H         SYMBOL        _ICE_DUMMY_
  D:0090H         PUBLIC        P1
  C:1C32H         PUBLIC        _oneWire_sendByte
  D:00B0H         PUBLIC        P3
  B:00A8H.7       PUBLIC        EA
  C:1C7DH         SYMBOL        _oneWire_sendBit
  D:00A8H         PUBLIC        IE
  C:1CC8H         SYMBOL        delay600us
  D:00B8H         PUBLIC        IP
  D:0098H         PUBLIC        SCON
  D:0088H         PUBLIC        TCON
  C:1BC6H         PUBLIC        oneWire_receiveByte
  C:1C09H         SYMBOL        oneWire_receiveBit
  B:00B0H.7       PUBLIC        oneWire_DQ
  C:1CE4H         SYMBOL        delay10us
  C:001EH         SYMBOL        delay60us
  D:00C8H         PUBLIC        T2CON
  C:1B67H         PUBLIC        oneWire_init
  D:00D0H         PUBLIC        PSW
  -------         PROC          DELAY600US
  -------         DO            
  D:0007H         SYMBOL        i
  D:0006H         SYMBOL        j
  -------         ENDDO         
  C:1CC8H         LINE#         6
  C:1CC8H         LINE#         7
  C:1CC8H         LINE#         9
  C:1CC9H         LINE#         10
  C:1CCBH         LINE#         11
  C:1CCDH         LINE#         12
  C:1CCDH         LINE#         13
  C:1CCFH         LINE#         14
  C:1CD1H         LINE#         15
  -------         ENDPROC       DELAY600US
  -------         PROC          DELAY60US
  -------         DO            
  D:0007H         SYMBOL        i
  -------         ENDDO         
  C:001EH         LINE#         17
  C:001EH         LINE#         18
  C:001EH         LINE#         20
  C:0020H         LINE#         21
  C:0022H         LINE#         22
  -------         ENDPROC       DELAY60US
  -------         PROC          DELAY10US
  -------         DO            
  D:0007H         SYMBOL        i
  -------         ENDDO         
  C:1CE4H         LINE#         24
  C:1CE4H         LINE#         25
  C:1CE4H         LINE#         27
  C:1CE6H         LINE#         28
  C:1CE8H         LINE#         29
  -------         ENDPROC       DELAY10US
BL51 BANKED LINKER/LOCATER V6.22.4.0                                                  06/16/2026  12:05:58  PAGE 26


  -------         PROC          ONEWIRE_INIT
  -------         DO            
  B:0020H.6       SYMBOL        ack
  -------         ENDDO         
  C:1B67H         LINE#         36
  C:1B67H         LINE#         37
  C:1B67H         LINE#         39
  C:1B69H         LINE#         40
  C:1B6BH         LINE#         41
  C:1B6EH         LINE#         42
  C:1B70H         LINE#         43
  C:1B73H         LINE#         44
  C:1B77H         LINE#         45
  C:1B7AH         LINE#         46
  C:1B7CH         LINE#         47
  C:1B7EH         LINE#         48
  -------         ENDPROC       ONEWIRE_INIT
  -------         PROC          _ONEWIRE_SENDBIT
  D:0007H         SYMBOL        Bit
  C:1C7DH         LINE#         54
  C:1C7DH         LINE#         55
  C:1C7DH         LINE#         56
  C:1C7FH         LINE#         57
  C:1C81H         LINE#         58
  C:1C86H         LINE#         59
  C:1C89H         LINE#         60
  C:1C8BH         LINE#         61
  C:1C8DH         LINE#         62
  -------         ENDPROC       _ONEWIRE_SENDBIT
  -------         PROC          ONEWIRE_RECEIVEBIT
  -------         DO            
  D:0006H         SYMBOL        Bit
  -------         ENDDO         
  C:1C09H         LINE#         68
  C:1C09H         LINE#         69
  C:1C09H         LINE#         71
  C:1C0BH         LINE#         72
  C:1C0DH         LINE#         73
  C:1C0FH         LINE#         74
  C:1C12H         LINE#         75
  C:1C17H         LINE#         76
  C:1C1AH         LINE#         77
  C:1C1CH         LINE#         78
  C:1C1DH         LINE#         79
  -------         ENDPROC       ONEWIRE_RECEIVEBIT
  -------         PROC          _ONEWIRE_SENDBYTE
  D:0006H         SYMBOL        dat
  -------         DO            
  D:0005H         SYMBOL        i
  -------         ENDDO         
  C:1C32H         LINE#         85
  C:1C34H         LINE#         86
  C:1C34H         LINE#         88
  C:1C36H         LINE#         89
  C:1C36H         LINE#         90
  C:1C3DH         LINE#         91
  C:1C41H         LINE#         92
BL51 BANKED LINKER/LOCATER V6.22.4.0                                                  06/16/2026  12:05:58  PAGE 27


  C:1C45H         LINE#         93
  -------         ENDPROC       _ONEWIRE_SENDBYTE
  -------         PROC          ONEWIRE_RECEIVEBYTE
  -------         DO            
  D:0005H         SYMBOL        dat
  D:0004H         SYMBOL        i
  -------         ENDDO         
  C:1BC6H         LINE#         99
  C:1BC6H         LINE#         100
  C:1BC6H         LINE#         101
  C:1BC8H         LINE#         102
  C:1BC9H         LINE#         103
  C:1BC9H         LINE#         104
  C:1BCDH         LINE#         105
  C:1BD3H         LINE#         106
  C:1BD6H         LINE#         107
  C:1BDAH         LINE#         108
  C:1BDCH         LINE#         109
  -------         ENDPROC       ONEWIRE_RECEIVEBYTE
  -------         ENDMOD        ONEWIRE

  -------         MODULE        TIMER
  C:0000H         SYMBOL        _ICE_DUMMY_
  D:0090H         PUBLIC        P1
  D:00A0H         PUBLIC        P2
  D:00B0H         PUBLIC        P3
  B:00A8H.7       PUBLIC        EA
  D:00A8H         PUBLIC        IE
  C:1B18H         PUBLIC        reset_runtime
  I:0054H         SYMBOL        runtime_tick
  D:00B8H         PUBLIC        IP
  C:1A0AH         PUBLIC        _sysTick_checked
  C:1C46H         PUBLIC        T0_init
  C:1C59H         PUBLIC        T1_init
  C:1CE9H         PUBLIC        T2_init
  I:0056H         PUBLIC        runtime_hours
  D:0098H         PUBLIC        SCON
  D:0089H         PUBLIC        TMOD
  D:0088H         PUBLIC        TCON
  B:00A8H.1       PUBLIC        ET0
  B:00A8H.3       PUBLIC        ET1
  B:00A8H.5       PUBLIC        ET2
  D:008CH         PUBLIC        TH0
  D:008DH         PUBLIC        TH1
  D:008AH         PUBLIC        TL0
  D:008BH         PUBLIC        TL1
  C:127CH         PUBLIC        T0_ISR
  B:0088H.4       PUBLIC        TR0
  B:0088H.6       PUBLIC        TR1
  B:00C8H.2       PUBLIC        TR2
  I:0058H         PUBLIC        runtime_seconds
  I:005AH         PUBLIC        runtime_total_seconds
  D:00C8H         PUBLIC        T2CON
  I:005EH         PUBLIC        sysTick
  I:0060H         PUBLIC        runtime_minutes
  C:1CA7H         PUBLIC        get_current_sysTick
  D:00D0H         PUBLIC        PSW
BL51 BANKED LINKER/LOCATER V6.22.4.0                                                  06/16/2026  12:05:58  PAGE 28


  -------         PROC          T0_INIT
  C:1C46H         LINE#         13
  C:1C46H         LINE#         14
  C:1C46H         LINE#         15
  C:1C4EH         LINE#         16
  C:1C54H         LINE#         17
  C:1C58H         LINE#         18
  -------         ENDPROC       T0_INIT
  -------         PROC          T1_INIT
  C:1C59H         LINE#         20
  C:1C59H         LINE#         21
  C:1C59H         LINE#         22
  C:1C61H         LINE#         23
  C:1C67H         LINE#         24
  C:1C6BH         LINE#         25
  -------         ENDPROC       T1_INIT
  -------         PROC          T2_INIT
  C:1CE9H         LINE#         27
  -------         ENDPROC       T2_INIT
  -------         PROC          T0_ISR
  C:127CH         LINE#         29
  C:1299H         LINE#         31
  C:129FH         LINE#         33
  C:12A2H         LINE#         34
  C:12A5H         LINE#         35
  C:12A8H         LINE#         37
  C:12B0H         LINE#         38
  C:12B8H         LINE#         39
  C:12C4H         LINE#         40
  C:12C4H         LINE#         41
  C:12C9H         LINE#         42
  C:12E0H         LINE#         43
  C:12E8H         LINE#         44
  C:12F4H         LINE#         45
  C:1301H         LINE#         46
  C:131AH         LINE#         47
  C:131AH         LINE#         48
  C:131AH         LINE#         49
  -------         ENDPROC       T0_ISR
  -------         PROC          GET_CURRENT_SYSTICK
  -------         DO            
  D:0006H         SYMBOL        t
  -------         ENDDO         
  C:1CA7H         LINE#         51
  C:1CA7H         LINE#         52
  C:1CA7H         LINE#         54
  C:1CB2H         LINE#         55
  C:1CB2H         LINE#         56
  -------         ENDPROC       GET_CURRENT_SYSTICK
  -------         PROC          _SYSTICK_CHECKED
  D:0001H         SYMBOL        last_tick
  D:000EH         SYMBOL        interval_ms
  -------         DO            
  D:0006H         SYMBOL        current
  -------         ENDDO         
  C:1A0AH         LINE#         58
  C:1A0EH         LINE#         59
BL51 BANKED LINKER/LOCATER V6.22.4.0                                                  06/16/2026  12:05:58  PAGE 29


  C:1A0EH         LINE#         60
  C:1A11H         LINE#         61
  C:1A22H         LINE#         62
  C:1A3AH         LINE#         63
  C:1A3BH         LINE#         64
  -------         ENDPROC       _SYSTICK_CHECKED
  -------         PROC          RESET_RUNTIME
  C:1B18H         LINE#         66
  C:1B18H         LINE#         67
  C:1B18H         LINE#         68
  C:1B28H         LINE#         69
  C:1B36H         LINE#         70
  -------         ENDPROC       RESET_RUNTIME
  -------         ENDMOD        TIMER

  -------         MODULE        UART
  C:0000H         SYMBOL        _ICE_DUMMY_
  D:0090H         PUBLIC        P1
  D:00B0H         PUBLIC        P3
  B:00A8H.7       PUBLIC        EA
  C:1BDDH         PUBLIC        UART_ISR
  D:00A8H         PUBLIC        IE
  B:00A8H.4       PUBLIC        ES
  D:00B8H         PUBLIC        IP
  B:0098H.0       PUBLIC        RI
  B:0098H.1       PUBLIC        TI
  C:1A92H         PUBLIC        _UART_SendString
  D:0099H         PUBLIC        SBUF
  C:1B7FH         PUBLIC        UART_Init
  D:0098H         PUBLIC        SCON
  D:0089H         PUBLIC        TMOD
  D:0088H         PUBLIC        TCON
  C:0003H         PUBLIC        _UART_SendByte
  B:0020H.3       SYMBOL        uart_mode
  I:001EH         SYMBOL        rx_buffer
  D:008DH         PUBLIC        TH1
  D:008BH         PUBLIC        TL1
  C:1CB3H         PUBLIC        UART_SetMode
  B:0088H.6       PUBLIC        TR1
  B:0020H.4       SYMBOL        rx_flag
  D:00C8H         PUBLIC        T2CON
  C:1B97H         PUBLIC        UART_Service
  D:00D0H         PUBLIC        PSW
  C:1C8EH         PUBLIC        UART_ReceiveByte
  -------         PROC          UART_INIT
  C:1B7FH         LINE#         13
  C:1B7FH         LINE#         14
  C:1B7FH         LINE#         16
  C:1B82H         LINE#         17
  C:1B8AH         LINE#         18
  C:1B8DH         LINE#         19
  C:1B90H         LINE#         20
  C:1B92H         LINE#         21
  C:1B94H         LINE#         22
  C:1B96H         LINE#         23
  -------         ENDPROC       UART_INIT
  -------         PROC          _UART_SENDBYTE
BL51 BANKED LINKER/LOCATER V6.22.4.0                                                  06/16/2026  12:05:58  PAGE 30


  D:0007H         SYMBOL        dat
  C:0003H         LINE#         29
  C:0003H         LINE#         30
  C:0003H         LINE#         31
  C:0005H         LINE#         32
  C:0008H         LINE#         33
  C:000AH         LINE#         34
  -------         ENDPROC       _UART_SENDBYTE
  -------         PROC          _UART_SENDSTRING
  D:000BH         SYMBOL        str
  C:1A92H         LINE#         40
  C:1A98H         LINE#         41
  C:1A98H         LINE#         42
  C:1AA3H         LINE#         43
  C:1AA3H         LINE#         44
  C:1AB4H         LINE#         45
  C:1AB6H         LINE#         46
  -------         ENDPROC       _UART_SENDSTRING
  -------         PROC          UART_RECEIVEBYTE
  -------         DO            
  D:0007H         SYMBOL        dat
  -------         ENDDO         
  C:1C8EH         LINE#         53
  C:1C8EH         LINE#         54
  C:1C8EH         LINE#         56
  C:1C91H         LINE#         57
  C:1C91H         LINE#         58
  C:1C95H         LINE#         59
  C:1C97H         LINE#         60
  C:1C98H         LINE#         61
  C:1C98H         LINE#         62
  C:1C9AH         LINE#         63
  -------         ENDPROC       UART_RECEIVEBYTE
  -------         PROC          UART_ISR
  C:1BDDH         LINE#         69
  C:1BE4H         LINE#         71
  C:1BE7H         LINE#         72
  C:1BE7H         LINE#         73
  C:1BE9H         LINE#         74
  C:1BEDH         LINE#         75
  C:1BEFH         LINE#         76
  C:1BEFH         LINE#         77
  -------         ENDPROC       UART_ISR
  -------         PROC          UART_SETMODE
  B:0020H.6       SYMBOL        enter
  C:1CB3H         LINE#         83
  C:1CB3H         LINE#         84
  C:1CB3H         LINE#         85
  C:1CB7H         LINE#         86
  C:1CBAH         LINE#         87
  C:1CBAH         LINE#         88
  C:1CBDH         LINE#         89
  C:1CBDH         LINE#         90
  -------         ENDPROC       UART_SETMODE
  -------         PROC          UART_SERVICE
  -------         DO            
  D:0006H         SYMBOL        rx_data
BL51 BANKED LINKER/LOCATER V6.22.4.0                                                  06/16/2026  12:05:58  PAGE 31


  -------         ENDDO         
  C:1B97H         LINE#         98
  C:1B97H         LINE#         99
  C:1B97H         LINE#         101
  C:1B9DH         LINE#         103
  C:1BA2H         LINE#         104
  C:1BA6H         LINE#         105
  C:1BA6H         LINE#         106
  C:1BACH         LINE#         107
  C:1BACH         LINE#         108
  C:1BAEH         LINE#         109
  -------         ENDPROC       UART_SERVICE
  -------         ENDMOD        UART

  -------         MODULE        XPT2046
  C:0000H         SYMBOL        _ICE_DUMMY_
  D:0090H         PUBLIC        P1
  D:00B0H         PUBLIC        P3
  B:00B0H.6       PUBLIC        ADC_CLK
  B:00B0H.7       PUBLIC        ADC_DIO
  D:00A8H         PUBLIC        IE
  D:00B8H         PUBLIC        IP
  B:00B0H.7       PUBLIC        DQ_Isolation
  D:0098H         PUBLIC        SCON
  D:0088H         PUBLIC        TCON
  B:00B0H.5       PUBLIC        ADC_CS
  C:16F0H         PUBLIC        _Read_AD_Data
  D:00C8H         PUBLIC        T2CON
  D:00D0H         PUBLIC        PSW
  -------         PROC          _READ_AD_DATA
  D:000AH         SYMBOL        cmd
  -------         DO            
  D:0005H         SYMBOL        i
  D:0007H         SYMBOL        dat_odd
  D:0006H         SYMBOL        dat_even
  -------         ENDDO         
  C:16F0H         LINE#         16
  C:16F2H         LINE#         17
  C:16F2H         LINE#         19
  C:16F4H         LINE#         20
  C:16F5H         LINE#         23
  C:16F5H         LINE#         26
  C:16F7H         LINE#         28
  C:16F9H         LINE#         29
  C:16FBH         LINE#         30
  C:16FDH         LINE#         34
  C:1702H         LINE#         37
  C:1704H         LINE#         38
  C:1709H         LINE#         41
  C:170BH         LINE#         42
  C:170DH         LINE#         43
  C:170EH         LINE#         44
  C:1710H         LINE#         47
  C:1712H         LINE#         50
  C:1713H         LINE#         51
  C:1713H         LINE#         52
  C:1718H         LINE#         53
BL51 BANKED LINKER/LOCATER V6.22.4.0                                                  06/16/2026  12:05:58  PAGE 32


  C:171CH         LINE#         54
  C:1722H         LINE#         55
  C:1726H         LINE#         58
  C:1728H         LINE#         59
  C:1728H         LINE#         60
  C:172CH         LINE#         61
  C:1732H         LINE#         62
  C:1737H         LINE#         63
  C:173BH         LINE#         65
  C:173DH         LINE#         66
  C:173FH         LINE#         69
  C:1743H         LINE#         70
  C:1743H         LINE#         71
  C:1746H         LINE#         72
  C:1746H         LINE#         73
  C:1749H         LINE#         74
  -------         ENDPROC       _READ_AD_DATA
  -------         ENDMOD        XPT2046

  -------         MODULE        ?C?FPMUL
  C:0026H         PUBLIC        ?C?FPMUL
  -------         ENDMOD        ?C?FPMUL

  -------         MODULE        ?C?FPDIV
  C:012FH         PUBLIC        ?C?FPDIV
  -------         ENDMOD        ?C?FPDIV

  -------         MODULE        ?C?FPCMP
  C:01CEH         PUBLIC        ?C?FPCMP
  C:01CCH         PUBLIC        ?C?FPCMP3
  -------         ENDMOD        ?C?FPCMP

  -------         MODULE        ?C?FPNEG
  C:0245H         PUBLIC        ?C?FPNEG
  -------         ENDMOD        ?C?FPNEG

  -------         MODULE        ?C?FCAST
  C:0260H         PUBLIC        ?C?FCASTC
  C:025BH         PUBLIC        ?C?FCASTI
  C:0256H         PUBLIC        ?C?FCASTL
  -------         ENDMOD        ?C?FCAST

  -------         MODULE        ?C?CASTF
  C:0294H         PUBLIC        ?C?CASTF
  -------         ENDMOD        ?C?CASTF

  -------         MODULE        ?C?CLDPTR
  C:0315H         PUBLIC        ?C?CLDPTR
  -------         ENDMOD        ?C?CLDPTR

  -------         MODULE        ?C?IMUL
  C:032EH         PUBLIC        ?C?IMUL
  -------         ENDMOD        ?C?IMUL

  -------         MODULE        ?C?UIDIV
  C:0340H         PUBLIC        ?C?UIDIV
  -------         ENDMOD        ?C?UIDIV
BL51 BANKED LINKER/LOCATER V6.22.4.0                                                  06/16/2026  12:05:58  PAGE 33



  -------         MODULE        ?C?SIDIV
  C:0395H         PUBLIC        ?C?SIDIV
  -------         ENDMOD        ?C?SIDIV

  -------         MODULE        ?C?ILDPTR
  C:03CBH         PUBLIC        ?C?ILDPTR
  -------         ENDMOD        ?C?ILDPTR

  -------         MODULE        ?C?ISTPTR
  C:03F6H         PUBLIC        ?C?ISTPTR
  -------         ENDMOD        ?C?ISTPTR

  -------         MODULE        ?C?LMUL
  C:0415H         PUBLIC        ?C?LMUL
  -------         ENDMOD        ?C?LMUL

  -------         MODULE        ?C?SLDIV
  C:1834H         PUBLIC        ?C?SLDIV
  -------         ENDMOD        ?C?SLDIV

  -------         MODULE        ?C?LNEG
  C:0464H         PUBLIC        ?C?LNEG
  -------         ENDMOD        ?C?LNEG

  -------         MODULE        ?C?SLCMP
  C:0472H         PUBLIC        ?C?SLCMP
  -------         ENDMOD        ?C?SLCMP

  -------         MODULE        ?C?LLDIDATA
  C:0488H         PUBLIC        ?C?LLDIDATA
  -------         ENDMOD        ?C?LLDIDATA

  -------         MODULE        ?C?LLDIDATA0
  C:0494H         PUBLIC        ?C?LLDIDATA0
  -------         ENDMOD        ?C?LLDIDATA0

  -------         MODULE        ?C?LSTIDATA
  C:04A1H         PUBLIC        ?C?LSTIDATA
  -------         ENDMOD        ?C?LSTIDATA

  -------         MODULE        ?C?LSTKIDATA
  C:04ADH         PUBLIC        ?C?LSTKIDATA
  -------         ENDMOD        ?C?LSTKIDATA

  -------         MODULE        ?C?CCASE
  C:04C6H         PUBLIC        ?C?CCASE
  -------         ENDMOD        ?C?CCASE

  -------         MODULE        ?C?ULDIV
  C:0528H         PUBLIC        ?C?ULDIV
  -------         ENDMOD        ?C?ULDIV

Program Size: data=106.7 xdata=0 code=7409
LINK/LOCATE RUN COMPLETE.  0 WARNING(S),  0 ERROR(S)
