C51 COMPILER V9.60.7.0   TIMER                                                             06/06/2026 16:03:52 PAGE 1   


C51 COMPILER V9.60.7.0, COMPILATION OF MODULE TIMER
OBJECT MODULE PLACED IN .\Objects\timer.obj
COMPILER INVOKED BY: D:\A_microcontroller\C51\BIN\C51.EXE timer.c OPTIMIZE(8,SPEED) BROWSE DEBUG OBJECTEXTEND PRINT(.\Li
                    -stings\timer.lst) TABS(2) OBJECT(.\Objects\timer.obj)

line level    source

   1          #include "timer.h"
   2          #include "key.h"
   3          #include "key_matrix.h"
   4          #include "buzzer.h"
   5          
   6          u16 idata sysTick = 0;
   7          u16 idata runtime_hours = 0;
   8          u16 idata runtime_minutes = 0;
   9          u16 idata runtime_seconds = 0;
  10          u32 idata runtime_total_seconds = 0;
  11          static u16 idata runtime_tick = 0;
  12          
  13          void T0_init(void)
  14          {
  15   1          TMOD = (TMOD & 0xF0) | 0x01; // T0 16位定时模式
  16   1          TH0 = 0xFC; TL0 = 0x66;      // 1ms 定时基准初值
  17   1          ET0 = 1; TR0 = 1;
  18   1      }
  19          
  20          void T1_init(void)
  21          {
  22   1          TMOD = (TMOD & 0x0F) | 0x10; // T1 16位定时模式
  23   1          TH1 = 0xFC; TL1 = 0x66;
  24   1          ET1 = 0; TR1 = 0;
  25   1      }
  26          
  27          void T2_init(void) { ET2 = 0; TR2 = 0; } // 弃用并关锁 T2，防止总线死锁
  28          
  29          void T0_ISR(void) interrupt 1
  30          {
  31   1          TH0 = 0xFC; TL0 = 0x66; // 硬件级重装载
  32   1      
  33   1          MatrixKey_Tick(); // 1ms 矩阵扫描
  34   1          key_tick();       // 1ms 独立键扫描
  35   1          Buzzer_BeatTick(); // 1ms 音乐节拍倒计时
  36   1      
  37   1          sysTick++;
  38   1          runtime_tick++;
  39   1          if (runtime_tick >= 1000)
  40   1          {
  41   2              runtime_tick = 0;
  42   2              runtime_total_seconds++;
  43   2              runtime_seconds++;
  44   2              if (runtime_seconds >= 60) {
  45   3                  runtime_seconds = 0; runtime_minutes++;
  46   3                  if (runtime_minutes >= 60) { runtime_minutes = 0; runtime_hours++; }
  47   3              }
  48   2          }
  49   1      }
  50          
  51          u16 get_current_sysTick(void)
  52          {
  53   1          u16 t;
  54   1          EA = 0; t = sysTick; EA = 1;
C51 COMPILER V9.60.7.0   TIMER                                                             06/06/2026 16:03:52 PAGE 2   

  55   1          return t;
  56   1      }
  57          
  58          bit sysTick_checked(u16 *last_tick, u16 interval_ms)
  59          {
  60   1          u16 current = get_current_sysTick();
  61   1          if (*last_tick == 0) { *last_tick = current; return 0; }
  62   1          if (current - *last_tick >= interval_ms) { *last_tick = current; return 1; }
  63   1          return 0;
  64   1      }
  65          
  66          void reset_runtime(void)
  67          {
  68   1          runtime_hours = 0; runtime_minutes = 0; runtime_seconds = 0;
  69   1          runtime_total_seconds = 0; runtime_tick = 0;
  70   1      }


MODULE INFORMATION:   STATIC OVERLAYABLE
   CODE SIZE        =    321    ----
   CONSTANT SIZE    =   ----    ----
   XDATA SIZE       =   ----    ----
   PDATA SIZE       =   ----    ----
   DATA SIZE        =   ----       2
   IDATA SIZE       =     14    ----
   BIT SIZE         =   ----    ----
END OF MODULE INFORMATION.


C51 COMPILATION COMPLETE.  0 WARNING(S),  0 ERROR(S)
